12-03 09:04:50.010 D/PowerManagerService( 2123): nativeAcquireSuspendBlocker name:PowerManagerService.WakeLocks duration ms: 3
12-03 09:04:50.025 D/PowerManagerService( 2123): nativeReleaseSuspendBlocker name:PowerManagerService.WakeLocks duration ms: 0
12-03 09:04:50.026 D/PowerManagerService( 2123): nativeAcquireSuspendBlocker name:PowerManagerService.WakeLocks duration ms: 1
12-03 09:04:50.035 D/PowerManagerService( 2123): nativeReleaseSuspendBlocker name:PowerManagerService.WakeLocks duration ms: 1
12-03 09:04:50.039 D/PowerManagerService( 2123): nativeAcquireSuspendBlocker name:PowerManagerService.WakeLocks duration ms: 0
12-03 09:04:50.047 D/PowerManagerService( 2123): nativeReleaseSuspendBlocker name:PowerManagerService.WakeLocks duration ms: 0
12-03 09:04:50.123 V/UiModeManager( 2123): updateLocked: null action, mDockState=0, category=null
12-03 09:04:50.124 D/UiModeManager( 2123): updateConfigurationLocked: mDockState=0; mCarMode=false; mNightMode=2; mNightModeCustomType=-1; uiMode=33
12-03 09:04:50.166 W/AccessibilityWindowsPopulator( 2123): The displayInfo of this displayId (1) called back from the surface fligner is null
12-03 09:04:50.431 D/PowerManagerService( 2123): nativeAcquireSuspendBlocker name:PowerManagerService.WakeLocks duration ms: 1
12-03 09:04:50.443 D/PowerManagerService( 2123): nativeReleaseSuspendBlocker name:PowerManagerService.WakeLocks duration ms: 0
12-03 09:04:50.445 D/PowerManagerService( 2123): nativeAcquireSuspendBlocker name:PowerManagerService.WakeLocks duration ms: 0
12-03 09:04:50.450 D/PowerManagerService( 2123): nativeReleaseSuspendBlocker name:PowerManagerService.WakeLocks duration ms: 0
12-03 09:04:50.452 D/PowerManagerService( 2123): nativeAcquireSuspendBlocker name:PowerManagerService.WakeLocks duration ms: 1
12-03 09:04:50.460 D/PowerManagerService( 2123): nativeReleaseSuspendBlocker name:PowerManagerService.WakeLocks duration ms: 0
12-03 09:04:50.910 E/ClipboardService( 2123): Denying clipboard access to com.google.android.googlequicksearchbox, application is not in focus nor is it a system service for user 0
12-03 09:04:50.911 E/ClipboardService( 2123): Denying clipboard access to com.motorola.uxcore, application is not in focus nor is it a system service for user 0
12-03 09:04:50.911 E/ClipboardService( 2123): Denying clipboard access to com.google.android.gms, application is not in focus nor is it a system service for user 0
12-03 09:04:50.916 D/CoreBackPreview( 2123): Window{5e2e098 u0 PopupWindow:b3636bb}: Setting back callback null
12-03 09:04:50.920 D/PowerManagerService( 2123): nativeSetPowerMode ret:true mode:5 enabled:false duration ms: 0
12-03 09:04:51.001 D/PowerManagerService( 2123): nativeAcquireSuspendBlocker name:PowerManagerService.WakeLocks duration ms: 0
12-03 09:04:51.005 D/PowerManagerService( 2123): nativeReleaseSuspendBlocker name:PowerManagerService.WakeLocks duration ms: 0
12-03 09:04:51.020 E/ClipboardService( 2123): Denying clipboard access to com.google.android.googlequicksearchbox, application is not in focus nor is it a system service for user 0
12-03 09:04:51.026 E/ClipboardService( 2123): Denying clipboard access to com.motorola.uxcore, application is not in focus nor is it a system service for user 0
12-03 09:04:51.028 E/ClipboardService( 2123): Denying clipboard access to com.google.android.gms, application is not in focus nor is it a system service for user 0
12-03 09:04:51.145 D/CoreBackPreview( 2123): Window{f1464fd u0 ToastWithoutNotification}: Setting back callback OnBackInvokedCallbackInfo{mCallback=android.window.IOnBackInvokedCallback$Stub$Proxy@e3262ec, mPriority=0, mIsAnimationCallback=false}
12-03 09:04:51.160 D/PowerManagerService( 2123): nativeAcquireSuspendBlocker name:PowerManagerService.WakeLocks duration ms: 0
12-03 09:04:51.298 D/RichTapVibratorService( 2123): none richtap effect, do nothing!!
12-03 09:04:51.298 D/RichTapVibrationHelper( 2123): Not do stop!!
12-03 09:04:51.299 D/RichTapVibratorService( 2123): perform richtap vibrator
12-03 09:04:51.301 D/RichTapVibratorService( 2123): aac richtap perform timeout:20
12-03 09:04:51.387 I/DreamManagerService( 2123): awaken by com.android.systemui callingUid=10429 callingPid=2655
12-03 09:04:51.387 V/PowerManager( 2123): userActivity when=744630278 event=0 flags=0 displayId=0 by (android) callers=android.os.PowerManager.userActivity:1487 com.android.server.dreams.DreamManagerService.requestAwakenInternal:496 com.android.server.dreams.DreamManagerService.-$$Nest$mrequestAwakenInternal:0 
12-03 09:04:51.390 I/WindowManager( 2123): awakenDreams callers=com.android.server.policy.PhoneWindowManager.startDockOrHome:9162 com.android.server.policy.PhoneWindowManager.startDockOrHome:9196 com.android.server.policy.PhoneWindowManager.launchHomeFromHotKey:6039 com.android.server.policy.PhoneWindowManager.launchHomeFromHotKey:5991 com.android.server.policy.PhoneWindowManager.handleShortPressOnHome:2625 
12-03 09:04:51.391 I/DreamManagerService( 2123): awaken by com.android.providers.settings callingUid=1000 callingPid=2123
12-03 09:04:51.391 V/PowerManager( 2123): userActivity when=744630282 event=0 flags=0 displayId=0 by (android) callers=android.os.PowerManager.userActivity:1487 com.android.server.dreams.DreamManagerService.requestAwakenInternal:496 com.android.server.dreams.DreamManagerService.-$$Nest$mrequestAwakenInternal:0 
12-03 09:04:51.395 W/ActivityTaskManager( 2123): callingPackage for (uid=-1, pid=0) has no WPC
12-03 09:04:51.396 D/ActivityTaskManager( 2123): getPreferredLaunchDisplay userset_displayid true user set display id 0, current focus display 0
12-03 09:04:51.396 W/ActivityStartInterceptor( 2123): Starting home with component specified, uid=0
12-03 09:04:51.396 I/SettingsAccessControlPolicy( 2123): isDeviceSettingsChangeDisabled: value -> false
12-03 09:04:51.398 W/OptProp ( 2123): Cannot read opt property android.window.PROPERTY_COMPAT_ALLOW_ORIENTATION_OVERRIDE
12-03 09:04:51.399 W/OptProp ( 2123): Cannot read opt property android.window.PROPERTY_COMPAT_ALLOW_RESIZEABLE_ACTIVITY_OVERRIDES
12-03 09:04:51.399 W/OptProp ( 2123): Cannot read opt property android.window.PROPERTY_COMPAT_ALLOW_MIN_ASPECT_RATIO_OVERRIDE
12-03 09:04:51.400 D/ActivityTaskManager( 2123): getPreferredLaunchDisplay userset_displayid true user set display id 0, current focus display 0
12-03 09:04:51.401 D/ActivityTaskManager( 2123): getPreferredLaunchDisplay userset_displayid true user set display id 0, current focus display 0
12-03 09:04:51.401 D/ActivityTaskManager( 2123): getPreferredLaunchDisplay userset_displayid true user set display id 0, current focus display 0
12-03 09:04:51.401 D/ActivityTaskManager( 2123): getPreferredLaunchDisplay userset_displayid true user set display id 0, current focus display 0
12-03 09:04:51.401 D/ActivityTaskManager( 2123): getPreferredLaunchDisplay userset_displayid true user set display id 0, current focus display 0
12-03 09:04:51.401 D/ActivityTaskManager( 2123): getPreferredLaunchDisplay userset_displayid true user set display id 0, current focus display 0
12-03 09:04:51.401 D/PowerManagerService( 2123): nativeSetPowerMode ret:true mode:5 enabled:true duration ms: 1
12-03 09:04:51.406 D/ShortcutService( 2123): rescanPackageIfNeeded 0@com.instagram.android, forceRescan=false , isNewApp=false
12-03 09:04:51.407 I/ActivityTaskManager( 2123): START u0 {act=android.intent.action.MAIN cat=[android.intent.category.HOME] flg=0x10000100 cmp=com.motorola.launcher3/com.android.launcher3.CustomizationPanelLauncher (has extras)} with LAUNCH_SINGLE_TASK from uid 0 (startHomeActivity: startDockOrHome:0:0:0) (BAL_ALLOW_ALLOWLISTED_UID) result code=2
12-03 09:04:51.407 V/WindowManagerShell( 2655): Transition requested (#34519): android.os.BinderProxy@22f1945 TransitionRequestInfo { type = OPEN, triggerTask = TaskInfo{userId=0 taskId=86437 displayId=0 isRunning=true baseIntent=Intent { act=android.intent.action.MAIN cat=[android.intent.category.HOME] flg=0x10000100 cmp=com.motorola.launcher3/com.android.launcher3.CustomizationPanelLauncher } baseActivity=ComponentInfo{com.motorola.launcher3/com.android.launcher3.uioverrides.QuickstepLauncher} topActivity=ComponentInfo{com.motorola.launcher3/com.android.launcher3.uioverrides.QuickstepLauncher} origActivity=ComponentInfo{com.motorola.launcher3/com.android.launcher3.CustomizationPanelLauncher} realActivity=ComponentInfo{com.motorola.launcher3/com.android.launcher3.uioverrides.QuickstepLauncher} numActivities=1 lastActiveTime=940819756 supportsMultiWindow=true supportsGlobalFreeform=true resizeMode=2 isResizeable=true isAppLocked=false isShowDecorCaptionWindowRequest=false canKillAndRestart=false minWidth=-1 minHeight=-1 defaultMinSize=200 token=WCT{android.window.IWindowContainerToken$Stub$Proxy@81ef89a} topActivityType=2 pictureInPictureParams=null shouldDockBigOverlays=false launchIntoPipHostTaskId=-1 lastParentTaskIdBeforePip=-1 displayCutoutSafeInsets=null topActivityInfo=ActivityInfo{60af5cb com.android.launcher3.CustomizationPanelLauncher} launchCookies=[] positionInParent=Point(0, 0) parentTaskId=-1 isFocused=true isVisible=false isVisibleRequested=true isSleeping=false locusId=LocusId[17_chars] displayAreaFeatureId=1 isTopActivityTransparent=false appCompatTaskInfo=AppCompatTaskInfo { topActivityInSizeCompat=false topActivityEligibleForLetterboxEducation= falseisLetterboxEducationEnabled= false isLetterboxDoubleTapEnabled= false topActivityEligibleForUserAspectRatioButton= false topActivityBoundsLetterboxed= false isFromLetterboxDoubleTap= false topActivityLetterboxVerticalPosition= -1 topActivityLetterboxHorizontalPosition= -1 topActivityLetterboxWidth=1080 topActivityLetterboxHeight=2640 isUserFullscreenOverrideEnabled=false isSystemFullscreenOverrideEnabled=false cameraCompatTaskInfo=CameraCompatTaskInfo { cameraCompatControlState=hidden freeformCameraCompatMode=inactive}}}, pipTask = null, remoteTransition = null, displayChange = null, flags = 0, debugId = 34519 }
12-03 09:04:51.411 W/MotoBatteryCareService( 2123): uid: 10398 pkgName:com.motorola.launcher3 come to foreground
12-03 09:04:51.425 D/WindowManagerShell( 2655): onActivityRestartAttempt: ComponentInfo{com.motorola.launcher3/com.android.launcher3.uioverrides.QuickstepLauncher}
12-03 09:04:51.444 W/NotificationHistory( 2123): Attempted to remove conversation for locked/gone/disabled user 0
12-03 09:04:51.455 D/ShortcutService( 2123): rescanPackageIfNeeded 0@com.instagram.android, forceRescan=false , isNewApp=false
12-03 09:04:51.457 D/ShortcutService( 2123): rescanPackageIfNeeded 0@com.instagram.android, forceRescan=false , isNewApp=false
12-03 09:04:51.460 I/DisplayDeviceRepository( 2123): Display device changed render timings: "Built-in Screen", renderFrameRate=120.00001, presentationDeadlineNanos=13300000, appVsyncOffsetNanos=1099999
12-03 09:04:51.461 D/ShortcutService( 2123): rescanPackageIfNeeded 0@com.instagram.android, forceRescan=false , isNewApp=false
12-03 09:04:51.462 D/BrightnessThermalClamper( 2123): Thermal status observer already started
12-03 09:04:51.463 D/CLI/Transition( 2123): displaygroup 0, state ON, pendingdisplaygroup {}
12-03 09:04:51.463 D/ShortcutService( 2123): rescanPackageIfNeeded 0@com.instagram.android, forceRescan=false , isNewApp=false
12-03 09:04:51.463 D/DisplayManagerService( 2123): Ignore redundant display event 0/2 to 10349/8695
12-03 09:04:51.463 D/DisplayManagerService( 2123): Ignore redundant display event 0/2 to 10480/16554
12-03 09:04:51.468 D/ShortcutService( 2123): rescanPackageIfNeeded 0@com.instagram.android, forceRescan=false , isNewApp=false
12-03 09:04:51.479 D/WindowManagerShell( 2655): setLauncherKeepClearAreaHeight: visible=true, height=212
12-03 09:04:51.531 D/ShortcutService( 2123): rescanPackageIfNeeded 0@com.instagram.android, forceRescan=false , isNewApp=false
12-03 09:04:51.536 D/ShortcutService( 2123): rescanPackageIfNeeded 0@com.instagram.android, forceRescan=false , isNewApp=false
12-03 09:04:51.560 W/AccessibilityWindowsPopulator( 2123): The displayInfo of this displayId (1) called back from the surface fligner is null
12-03 09:04:51.573 V/WindowManagerShell( 2655): onTransitionReady(transaction=9118217925458)
12-03 09:04:51.573 V/WindowManagerShell( 2655): onTransitionReady (#34519) android.os.BinderProxy@22f1945: {id=34519 t=OPEN f=0x0 trk=0 r=[0@Point(0, 0)] c=[{WCT{android.window.IWindowContainerToken$Stub$Proxy@69c00f2} m=TO_FRONT f=SHOW_WALLPAPER|MOVE_TO_TOP pTaskId=-1 leash=Surface(name=Task=1)/@0xd640466 sb=Rect(0, 0 - 1080, 2640) eb=Rect(0, 0 - 1080, 2640) d=0 taskParent=-1},{WCT{android.window.IWindowContainerToken$Stub$Proxy@5e25343} m=TO_BACK f=NONE pTaskId=-1 leash=Surface(name=Task=89542)/@0x9d123a7 sb=Rect(0, 0 - 1080, 2640) eb=Rect(0, 0 - 1080, 2640) d=0 taskParent=-1},{null m=TO_FRONT f=IS_WALLPAPER leash=Surface(name=WallpaperWindowToken{ade28c6 token=android.os.Binder@6e9ec8e})/@0x1134054 sb=Rect(0, 0 - 1080, 2640) eb=Rect(0, 0 - 1080, 2640) d=0}]}
12-03 09:04:51.574 V/WindowManagerShell( 2655): Playing animation for (#34519) android.os.BinderProxy@22f1945@0
12-03 09:04:51.575 V/WindowManagerShell( 2655):  try handler com.android.wm.shell.taskview.TaskViewTransitions@fd8c5c
12-03 09:04:51.575 V/WindowManagerShell( 2655):  try handler com.android.wm.shell.transition.DefaultMixedHandler@f5edfb8
12-03 09:04:51.575 V/WindowManagerShell( 2655):  try handler com.android.wm.shell.keyguard.KeyguardTransitionHandler@3df8191
12-03 09:04:51.575 V/WindowManagerShell( 2655):  try handler com.android.wm.shell.pip.PipTransition@d8e855e
12-03 09:04:51.575 V/WindowManagerShell( 2655):  try handler com.android.wm.shell.activityembedding.ActivityEmbeddingController@7059d3f
12-03 09:04:51.575 V/WindowManagerShell( 2655):  try handler com.android.wm.shell.recents.RecentsTransitionHandler@107560c
12-03 09:04:51.575 V/ShellRecents( 2655): RecentsTransitionHandler.startAnimation: no controller found
12-03 09:04:51.575 V/WindowManagerShell( 2655):  try handler com.android.wm.shell.splitscreen.StageCoordinator@59f7b55
12-03 09:04:51.575 V/WindowManagerShell( 2655):  try handler com.android.wm.shell.transition.RemoteTransitionHandler@539996a
12-03 09:04:51.576 V/WindowManagerShell( 2655): Transition doesn't have explicit remote, search filters for match for {id=34519 t=OPEN f=0x0 trk=0 r=[0@Point(0, 0)] c=[{WCT{android.window.IWindowContainerToken$Stub$Proxy@69c00f2} m=TO_FRONT f=SHOW_WALLPAPER|MOVE_TO_TOP pTaskId=-1 leash=Surface(name=Task=1)/@0xd640466 sb=Rect(0, 0 - 1080, 2640) eb=Rect(0, 0 - 1080, 2640) d=0 taskParent=-1},{WCT{android.window.IWindowContainerToken$Stub$Proxy@5e25343} m=TO_BACK f=NONE pTaskId=-1 leash=Surface(name=Task=89542)/@0x9d123a7 sb=Rect(0, 0 - 1080, 2640) eb=Rect(0, 0 - 1080, 2640) d=0 taskParent=-1},{null m=TO_FRONT f=IS_WALLPAPER leash=Surface(name=WallpaperWindowToken{ade28c6 token=android.os.Binder@6e9ec8e})/@0x1134054 sb=Rect(0, 0 - 1080, 2640) eb=Rect(0, 0 - 1080, 2640) d=0}]}
12-03 09:04:51.576 V/WindowManagerShell( 2655):  Checking filter Pair{{types=[] flags=0x0] notFlags=0x100 checks=[{atype=home independent=true modes=[OPEN,TO_FRONT] flags=NONE mustBeTask=false order=TOP topActivity=ComponentInfo{com.motorola.launcher3/com.android.launcher3.uioverrides.QuickstepLauncher} launchCookie=null},{atype=standard independent=true modes=[CLOSE,TO_BACK] flags=NONE mustBeTask=false order=ANY topActivity=null launchCookie=null}]} RemoteTransition { remoteTransition = android.window.IRemoteTransition$Stub$Proxy@cd2ad81, appThread = android.app.IApplicationThread$Stub$Proxy@9575e26, debugName = QuickstepLaunchHome }}
12-03 09:04:51.577 D/RemoteTransitionHandler( 2655): Found filterPair{{types=[] flags=0x0] notFlags=0x100 checks=[{atype=home independent=true modes=[OPEN,TO_FRONT] flags=NONE mustBeTask=false order=TOP topActivity=ComponentInfo{com.motorola.launcher3/com.android.launcher3.uioverrides.QuickstepLauncher} launchCookie=null},{atype=standard independent=true modes=[CLOSE,TO_BACK] flags=NONE mustBeTask=false order=ANY topActivity=null launchCookie=null}]} RemoteTransition { remoteTransition = android.window.IRemoteTransition$Stub$Proxy@cd2ad81, appThread = android.app.IApplicationThread$Stub$Proxy@9575e26, debugName = QuickstepLaunchHome }}
12-03 09:04:51.577 V/WindowManagerShell( 2655):  Delegate animation for (#34519) to RemoteTransition { remoteTransition = android.window.IRemoteTransition$Stub$Proxy@cd2ad81, appThread = android.app.IApplicationThread$Stub$Proxy@9575e26, debugName = QuickstepLaunchHome }
12-03 09:04:51.615 D/PowerManagerService( 2123): nativeSetPowerMode ret:true mode:5 enabled:false duration ms: 0
12-03 09:04:51.616 V/WindowManagerShell( 2655):  animated by com.android.wm.shell.transition.RemoteTransitionHandler@539996a
12-03 09:04:51.619 V/WindowManager( 2123): Sent Transition (#34519) createdAt=12-03 09:04:51.400 via request=TransitionRequestInfo { type = OPEN, triggerTask = TaskInfo{userId=0 taskId=86437 displayId=0 isRunning=true baseIntent=Intent { act=android.intent.action.MAIN cat=[android.intent.category.HOME] flg=0x10000100 cmp=com.motorola.launcher3/com.android.launcher3.CustomizationPanelLauncher } baseActivity=ComponentInfo{com.motorola.launcher3/com.android.launcher3.uioverrides.QuickstepLauncher} topActivity=ComponentInfo{com.motorola.launcher3/com.android.launcher3.uioverrides.QuickstepLauncher} origActivity=ComponentInfo{com.motorola.launcher3/com.android.launcher3.CustomizationPanelLauncher} realActivity=ComponentInfo{com.motorola.launcher3/com.android.launcher3.uioverrides.QuickstepLauncher} numActivities=1 lastActiveTime=940819756 supportsMultiWindow=true supportsGlobalFreeform=true resizeMode=2 isResizeable=true isAppLocked=false isShowDecorCaptionWindowRequest=false canKillAndRestart=false minWidth=-1 minHeight=-1 defaultMinSize=200 token=WCT{RemoteToken{1a2cdb2 Task{e0d42bb #86437 type=undefined I=com.motorola.launcher3/com.android.launcher3.CustomizationPanelLauncher}}} topActivityType=2 pictureInPictureParams=null shouldDockBigOverlays=false launchIntoPipHostTaskId=-1 lastParentTaskIdBeforePip=-1 displayCutoutSafeInsets=null topActivityInfo=ActivityInfo{6aa0103 com.android.launcher3.CustomizationPanelLauncher} launchCookies=[] positionInParent=Point(0, 0) parentTaskId=-1 isFocused=true isVisible=false isVisibleRequested=true isSleeping=false locusId=LocusId[17_chars] displayAreaFeatureId=1 isTopActivityTransparent=false appCompatTaskInfo=AppCompatTaskInfo { topActivityInSizeCompat=false topActivityEligibleForLetterboxEducation= falseisLetterboxEducationEnabled= false isLetterboxDoubleTapEnabled= false topActivityEligibleForUserAspectRatioButton= false topActivityBoundsLetterboxed= false isFromLetterboxDoubleTap= false topActivityLetterboxVerticalPosition= -1 topActivityLetterboxHorizontalPosition= -1 topActivityLetterboxWidth=1080 topActivityLetterboxHeight=2640 isUserFullscreenOverrideEnabled=false isSystemFullscreenOverrideEnabled=false cameraCompatTaskInfo=CameraCompatTaskInfo { cameraCompatControlState=hidden freeformCameraCompatMode=inactive}}}, pipTask = null, remoteTransition = null, displayChange = null, flags = 0, debugId = 34519 }
12-03 09:04:51.620 V/WindowManager( 2123):     startWCT=WindowContainerTransaction { changes = {} hops = [] errorCallbackToken=null taskFragmentOrganizer=null }
12-03 09:04:51.620 V/WindowManager( 2123):     info={id=34519 t=OPEN f=0x0 trk=0 r=[0@Point(0, 0)] c=[
12-03 09:04:51.620 V/WindowManager( 2123):         {WCT{RemoteToken{6e97f34 Task{302f1cc #1 type=undefined}}} m=TO_FRONT f=SHOW_WALLPAPER|MOVE_TO_TOP pTaskId=-1 leash=Surface(name=Task=1)/@0xe6067f1 sb=Rect(0, 0 - 1080, 2640) eb=Rect(0, 0 - 1080, 2640) d=0 taskParent=-1},
12-03 09:04:51.620 V/WindowManager( 2123):         {WCT{RemoteToken{9b2a257 Task{8ad41a3 #89542 type=standard A=10489:com.xingin.xhs}}} m=TO_BACK f=NONE pTaskId=-1 leash=Surface(name=Task=89542)/@0x913480 sb=Rect(0, 0 - 1080, 2640) eb=Rect(0, 0 - 1080, 2640) d=0 taskParent=-1},
12-03 09:04:51.620 V/WindowManager( 2123):         {null m=TO_FRONT f=IS_WALLPAPER leash=Surface(name=WallpaperWindowToken{ade28c6 token=android.os.Binder@6e9ec8e})/@0x46f5c6c sb=Rect(0, 0 - 1080, 2640) eb=Rect(0, 0 - 1080, 2640) d=0}
12-03 09:04:51.620 V/WindowManager( 2123):     ]}
12-03 09:04:51.626 D/WindowManagerShell( 2655): onKeepClearAreasChanged: restricted={Rect(6, 2183 - 1074, 2518)}, unrestricted={}
12-03 09:04:51.633 W/MotoBatteryCareService( 2123): uid: 10398 pkgName:com.motorola.launcher3 come to foreground
12-03 09:04:51.634 D/ShortcutService( 2123): Getting shortcuts for launcher= com.motorola.clockfaceuser=0 pkg=com.instagram.android
12-03 09:04:51.651 W/AccessibilityManagerService( 2123):  wait for adding window timeout: 32880
12-03 09:04:51.666 W/AccessibilityWindowsPopulator( 2123): The displayInfo of this displayId (1) called back from the surface fligner is null
12-03 09:04:51.667 D/ShortcutService( 2123): Saving package item com.instagram.android to /data/system_ce/0/shortcut_service/packages/com.instagram.android.xml
12-03 09:04:51.704 W/UserManagerService( 2123): Requested status bar icon for non-badged user 0
12-03 09:04:51.733 W/AccessibilityWindowsPopulator( 2123): The displayInfo of this displayId (1) called back from the surface fligner is null
12-03 09:04:51.744 W/Looper  ( 2123): Slow dispatch took 124ms android.fg h=android.os.Handler c=com.android.server.wm.ActivityMetricsLogger$$ExternalSyntheticLambda0@b82d32c m=0
12-03 09:04:51.821 I/ActivityManager( 2123): appDiedLocked: app=ProcessRecord{58164c2 22452:com.motorola.personalize/u0a419} thread=android.os.BinderProxy@bd8e91d fromBinderDied=true isKilledByAm=false reason=null
12-03 09:04:51.821 I/ActivityManager( 2123): Process com.motorola.personalize (pid 22452) has died: cch+15 CEM 
12-03 09:04:51.822 W/ActivityManager( 2123): Scheduling restart of crashed service com.motorola.personalize/.plugin.LockScreenPluginService in 3600000ms for connection
12-03 09:04:51.822 D/RestartModeController( 2123): markWaitRestartAppIsSuicided null processName=com.motorola.personalize
12-03 09:04:51.822 D/ActivityTaskManager( 2123): handleAppDied: uid=10419,diedCount=1,lastDiedTime=744615836,forceStopUids=false
12-03 09:04:51.822 I/ActivityManager( 2123): appDiedLocked: app=ProcessRecord{7e31828 22661:com.motorola.moto/u0a269} thread=android.os.BinderProxy@5bb4560 fromBinderDied=true isKilledByAm=false reason=null
12-03 09:04:51.822 I/ActivityManager( 2123): Process com.motorola.moto (pid 22661) has died: cch+15 CEM 
12-03 09:04:51.823 D/DisplayManagerService( 2123): Drop pending events for gone uid 10419
12-03 09:04:51.823 D/RestartModeController( 2123): markWaitRestartAppIsSuicided null processName=com.motorola.moto
12-03 09:04:51.823 D/ActivityTaskManager( 2123): handleAppDied: uid=10269,diedCount=1,lastDiedTime=744527637,forceStopUids=false
12-03 09:04:51.823 D/DisplayManagerService( 2123): Drop pending events for gone uid 10269
12-03 09:04:51.824 W/ActivityManager( 2123): pid 2655 com.android.systemui sent binder code 3 with flags 1 to frozen apps and got error -32
12-03 09:04:51.825 D/ActivityThread( 2655): Too many transaction errors, throttling freezer binder callback.
12-03 09:04:51.827 D/CompatChangeReporter( 2123): Compat change id reported: 311208629; UID 10419; state: ENABLED
12-03 09:04:51.837 D/WindowManagerShell( 2655): onKeepClearAreasChanged: restricted={Rect(46, 2168 - 1034, 2478)}, unrestricted={}
12-03 09:04:51.837 D/WindowManagerShell( 2655): onKeepClearAreasChanged: restricted={Rect(0, 2248 - 1080, 2587)}, unrestricted={}
12-03 09:04:51.907 V/WindowManagerShell( 2655): Transition animation finished (aborted=false), notifying core (#34519) android.os.BinderProxy@22f1945@0
12-03 09:04:51.906 D/ShortcutService( 2123): Getting shortcuts for launcher= com.motorola.launcher.secondarydisplayuser=0 pkg=com.instagram.android
12-03 09:04:51.911 V/WindowManager( 2123): Finish Transition (#34519): created at 12-03 09:04:51.400 collect-started=0.035ms request-sent=5.543ms started=7.5ms ready=7.486ms sent=166.7ms finished=508.375ms
12-03 09:04:51.916 W/UserManagerService( 2123): Requested status bar icon for non-badged user 0
12-03 09:04:51.917 W/UserManagerService( 2123): Requested status bar icon for non-badged user 0
12-03 09:04:51.917 V/WindowManagerShell( 2655): Track 0 became idle
12-03 09:04:51.917 V/WindowManagerShell( 2655): All active transition animations finished
12-03 09:04:51.942 D/WindowManagerShell( 2655): onKeepClearAreasChanged: restricted={Rect(0, 2249 - 1080, 2587)}, unrestricted={}
12-03 09:04:51.946 W/PackageConfigPersister( 2123): App-specific configuration not found for packageName: com.motorola.launcher3 and userId: 0
12-03 09:04:51.960 D/ShortcutService( 2123): Getting shortcuts for launcher= com.motorola.launcher.secondarydisplayuser=0 pkg=com.instagram.android
12-03 09:04:51.964 D/ShortcutService( 2123): Getting shortcuts for launcher= com.motorola.launcher3user=0 pkg=com.instagram.android
12-03 09:04:51.966 D/ShortcutService( 2123): Getting shortcuts for launcher= com.motorola.clockfaceuser=0 pkg=com.instagram.android
12-03 09:04:51.968 D/ShortcutService( 2123): Getting shortcuts for launcher= com.motorola.uxcoreuser=0 pkg=com.instagram.android
12-03 09:04:51.976 D/ShortcutService( 2123): Getting shortcuts for launcher= com.motorola.clockfaceuser=0 pkg=com.instagram.android
12-03 09:04:51.981 D/ShortcutService( 2123): Getting shortcuts for launcher= com.android.systemuiuser=0 pkg=com.instagram.android
12-03 09:04:51.983 D/ShortcutService( 2123): Getting shortcuts for launcher= com.google.android.asuser=0 pkg=com.instagram.android
12-03 09:04:52.030 W/AccessibilityManagerService( 2123):  wait for adding window timeout: 32225
12-03 09:04:52.030 W/AccessibilityManagerService( 2123):  wait for adding window timeout: 32518
12-03 09:04:52.042 D/RichTapVibratorService( 2123): none richtap effect, do nothing!!
12-03 09:04:52.042 D/RichTapVibrationHelper( 2123): Not do stop!!
12-03 09:04:52.045 D/RichTapVibratorService( 2123): perform richtap vibrator
12-03 09:04:52.049 D/WindowManagerShell( 2655): setLauncherKeepClearAreaHeight: visible=false, height=212
12-03 09:04:52.053 D/ShortcutService( 2123): Getting shortcuts for launcher= com.motorola.launcher.secondarydisplayuser=0 pkg=com.instagram.android
12-03 09:04:52.054 D/RichTapVibratorService( 2123): aac richtap perform timeout:20
12-03 09:04:52.054 D/ShortcutService( 2123): Getting shortcuts for launcher= com.motorola.launcher.secondarydisplayuser=0 pkg=com.instagram.android
12-03 09:04:52.067 D/WindowManagerShell( 2655): onKeepClearAreasChanged: restricted={Rect(5, 2240 - 1075, 2575)}, unrestricted={}
12-03 09:04:52.175 D/WindowManagerShell( 2655): onKeepClearAreasChanged: restricted={Rect(16, 2083 - 1064, 2412)}, unrestricted={}
12-03 09:04:52.207 W/AccessibilityWindowsPopulator( 2123): The displayInfo of this displayId (1) called back from the surface fligner is null
12-03 09:04:52.247 W/PackageConfigPersister( 2123): App-specific configuration not found for packageName: com.motorola.uxcore and userId: 0
12-03 09:04:52.267 D/ShortcutService( 2123): Getting shortcuts for launcher= com.motorola.uxcoreuser=0 pkg=com.termux
12-03 09:04:52.276 D/ShortcutService( 2123): Getting shortcuts for launcher= com.motorola.uxcoreuser=0 pkg=com.whatsapp
12-03 09:04:52.290 D/ShortcutService( 2123): Getting shortcuts for launcher= com.motorola.uxcoreuser=0 pkg=org.mozilla.firefox
12-03 09:04:52.294 D/WindowManagerShell( 2655): onKeepClearAreasChanged: restricted={}, unrestricted={}
12-03 09:04:52.311 W/AccessibilityWindowsPopulator( 2123): The displayInfo of this displayId (1) called back from the surface fligner is null
12-03 09:04:52.317 D/ShortcutService( 2123): Getting shortcuts for launcher= com.motorola.uxcoreuser=0 pkg=com.xingin.xhs
12-03 09:04:52.320 D/ShortcutService( 2123): Getting shortcuts for launcher= com.motorola.uxcoreuser=0 pkg=com.android.chrome
12-03 09:04:52.323 D/ShortcutService( 2123): Getting shortcuts for launcher= com.motorola.uxcoreuser=0 pkg=xyz.blueskyweb.app
12-03 09:04:52.326 D/ShortcutService( 2123): Getting shortcuts for launcher= com.motorola.uxcoreuser=0 pkg=com.google.android.apps.maps
12-03 09:04:52.328 D/ShortcutService( 2123): Getting shortcuts for launcher= com.motorola.uxcoreuser=0 pkg=com.google.android.apps.docs.editors.docs
12-03 09:04:52.330 D/ShortcutService( 2123): Getting shortcuts for launcher= com.motorola.uxcoreuser=0 pkg=com.github.android
12-03 09:04:52.334 D/ShortcutService( 2123): Getting shortcuts for launcher= com.motorola.uxcoreuser=0 pkg=com.google.android.gm
12-03 09:04:52.337 D/ShortcutService( 2123): Getting shortcuts for launcher= com.motorola.uxcoreuser=0 pkg=com.google.android.apps.youtube.music
12-03 09:04:52.340 D/ShortcutService( 2123): Getting shortcuts for launcher= com.motorola.uxcoreuser=0 pkg=com.google.android.youtube
12-03 09:04:52.457 I/ActivityManager( 2123): appDiedLocked: app=ProcessRecord{f2c349f 22379:com.motorola.dolby.dolbyui/u0a203} thread=android.os.BinderProxy@fc3a5f0 fromBinderDied=true isKilledByAm=false reason=null
12-03 09:04:52.457 I/ActivityManager( 2123): Process com.motorola.dolby.dolbyui (pid 22379) has died: cch+15 CEM 
12-03 09:04:52.457 D/RestartModeController( 2123): markWaitRestartAppIsSuicided null processName=com.motorola.dolby.dolbyui
12-03 09:04:52.458 D/ActivityTaskManager( 2123): handleAppDied: uid=10203,diedCount=1,lastDiedTime=744615797,forceStopUids=false
12-03 09:04:52.458 D/DisplayManagerService( 2123): Drop pending events for gone uid 10203
12-03 09:04:52.473 I/ActivityManager( 2123): Start proc 23558:com.xingin.xhs:widgetProvider/u0a489 for broadcast {com.xingin.xhs/com.xingin.xhs.appwidget.hotspot.HotListWidgetProvider}
12-03 09:04:52.637 W/AccessibilityManagerService( 2123):  wait for adding window timeout: 31216
12-03 09:04:52.637 W/AccessibilityManagerService( 2123):  wait for adding window timeout: 31216
12-03 09:04:52.637 W/AccessibilityManagerService( 2123):  wait for adding window timeout: 31216
12-03 09:04:52.637 W/AccessibilityManagerService( 2123):  wait for adding window timeout: 31216
12-03 09:04:52.649 W/AccessibilityManagerService( 2123):  wait for adding window timeout: 31216
12-03 09:04:52.649 W/AccessibilityManagerService( 2123):  wait for adding window timeout: 31216
12-03 09:04:52.650 W/AccessibilityManagerService( 2123):  wait for adding window timeout: 31216
12-03 09:04:52.650 W/AccessibilityManagerService( 2123):  wait for adding window timeout: 31216
12-03 09:04:52.666 W/AccessibilityManagerService( 2123):  wait for adding window timeout: 31216
12-03 09:04:52.666 W/AccessibilityManagerService( 2123):  wait for adding window timeout: 31216
12-03 09:04:52.668 W/AccessibilityManagerService( 2123):  wait for adding window timeout: 31216
12-03 09:04:52.668 W/AccessibilityManagerService( 2123):  wait for adding window timeout: 31216
12-03 09:04:52.675 W/AccessibilityManagerService( 2123):  wait for adding window timeout: 31216
12-03 09:04:52.676 W/AccessibilityManagerService( 2123):  wait for adding window timeout: 31216
12-03 09:04:52.676 W/AccessibilityManagerService( 2123):  wait for adding window timeout: 31216
12-03 09:04:52.680 W/AccessibilityManagerService( 2123):  wait for adding window timeout: 31216
12-03 09:04:52.685 W/AccessibilityWindowsPopulator( 2123): The displayInfo of this displayId (1) called back from the surface fligner is null
12-03 09:04:52.707 W/AccessibilityManagerService( 2123):  wait for adding window timeout: 31216
12-03 09:04:52.707 W/AccessibilityManagerService( 2123):  wait for adding window timeout: 31216
12-03 09:04:52.708 W/AccessibilityManagerService( 2123):  wait for adding window timeout: 31216
12-03 09:04:52.709 W/AccessibilityManagerService( 2123):  wait for adding window timeout: 31216
12-03 09:04:52.710 W/AccessibilityManagerService( 2123):  wait for adding window timeout: 31216
12-03 09:04:52.711 W/AccessibilityManagerService( 2123):  wait for adding window timeout: 31216
12-03 09:04:52.711 W/AccessibilityManagerService( 2123):  wait for adding window timeout: 31216
12-03 09:04:52.712 W/AccessibilityManagerService( 2123):  wait for adding window timeout: 31216
12-03 09:04:52.712 W/AccessibilityManagerService( 2123):  wait for adding window timeout: 31216
12-03 09:04:52.712 W/AccessibilityManagerService( 2123):  wait for adding window timeout: 31216
12-03 09:04:52.712 W/AccessibilityManagerService( 2123):  wait for adding window timeout: 31216
12-03 09:04:52.714 W/AccessibilityManagerService( 2123):  wait for adding window timeout: 31216
12-03 09:04:52.726 W/AccessibilityManagerService( 2123):  wait for adding window timeout: 31216
12-03 09:04:52.726 W/AccessibilityManagerService( 2123):  wait for adding window timeout: 31216
12-03 09:04:52.726 W/AccessibilityManagerService( 2123):  wait for adding window timeout: 31216
12-03 09:04:52.734 W/AccessibilityManagerService( 2123):  wait for adding window timeout: 31216
12-03 09:04:52.736 W/AccessibilityManagerService( 2123):  wait for adding window timeout: 31216
12-03 09:04:52.738 W/AccessibilityManagerService( 2123):  wait for adding window timeout: 31216
12-03 09:04:52.738 W/AccessibilityManagerService( 2123):  wait for adding window timeout: 31216
12-03 09:04:52.741 W/AccessibilityManagerService( 2123):  wait for adding window timeout: 31216
12-03 09:04:52.749 W/AccessibilityManagerService( 2123):  wait for adding window timeout: 31216
12-03 09:04:52.751 W/AccessibilityManagerService( 2123):  wait for adding window timeout: 31216
12-03 09:04:52.752 W/AccessibilityManagerService( 2123):  wait for adding window timeout: 31216
12-03 09:04:52.752 W/AccessibilityManagerService( 2123):  wait for adding window timeout: 31216
12-03 09:04:52.754 W/AccessibilityManagerService( 2123):  wait for adding window timeout: 31216
12-03 09:04:52.755 W/AccessibilityManagerService( 2123):  wait for adding window timeout: 31216
12-03 09:04:52.755 W/AccessibilityManagerService( 2123):  wait for adding window timeout: 31216
12-03 09:04:52.756 W/AccessibilityManagerService( 2123):  wait for adding window timeout: 31216
12-03 09:04:52.761 W/AccessibilityManagerService( 2123):  wait for adding window timeout: 31216
12-03 09:04:52.762 W/AccessibilityManagerService( 2123):  wait for adding window timeout: 31216
12-03 09:04:52.762 W/AccessibilityManagerService( 2123):  wait for adding window timeout: 31216
12-03 09:04:52.765 W/AccessibilityManagerService( 2123):  wait for adding window timeout: 31216
12-03 09:04:52.770 W/AccessibilityManagerService( 2123):  wait for adding window timeout: 31216
12-03 09:04:52.771 W/AccessibilityManagerService( 2123):  wait for adding window timeout: 31216
12-03 09:04:52.771 W/AccessibilityManagerService( 2123):  wait for adding window timeout: 31216
12-03 09:04:52.771 W/AccessibilityManagerService( 2123):  wait for adding window timeout: 31216
12-03 09:04:52.781 W/AccessibilityManagerService( 2123):  wait for adding window timeout: 31216
12-03 09:04:52.782 W/AccessibilityManagerService( 2123):  wait for adding window timeout: 31216
12-03 09:04:52.783 W/AccessibilityManagerService( 2123):  wait for adding window timeout: 31216
12-03 09:04:52.783 W/AccessibilityManagerService( 2123):  wait for adding window timeout: 31216
12-03 09:04:52.784 W/AccessibilityManagerService( 2123):  wait for adding window timeout: 31216
12-03 09:04:52.881 D/CoreBackPreview( 2123): Window{f1464fd u0 ToastWithoutNotification}: Setting back callback null
12-03 09:04:52.948 W/AccessibilityWindowsPopulator( 2123): The displayInfo of this displayId (1) called back from the surface fligner is null
12-03 09:04:52.967 D/CompatChangeReporter( 2123): Compat change id reported: 297989574; UID 1000; state: ENABLED
12-03 09:04:53.701 I/ActivityManager( 2123): Flag disabled. Ignoring finishAttachApplication from uid: 10489. pid: 23558
12-03 09:04:53.707 W/Looper  (23558): Loop again would have the queued messages be executed before this one completed.
12-03 09:04:54.162 D/CompatChangeReporter( 2123): Compat change id reported: 297989574; UID 10489; state: ENABLED
12-03 09:04:54.670 D/PowerManagerService( 2123): nativeReleaseSuspendBlocker name:PowerManagerService.WakeLocks duration ms: 1
12-03 09:04:54.695 D/PowerManagerService( 2123): nativeAcquireSuspendBlocker name:PowerManagerService.WakeLocks duration ms: 1
12-03 09:04:54.699 W/AppOps  ( 2123): Noting op not finished: uid 10263 pkg com.google.android.gms code 113 startTime of in progress event=1764774137367
12-03 09:04:54.710 W/AppOps  ( 2123): Noting op not finished: uid 10263 pkg com.google.android.gms code 113 startTime of in progress event=1764774009050
12-03 09:04:54.715 W/AppOps  ( 2123): Noting op not finished: uid 10263 pkg com.google.android.gms code 113 startTime of in progress event=1764774009050
12-03 09:04:54.720 W/AppOps  ( 2123): Noting op not finished: uid 10263 pkg com.google.android.gms code 113 startTime of in progress event=1764774009050
12-03 09:04:54.725 W/AppOps  ( 2123): Noting op not finished: uid 10263 pkg com.google.android.gms code 79 startTime of in progress event=1764774009050
12-03 09:04:54.729 W/AppOps  ( 2123): Noting op not finished: uid 10263 pkg com.google.android.gms code 113 startTime of in progress event=1764774009050
12-03 09:04:54.733 W/AppOps  ( 2123): Noting op not finished: uid 10263 pkg com.google.android.gms code 113 startTime of in progress event=1764774009050
12-03 09:04:54.754 D/PowerManagerService( 2123): nativeReleaseSuspendBlocker name:PowerManagerService.WakeLocks duration ms: 0
12-03 09:04:56.541 I/DisplayDeviceRepository( 2123): Display device changed render timings: "Built-in Screen", renderFrameRate=60.000004, presentationDeadlineNanos=24600000, appVsyncOffsetNanos=9800001
12-03 09:04:56.544 D/BrightnessThermalClamper( 2123): Thermal status observer already started
12-03 09:04:56.544 D/DisplayManagerService( 2123): Ignore redundant display event 0/2 to 10349/8695
12-03 09:04:56.545 D/DisplayManagerService( 2123): Ignore redundant display event 0/2 to 10480/16554
12-03 09:04:56.547 D/CLI/Transition( 2123): displaygroup 0, state ON, pendingdisplaygroup {}
12-03 09:04:56.611 I/DisplayDeviceRepository( 2123): Display device changed render timings: "Built-in Screen", renderFrameRate=120.00001, presentationDeadlineNanos=13300000, appVsyncOffsetNanos=1099999
12-03 09:04:56.612 D/BrightnessThermalClamper( 2123): Thermal status observer already started
12-03 09:04:56.613 D/CLI/Transition( 2123): displaygroup 0, state ON, pendingdisplaygroup {}
12-03 09:04:56.613 D/DisplayManagerService( 2123): Ignore redundant display event 0/2 to 10349/8695
12-03 09:04:56.613 D/DisplayManagerService( 2123): Ignore redundant display event 0/2 to 10480/16554
12-03 09:04:56.613 D/DisplayManagerService( 2123): Ignore redundant display event 0/2 to 10489/21162
12-03 09:04:56.866 D/ActivityManager( 2123): freezing 21162 com.xingin.xhs, reason=moto_freezer, adj=700, adjType=previous
12-03 09:04:56.875 D/ActivityManager( 2123): freezing 23558 com.xingin.xhs:widgetProvider, reason=moto_freezer, adj=915, adjType=cch-empty
12-03 09:04:56.920 D/CompatChangeReporter( 2123): Compat change id reported: 151861875; UID 10419; state: ENABLED
12-03 09:04:56.935 I/ActivityManager( 2123): Start proc 23704:com.motorola.personalize/u0a419 for service {com.motorola.personalize/com.motorola.personalize.plugin.LockScreenPluginService}
12-03 09:04:57.119 I/ActivityManager( 2123): Flag disabled. Ignoring finishAttachApplication from uid: 10419. pid: 23704
12-03 09:04:57.260 D/ActivityTaskManager( 2123): getPreferredLaunchDisplay userset_displayid true user set display id 0, current focus display 0
12-03 09:04:57.260 I/SettingsAccessControlPolicy( 2123): isDeviceSettingsChangeDisabled: value -> false
12-03 09:04:57.261 W/OptProp ( 2123): Cannot read opt property android.window.PROPERTY_COMPAT_ALLOW_ORIENTATION_OVERRIDE
12-03 09:04:57.273 W/OptProp ( 2123): Cannot read opt property android.window.PROPERTY_COMPAT_ALLOW_RESIZEABLE_ACTIVITY_OVERRIDES
12-03 09:04:57.273 W/OptProp ( 2123): Cannot read opt property android.window.PROPERTY_COMPAT_ALLOW_MIN_ASPECT_RATIO_OVERRIDE
12-03 09:04:57.273 D/ActivityTaskManager( 2123): getPreferredLaunchDisplay userset_displayid true user set display id 0, current focus display 0
12-03 09:04:57.273 D/ActivityTaskManager( 2123): getPreferredLaunchDisplay userset_displayid false user set display id 0, current focus display 0
12-03 09:04:57.273 D/ActivityTaskManager( 2123): Force set display id to 0 with lid state 1
12-03 09:04:57.273 D/ActivityTaskManager( 2123): getPreferredLaunchDisplay userset_displayid false user set display id 0, current focus display 0
12-03 09:04:57.274 D/ActivityTaskManager( 2123): Force set display id to 0 with lid state 1
12-03 09:04:57.274 D/ActivityTaskManager( 2123): getPreferredLaunchDisplay userset_displayid false user set display id 0, current focus display 0
12-03 09:04:57.274 D/ActivityTaskManager( 2123): Force set display id to 0 with lid state 1
12-03 09:04:57.274 D/ActivityTaskManager( 2123): getPreferredLaunchDisplay userset_displayid false user set display id 0, current focus display 0
12-03 09:04:57.274 D/ActivityTaskManager( 2123): Force set display id to 0 with lid state 1
12-03 09:04:57.274 D/ActivityTaskManager( 2123): getPreferredLaunchDisplay userset_displayid false user set display id 0, current focus display 0
12-03 09:04:57.274 D/ActivityTaskManager( 2123): Force set display id to 0 with lid state 1
12-03 09:04:57.274 D/PowerManagerService( 2123): nativeSetPowerMode ret:true mode:5 enabled:true duration ms: 0
12-03 09:04:57.277 D/PowerManagerService( 2123): nativeAcquireSuspendBlocker name:PowerManagerService.WakeLocks duration ms: 1
12-03 09:04:57.277 I/ActivityTaskManager( 2123): START u0 {act=android.intent.action.MAIN cat=[android.intent.category.LAUNCHER] flg=0x10200000 cmp=xyz.blueskyweb.app/.MainActivity} with LAUNCH_SINGLE_TASK from uid 10308 (startActivityAsUser) (BAL_ALLOW_PERMISSION) result code=2
12-03 09:04:57.278 V/WindowManagerShell( 2655): Transition requested (#34520): android.os.BinderProxy@8f2aeee TransitionRequestInfo { type = OPEN, triggerTask = TaskInfo{userId=0 taskId=89532 displayId=0 isRunning=true baseIntent=Intent { act=android.intent.action.MAIN cat=[android.intent.category.LAUNCHER] flg=0x10200000 cmp=xyz.blueskyweb.app/.MainActivity } baseActivity=ComponentInfo{xyz.blueskyweb.app/xyz.blueskyweb.app.MainActivity} topActivity=ComponentInfo{xyz.blueskyweb.app/xyz.blueskyweb.app.MainActivity} origActivity=null realActivity=ComponentInfo{xyz.blueskyweb.app/xyz.blueskyweb.app.MainActivity} numActivities=1 lastActiveTime=940054552 supportsMultiWindow=true supportsGlobalFreeform=true resizeMode=1 isResizeable=true isAppLocked=false isShowDecorCaptionWindowRequest=false canKillAndRestart=false minWidth=-1 minHeight=-1 defaultMinSize=200 token=WCT{android.window.IWindowContainerToken$Stub$Proxy@ab52f8f} topActivityType=1 pictureInPictureParams=null shouldDockBigOverlays=false launchIntoPipHostTaskId=-1 lastParentTaskIdBeforePip=-1 displayCutoutSafeInsets=Rect(0, 108 - 0, 0) topActivityInfo=ActivityInfo{b3d021c xyz.blueskyweb.app.MainActivity} launchCookies=[] positionInParent=Point(0, 0) parentTaskId=-1 isFocused=false isVisible=false isVisibleRequested=false isSleeping=false locusId=null displayAreaFeatureId=1 isTopActivityTransparent=false appCompatTaskInfo=AppCompatTaskInfo { topActivityInSizeCompat=false topActivityEligibleForLetterboxEducation= falseisLetterboxEducationEnabled= false isLetterboxDoubleTapEnabled= false topActivityEligibleForUserAspectRatioButton= false topActivityBoundsLetterboxed= false isFromLetterboxDoubleTap= false topActivityLetterboxVerticalPosition= -1 topActivityLetterboxHorizontalPosition= -1 topActivityLetterboxWidth=1080 topActivityLetterboxHeight=2640 isUserFullscreenOverrideEnabled=false isSystemFullscreenOverrideEnabled=false cameraCompatTaskInfo=CameraCompatTaskInfo { cameraCompatControlState=hidden freeformCameraCompatMode=inactive}}}, pipTask = null, remoteTransition = null, displayChange = null, flags = 0, debugId = 34520 }
12-03 09:04:57.281 D/WindowManagerShell( 2655): onActivityRestartAttempt: ComponentInfo{xyz.blueskyweb.app/xyz.blueskyweb.app.MainActivity}
12-03 09:04:57.287 D/CompatChangeReporter( 2123): Compat change id reported: 309578419; UID 10479; state: ENABLED
12-03 09:04:57.306 I/ActivityManager( 2123): Start proc 23732:xyz.blueskyweb.app/u0a479 for next-top-activity {xyz.blueskyweb.app/xyz.blueskyweb.app.MainActivity}
12-03 09:04:57.320 D/CoreBackPreview( 2123): Window{5784767 u0 Splash Screen xyz.blueskyweb.app}: Setting back callback OnBackInvokedCallbackInfo{mCallback=android.window.IOnBackInvokedCallback$Stub$Proxy@f8fd1ae, mPriority=0, mIsAnimationCallback=false}
12-03 09:04:57.357 D/CompatChangeReporter( 2123): Compat change id reported: 324203798; UID 10479; state: ENABLED
12-03 09:04:57.358 D/ActivityTaskManager( 2123): sendShowDecorCaptionWindow Task is not organized Task{e0d42bb #86437 type=undefined I=com.motorola.launcher3/com.android.launcher3.CustomizationPanelLauncher}
12-03 09:04:57.366 V/WindowManagerShell( 2655): onTransitionReady(transaction=9118217925536)
12-03 09:04:57.366 V/WindowManagerShell( 2655): onTransitionReady (#34520) android.os.BinderProxy@8f2aeee: {id=34520 t=OPEN f=0x0 trk=0 r=[0@Point(0, 0)] c=[{WCT{android.window.IWindowContainerToken$Stub$Proxy@f905637} m=TO_FRONT f=MOVE_TO_TOP pTaskId=-1 leash=Surface(name=Task=89532)/@0xf3243f8 sb=Rect(0, 0 - 1080, 2640) eb=Rect(0, 0 - 1080, 2640) d=0 taskParent=-1},{WCT{android.window.IWindowContainerToken$Stub$Proxy@43a7a4} m=TO_BACK f=SHOW_WALLPAPER pTaskId=-1 leash=Surface(name=Task=1)/@0x2ecb0d1 sb=Rect(0, 0 - 1080, 2640) eb=Rect(0, 0 - 1080, 2640) d=0 taskParent=-1}]}
12-03 09:04:57.366 V/WindowManager( 2123): Sent Transition (#34520) createdAt=12-03 09:04:57.273 via request=TransitionRequestInfo { type = OPEN, triggerTask = TaskInfo{userId=0 taskId=89532 displayId=0 isRunning=true baseIntent=Intent { act=android.intent.action.MAIN cat=[android.intent.category.LAUNCHER] flg=0x10200000 cmp=xyz.blueskyweb.app/.MainActivity } baseActivity=ComponentInfo{xyz.blueskyweb.app/xyz.blueskyweb.app.MainActivity} topActivity=ComponentInfo{xyz.blueskyweb.app/xyz.blueskyweb.app.MainActivity} origActivity=null realActivity=ComponentInfo{xyz.blueskyweb.app/xyz.blueskyweb.app.MainActivity} numActivities=1 lastActiveTime=940054552 supportsMultiWindow=true supportsGlobalFreeform=true resizeMode=1 isResizeable=true isAppLocked=false isShowDecorCaptionWindowRequest=false canKillAndRestart=true minWidth=-1 minHeight=-1 defaultMinSize=200 token=WCT{RemoteToken{3a5e05d Task{65187e5 #89532 type=standard A=10479:xyz.blueskyweb.app}}} topActivityType=1 pictureInPictureParams=null shouldDockBigOverlays=false launchIntoPipHostTaskId=-1 lastParentTaskIdBeforePip=-1 displayCutoutSafeInsets=Rect(0, 108 - 0, 0) topActivityInfo=ActivityInfo{ceb0dd2 xyz.blueskyweb.app.MainActivity} launchCookies=[] positionInParent=Point(0, 0) parentTaskId=-1 isFocused=false isVisible=false isVisibleRequested=false isSleeping=false locusId=null displayAreaFeatureId=1 isTopActivityTransparent=false appCompatTaskInfo=AppCompatTaskInfo { topActivityInSizeCompat=false topActivityEligibleForLetterboxEducation= falseisLetterboxEducationEnabled= false isLetterboxDoubleTapEnabled= false topActivityEligibleForUserAspectRatioButton= false topActivityBoundsLetterboxed= false isFromLetterboxDoubleTap= false topActivityLetterboxVerticalPosition= -1 topActivityLetterboxHorizontalPosition= -1 topActivityLetterboxWidth=1080 topActivityLetterboxHeight=2640 isUserFullscreenOverrideEnabled=false isSystemFullscreenOverrideEnabled=false cameraCompatTaskInfo=CameraCompatTaskInfo { cameraCompatControlState=hidden freeformCameraCompatMode=inactive}}}, pipTask = null, remoteTransition = null, displayChange = null, flags = 0, debugId = 34520 }
12-03 09:04:57.366 V/WindowManager( 2123):     startWCT=WindowContainerTransaction { changes = {} hops = [] errorCallbackToken=null taskFragmentOrganizer=null }
12-03 09:04:57.367 V/WindowManagerShell( 2655): Playing animation for (#34520) android.os.BinderProxy@8f2aeee@0
12-03 09:04:57.367 V/WindowManagerShell( 2655):  try handler com.android.wm.shell.taskview.TaskViewTransitions@fd8c5c
12-03 09:04:57.367 V/WindowManagerShell( 2655):  try handler com.android.wm.shell.transition.DefaultMixedHandler@f5edfb8
12-03 09:04:57.367 V/WindowManagerShell( 2655):  try handler com.android.wm.shell.keyguard.KeyguardTransitionHandler@3df8191
12-03 09:04:57.367 V/WindowManagerShell( 2655):  try handler com.android.wm.shell.pip.PipTransition@d8e855e
12-03 09:04:57.367 V/WindowManagerShell( 2655):  try handler com.android.wm.shell.activityembedding.ActivityEmbeddingController@7059d3f
12-03 09:04:57.367 V/WindowManagerShell( 2655):  try handler com.android.wm.shell.recents.RecentsTransitionHandler@107560c
12-03 09:04:57.367 V/ShellRecents( 2655): RecentsTransitionHandler.startAnimation: no controller found
12-03 09:04:57.367 V/WindowManagerShell( 2655):  try handler com.android.wm.shell.splitscreen.StageCoordinator@59f7b55
12-03 09:04:57.367 V/WindowManagerShell( 2655):  try handler com.android.wm.shell.transition.RemoteTransitionHandler@539996a
12-03 09:04:57.367 V/WindowManagerShell( 2655): Transition doesn't have explicit remote, search filters for match for {id=34520 t=OPEN f=0x0 trk=0 r=[0@Point(0, 0)] c=[{WCT{android.window.IWindowContainerToken$Stub$Proxy@f905637} m=TO_FRONT f=MOVE_TO_TOP pTaskId=-1 leash=Surface(name=Task=89532)/@0xf3243f8 sb=Rect(0, 0 - 1080, 2640) eb=Rect(0, 0 - 1080, 2640) d=0 taskParent=-1},{WCT{android.window.IWindowContainerToken$Stub$Proxy@43a7a4} m=TO_BACK f=SHOW_WALLPAPER pTaskId=-1 leash=Surface(name=Task=1)/@0x2ecb0d1 sb=Rect(0, 0 - 1080, 2640) eb=Rect(0, 0 - 1080, 2640) d=0 taskParent=-1}]}
