12-03 09:04:45.291 E/ActivityThread(22661): Failed to find provider info for com.motorola.motofpstouch.provider
12-03 09:04:45.294 E/ActivityThread(22661): Failed to find provider info for com.motorola.motofpstouch.provider
12-03 09:04:45.300 E/ActivityThread(22661): Failed to find provider info for com.motorola.securevault.provider
12-03 09:04:45.300 E/ActivityThread(22661): Failed to find provider info for com.motorola.motowaves.provider.moto
12-03 09:04:45.301 E/ActivityThread(22661): Failed to find provider info for com.motorola.magictouch.provider
12-03 09:04:45.301 E/ActivityThread(22661): Failed to find provider info for com.motorola.motoprovider.VideoEffectsProvider
12-03 09:04:45.302 E/ActivityThread(22661): Failed to find provider info for com.motorola.magictouch.provider
12-03 09:04:45.302 E/ActivityThread(22661): Failed to find provider info for com.motorola.motoedgeassistant.provider
12-03 09:04:45.306 E/ActivityThread(22661): Failed to find provider info for com.motorola.motoprovider.VideoEffectsProvider
12-03 09:04:45.309 E/ActivityThread(22661): Failed to find provider info for com.motorola.motowaves.provider.moto
12-03 09:04:45.313 E/ActivityThread(22661): Failed to find provider info for com.motorola.motowaves.provider.moto
12-03 09:04:45.323 E/ActivityThread(22661): Failed to find provider info for com.motorola.magictouch.provider
12-03 09:04:45.324 E/ActivityThread(22661): Failed to find provider info for com.motorola.motoprovider.VideoEffectsProvider
12-03 09:04:45.338 D/CompatChangeReporter( 2123): Compat change id reported: 311208629; UID 10203; state: ENABLED
12-03 09:04:45.368 E/ActivityThread(22661): Failed to find provider info for com.motorola.motoedgeassistant.provider
12-03 09:04:45.422 I/ActivityManager( 2123): Flag disabled. Ignoring finishAttachApplication from uid: 10269. pid: 22661
12-03 09:04:45.471 V/AutofillSession( 2123): Primary service component name: ComponentInfo{com.google.android.gms/com.google.android.gms.autofill.service.AutofillService}, secondary service component name: ComponentInfo{com.android.credentialmanager/com.android.credentialmanager.autofill.CredentialAutofillService}
12-03 09:04:45.471 V/SecondaryProviderHandler( 2123): Creating a secondary provider handler with component name, ComponentInfo{com.android.credentialmanager/com.android.credentialmanager.autofill.CredentialAutofillService}
12-03 09:04:45.495 W/ActivityManager( 2123): pid 2123 system sent binder code 1 with flags 1 to frozen apps and got error -32
12-03 09:04:45.495 W/ActivityManager( 2123): pid 2123 system sent binder code 1 with flags 1 to frozen apps and got error -32
12-03 09:04:45.495 W/ActivityManager( 2123): pid 2123 system sent binder code 1 with flags 1 to frozen apps and got error -32
12-03 09:04:45.495 W/ActivityManager( 2123): pid 2123 system sent binder code 1 with flags 1 to frozen apps and got error -32
12-03 09:04:45.495 W/ActivityManager( 2123): pid 2123 system sent binder code 1 with flags 1 to frozen apps and got error -32
12-03 09:04:45.495 W/ActivityManager( 2123): pid 2123 system sent binder code 1 with flags 1 to frozen apps and got error -32
12-03 09:04:45.495 W/ActivityManager( 2123): pid 2123 system sent binder code 1 with flags 1 to frozen apps and got error -32
12-03 09:04:45.495 W/ActivityManager( 2123): pid 2123 system sent binder code 1 with flags 1 to frozen apps and got error -32
12-03 09:04:45.495 W/ActivityManager( 2123): pid 2123 system sent binder code 1 with flags 1 to frozen apps and got error -32
12-03 09:04:45.496 W/ActivityManager( 2123): pid 2123 system sent binder code 1 with flags 1 to frozen apps and got error -32
12-03 09:04:45.496 W/ActivityManager( 2123): pid 2123 system sent binder code 1 with flags 1 to frozen apps and got error -32
12-03 09:04:45.496 W/ActivityManager( 2123): pid 2123 system sent binder code 1 with flags 1 to frozen apps and got error -32
12-03 09:04:45.496 W/ActivityManager( 2123): pid 2123 system sent binder code 1 with flags 1 to frozen apps and got error -32
12-03 09:04:45.496 W/ActivityManager( 2123): pid 2123 system sent binder code 1 with flags 1 to frozen apps and got error -32
12-03 09:04:45.496 W/ActivityManager( 2123): pid 2123 system sent binder code 1 with flags 1 to frozen apps and got error -32
12-03 09:04:45.496 W/ActivityManager( 2123): pid 2123 system sent binder code 1 with flags 1 to frozen apps and got error -32
12-03 09:04:45.496 W/ActivityManager( 2123): pid 2123 system sent binder code 1 with flags 1 to frozen apps and got error -32
12-03 09:04:45.496 W/ActivityManager( 2123): pid 2123 system sent binder code 1 with flags 1 to frozen apps and got error -32
12-03 09:04:45.496 W/ActivityManager( 2123): pid 2123 system sent binder code 1 with flags 1 to frozen apps and got error -32
12-03 09:04:45.496 W/ActivityManager( 2123): pid 2123 system sent binder code 1 with flags 1 to frozen apps and got error -32
12-03 09:04:45.496 W/ActivityManager( 2123): pid 2123 system sent binder code 1 with flags 1 to frozen apps and got error -32
12-03 09:04:45.496 W/ActivityManager( 2123): pid 2123 system sent binder code 1 with flags 1 to frozen apps and got error -32
12-03 09:04:45.496 W/ActivityManager( 2123): pid 2123 system sent binder code 1 with flags 1 to frozen apps and got error -32
12-03 09:04:45.496 W/ActivityManager( 2123): pid 2123 system sent binder code 1 with flags 1 to frozen apps and got error -32
12-03 09:04:45.496 W/ActivityManager( 2123): pid 2123 system sent binder code 1 with flags 1 to frozen apps and got error -32
12-03 09:04:45.496 W/ActivityManager( 2123): pid 2123 system sent binder code 1 with flags 1 to frozen apps and got error -32
12-03 09:04:45.496 W/ActivityManager( 2123): pid 2123 system sent binder code 1 with flags 1 to frozen apps and got error -32
12-03 09:04:45.496 W/ActivityManager( 2123): pid 2123 system sent binder code 1 with flags 1 to frozen apps and got error -32
12-03 09:04:45.496 W/ActivityManager( 2123): pid 2123 system sent binder code 1 with flags 1 to frozen apps and got error -32
12-03 09:04:45.497 W/ActivityManager( 2123): pid 2123 system sent binder code 1 with flags 1 to frozen apps and got error -32
12-03 09:04:45.497 W/ActivityManager( 2123): pid 2123 system sent binder code 1 with flags 1 to frozen apps and got error -32
12-03 09:04:45.497 W/ActivityManager( 2123): pid 2123 system sent binder code 1 with flags 1 to frozen apps and got error -32
12-03 09:04:45.497 W/ActivityManager( 2123): pid 2123 system sent binder code 1 with flags 1 to frozen apps and got error -32
12-03 09:04:45.497 W/ActivityManager( 2123): pid 2123 system sent binder code 1 with flags 1 to frozen apps and got error -32
12-03 09:04:45.497 W/ActivityManager( 2123): pid 2123 system sent binder code 1 with flags 1 to frozen apps and got error -32
12-03 09:04:45.497 W/ActivityManager( 2123): pid 2123 system sent binder code 1 with flags 1 to frozen apps and got error -32
12-03 09:04:45.497 W/ActivityManager( 2123): pid 2123 system sent binder code 1 with flags 1 to frozen apps and got error -32
12-03 09:04:45.497 W/ActivityManager( 2123): pid 2123 system sent binder code 1 with flags 1 to frozen apps and got error -32
12-03 09:04:45.497 W/ActivityManager( 2123): pid 2123 system sent binder code 1 with flags 1 to frozen apps and got error -32
12-03 09:04:45.497 W/ActivityManager( 2123): pid 2123 system sent binder code 1 with flags 1 to frozen apps and got error -32
12-03 09:04:45.497 W/ActivityManager( 2123): pid 2123 system sent binder code 1 with flags 1 to frozen apps and got error -32
12-03 09:04:45.497 W/ActivityManager( 2123): pid 2123 system sent binder code 1 with flags 1 to frozen apps and got error -32
12-03 09:04:45.497 W/ActivityManager( 2123): pid 2123 system sent binder code 1 with flags 1 to frozen apps and got error -32
12-03 09:04:45.497 W/ActivityManager( 2123): pid 2123 system sent binder code 1 with flags 1 to frozen apps and got error -32
12-03 09:04:45.512 W/PackageConfigPersister( 2123): App-specific configuration not found for packageName: com.xingin.xhs and userId: 0
12-03 09:04:45.536 D/AutofillSession( 2123): createPendingIntent for request 4000
12-03 09:04:45.537 D/ContentCapturePerUserService( 2123): Notified activity assist data for activity: Token{6acb781 ActivityRecord{1d33a8b u0 com.xingin.xhs/com.xingin.im.ui.activity.ChatActivity t89542}} without a session Id
12-03 09:04:45.565 W/AutofillManagerServiceImpl( 2123): getFillEventHistory() called by UID 10263, but service UID is 10220 for user 0
12-03 09:04:45.707 D/PowerManagerService( 2123): nativeSetPowerMode ret:true mode:5 enabled:true duration ms: 0
12-03 09:04:45.773 W/AccessibilityWindowsPopulator( 2123): The displayInfo of this displayId (1) called back from the surface fligner is null
12-03 09:04:45.783 D/WindowManagerShell( 2655): onKeepClearAreasChanged: restricted={}, unrestricted={Rect(0, 1634 - 1080, 2514)}
12-03 09:04:45.786 W/FillRequestEventLogger( 2123): Shouldn't be logging AutofillFillRequestReported again for same event
12-03 09:04:45.786 W/FillResponseEventLogger( 2123): Shouldn't be logging AutofillFillRequestReported again for same event
12-03 09:04:45.786 D/AutofillSession( 2123): clearPendingIntentLocked
12-03 09:04:46.037 W/AccessibilityWindowsPopulator( 2123): The displayInfo of this displayId (1) called back from the surface fligner is null
12-03 09:04:46.038 I/ActivityManager( 2123): appDiedLocked: app=ProcessRecord{45388b7 18875:com.instagram.android/u0a500} thread=android.os.BinderProxy@3ff5f50 fromBinderDied=true isKilledByAm=false reason=null
12-03 09:04:46.038 I/ActivityManager( 2123): Process com.instagram.android (pid 18875) has died: fg  RCVR
12-03 09:04:46.044 D/RestartModeController( 2123): markWaitRestartAppIsSuicided null processName=com.instagram.android
12-03 09:04:46.045 D/DisplayManagerService( 2123): Drop pending events for gone uid 10500
12-03 09:04:46.045 D/ActivityTaskManager( 2123): handleAppDied: uid=10500,diedCount=1,lastDiedTime=744321884,forceStopUids=false
12-03 09:04:46.062 I/ActivityManager( 2123): Start proc 22999:com.instagram.android/u0a500 for broadcast {com.instagram.android/com.instagram.util.startup.appwarmer.KeepWarmReceiver}
12-03 09:04:46.225 D/RichTapVibratorService( 2123): none richtap effect, do nothing!!
12-03 09:04:46.225 D/RichTapVibrationHelper( 2123): Not do stop!!
12-03 09:04:46.227 D/RichTapVibratorService( 2123): perform richtap vibrator
12-03 09:04:46.243 D/RichTapVibratorService( 2123): aac richtap perform timeout:20
12-03 09:04:46.312 W/ActivityManager( 2123): pid 2123 system sent binder code 1 with flags 1 to frozen apps and got error -32
12-03 09:04:46.313 W/ActivityManager( 2123): pid 2123 system sent binder code 1 with flags 1 to frozen apps and got error -32
12-03 09:04:46.313 W/ActivityManager( 2123): pid 2123 system sent binder code 1 with flags 1 to frozen apps and got error -32
12-03 09:04:46.313 W/ActivityManager( 2123): pid 2123 system sent binder code 1 with flags 1 to frozen apps and got error -32
12-03 09:04:46.313 W/ActivityManager( 2123): pid 2123 system sent binder code 1 with flags 1 to frozen apps and got error -32
12-03 09:04:46.313 W/ActivityManager( 2123): pid 2123 system sent binder code 1 with flags 1 to frozen apps and got error -32
12-03 09:04:46.314 W/ActivityManager( 2123): pid 2123 system sent binder code 1 with flags 1 to frozen apps and got error -32
12-03 09:04:46.314 W/ActivityManager( 2123): pid 2123 system sent binder code 1 with flags 1 to frozen apps and got error -32
12-03 09:04:46.314 W/ActivityManager( 2123): pid 2123 system sent binder code 1 with flags 1 to frozen apps and got error -32
12-03 09:04:46.314 W/ActivityManager( 2123): pid 2123 system sent binder code 1 with flags 1 to frozen apps and got error -32
12-03 09:04:46.314 W/ActivityManager( 2123): pid 2123 system sent binder code 1 with flags 1 to frozen apps and got error -32
12-03 09:04:46.314 W/ActivityManager( 2123): pid 2123 system sent binder code 1 with flags 1 to frozen apps and got error -32
12-03 09:04:46.314 W/ActivityManager( 2123): pid 2123 system sent binder code 1 with flags 1 to frozen apps and got error -32
12-03 09:04:46.314 W/ActivityManager( 2123): pid 2123 system sent binder code 1 with flags 1 to frozen apps and got error -32
12-03 09:04:46.314 W/ActivityManager( 2123): pid 2123 system sent binder code 1 with flags 1 to frozen apps and got error -32
12-03 09:04:46.315 W/ActivityManager( 2123): pid 2123 system sent binder code 1 with flags 1 to frozen apps and got error -32
12-03 09:04:46.315 W/ActivityManager( 2123): pid 2123 system sent binder code 1 with flags 1 to frozen apps and got error -32
12-03 09:04:46.315 W/ActivityManager( 2123): pid 2123 system sent binder code 1 with flags 1 to frozen apps and got error -32
12-03 09:04:46.315 W/ActivityManager( 2123): pid 2123 system sent binder code 1 with flags 1 to frozen apps and got error -32
12-03 09:04:46.315 W/ActivityManager( 2123): pid 2123 system sent binder code 1 with flags 1 to frozen apps and got error -32
12-03 09:04:46.316 W/ActivityManager( 2123): pid 2123 system sent binder code 1 with flags 1 to frozen apps and got error -32
12-03 09:04:46.316 W/ActivityManager( 2123): pid 2123 system sent binder code 1 with flags 1 to frozen apps and got error -32
12-03 09:04:46.316 W/ActivityManager( 2123): pid 2123 system sent binder code 1 with flags 1 to frozen apps and got error -32
12-03 09:04:46.316 W/ActivityManager( 2123): pid 2123 system sent binder code 1 with flags 1 to frozen apps and got error -32
12-03 09:04:46.316 W/ActivityManager( 2123): pid 2123 system sent binder code 1 with flags 1 to frozen apps and got error -32
12-03 09:04:46.316 W/ActivityManager( 2123): pid 2123 system sent binder code 1 with flags 1 to frozen apps and got error -32
12-03 09:04:46.316 W/ActivityManager( 2123): pid 2123 system sent binder code 1 with flags 1 to frozen apps and got error -32
12-03 09:04:46.316 W/ActivityManager( 2123): pid 2123 system sent binder code 1 with flags 1 to frozen apps and got error -32
12-03 09:04:46.316 W/ActivityManager( 2123): pid 2123 system sent binder code 1 with flags 1 to frozen apps and got error -32
12-03 09:04:46.316 W/ActivityManager( 2123): pid 2123 system sent binder code 1 with flags 1 to frozen apps and got error -32
12-03 09:04:46.316 W/ActivityManager( 2123): pid 2123 system sent binder code 1 with flags 1 to frozen apps and got error -32
12-03 09:04:46.316 W/ActivityManager( 2123): pid 2123 system sent binder code 1 with flags 1 to frozen apps and got error -32
12-03 09:04:46.318 W/ActivityManager( 2123): pid 2123 system sent binder code 1 with flags 1 to frozen apps and got error -32
12-03 09:04:46.319 W/ActivityManager( 2123): pid 2123 system sent binder code 1 with flags 1 to frozen apps and got error -32
12-03 09:04:46.319 W/ActivityManager( 2123): pid 2123 system sent binder code 1 with flags 1 to frozen apps and got error -32
12-03 09:04:46.319 W/ActivityManager( 2123): pid 2123 system sent binder code 1 with flags 1 to frozen apps and got error -32
12-03 09:04:46.319 W/ActivityManager( 2123): pid 2123 system sent binder code 1 with flags 1 to frozen apps and got error -32
12-03 09:04:46.319 W/ActivityManager( 2123): pid 2123 system sent binder code 1 with flags 1 to frozen apps and got error -32
12-03 09:04:46.319 W/ActivityManager( 2123): pid 2123 system sent binder code 1 with flags 1 to frozen apps and got error -32
12-03 09:04:46.319 W/ActivityManager( 2123): pid 2123 system sent binder code 1 with flags 1 to frozen apps and got error -32
12-03 09:04:46.319 W/ActivityManager( 2123): pid 2123 system sent binder code 1 with flags 1 to frozen apps and got error -32
12-03 09:04:46.319 W/ActivityManager( 2123): pid 2123 system sent binder code 1 with flags 1 to frozen apps and got error -32
12-03 09:04:46.320 W/ActivityManager( 2123): pid 2123 system sent binder code 1 with flags 1 to frozen apps and got error -32
12-03 09:04:46.321 W/ActivityManager( 2123): pid 2123 system sent binder code 1 with flags 1 to frozen apps and got error -32
12-03 09:04:46.322 D/WindowManagerShell( 2655): onKeepClearAreasChanged: restricted={}, unrestricted={}
12-03 09:04:46.336 I/AppsFilter( 2123): interaction: PackageSetting{a713889 com.oem.euiccpartnerapp/10332} -> PackageSetting{15c78c5 com.motorola.dolby.dolbyui/10203} BLOCKED
12-03 09:04:46.361 D/ShortcutService( 2123): received package broadcast intent: Intent { act=android.intent.action.PACKAGE_CHANGED dat=package: flg=0x45000010 (has extras) }
12-03 09:04:46.361 D/ShortcutService( 2123): changing package: com.motorola.dolby.dolbyui userId0
12-03 09:04:46.365 W/AccessibilitySecurityPolicy( 2123): Skipping accessibility service com.tmobile.tuesdays/io.cobrowse.CobrowseAccessibilityService: it does not require the permission android.permission.BIND_ACCESSIBILITY_SERVICE
12-03 09:04:46.366 D/ShortcutService( 2123): handlePackageChanged: com.motorola.dolby.dolbyui user=0
12-03 09:04:46.366 D/ShortcutService( 2123): rescanPackageIfNeeded 0@com.motorola.dolby.dolbyui, forceRescan=true , isNewApp=true
12-03 09:04:46.367 W/MagnificationConnectionManager( 2123): requestConnection duplicated request: connect=false, mConnectionState=DISCONNECTED
12-03 09:04:46.380 D/ShortcutService( 2123): Package com.motorola.dolby.dolbyui has 0 manifest shortcut(s), and 0 share target(s)
12-03 09:04:46.407 D/RichTapVibratorService( 2123): none richtap effect, do nothing!!
12-03 09:04:46.408 D/RichTapVibrationHelper( 2123): Not do stop!!
12-03 09:04:46.416 D/RichTapVibratorService( 2123): perform richtap vibrator
12-03 09:04:46.418 D/RichTapVibratorService( 2123): aac richtap perform timeout:20
12-03 09:04:46.425 W/AppOpService( 2123): Ignored setUidMode call for runtime permission app op: uid = 10270, code = READ_CELL_BROADCASTS, mode = allow, callingUid = 1001, oldMode = allow
12-03 09:04:46.434 D/ShortcutService( 2123): Getting shortcuts for launcher= com.motorola.uxcoreuser=0 pkg=com.motorola.dolby.dolbyui
12-03 09:04:46.442 W/AppOpService( 2123): Ignored setUidMode call for runtime permission app op: uid = 1001, code = READ_SMS, mode = allow, callingUid = 1001, oldMode = allow
12-03 09:04:46.443 W/AppOpService( 2123): Ignored setUidMode call for runtime permission app op: uid = 1001, code = RECEIVE_SMS, mode = allow, callingUid = 1001, oldMode = allow
12-03 09:04:46.444 W/AppOpService( 2123): Ignored setUidMode call for runtime permission app op: uid = 1001, code = RECEIVE_WAP_PUSH, mode = allow, callingUid = 1001, oldMode = allow
12-03 09:04:46.444 W/AppOpService( 2123): Ignored setUidMode call for runtime permission app op: uid = 1001, code = SEND_SMS, mode = allow, callingUid = 1001, oldMode = allow
12-03 09:04:46.445 W/AppOpService( 2123): Ignored setUidMode call for runtime permission app op: uid = 1001, code = READ_CELL_BROADCASTS, mode = allow, callingUid = 1001, oldMode = allow
12-03 09:04:46.452 W/AppOpService( 2123): Ignored setUidMode call for runtime permission app op: uid = 10220, code = FINE_LOCATION, mode = allow, callingUid = 1000, oldMode = allow
12-03 09:04:46.467 W/AppOpService( 2123): Ignored setUidMode call for runtime permission app op: uid = 10220, code = FINE_LOCATION, mode = allow, callingUid = 1000, oldMode = allow
12-03 09:04:46.545 D/RestartModeController( 2123): determineRescueAppAfterAppFinishItself@1 null pkgName=com.xingin.xhs
12-03 09:04:46.545 V/WindowManagerShell( 2655): Transition requested (#34517): android.os.BinderProxy@c064f3f TransitionRequestInfo { type = CLOSE, triggerTask = null, pipTask = null, remoteTransition = null, displayChange = null, flags = 0, debugId = 34517 }
12-03 09:04:46.570 W/AccessibilityWindowsPopulator( 2123): The displayInfo of this displayId (1) called back from the surface fligner is null
12-03 09:04:46.691 I/DisplayDeviceRepository( 2123): Display device changed render timings: "Built-in Screen", renderFrameRate=120.00001, presentationDeadlineNanos=13300000, appVsyncOffsetNanos=1099999
12-03 09:04:46.693 D/BrightnessThermalClamper( 2123): Thermal status observer already started
12-03 09:04:46.693 D/DisplayManagerService( 2123): Ignore redundant display event 0/2 to 10349/8695
12-03 09:04:46.693 D/CLI/Transition( 2123): displaygroup 0, state ON, pendingdisplaygroup {}
12-03 09:04:46.693 D/DisplayManagerService( 2123): Ignore redundant display event 0/2 to 10480/16554
12-03 09:04:46.737 W/MotoBatteryCareService( 2123): uid: 10489 pkgName:com.xingin.xhs come to foreground
12-03 09:04:46.764 D/addPss  ( 2123): tracker=ProcessState{29c2098 com.xingin.xhs/10489 pkg=com.xingin.xhs}
12-03 09:04:46.779 I/DisplayDeviceRepository( 2123): Display device changed render timings: "Built-in Screen", renderFrameRate=90.0, presentationDeadlineNanos=16700000, appVsyncOffsetNanos=1033333
12-03 09:04:46.783 D/BrightnessThermalClamper( 2123): Thermal status observer already started
12-03 09:04:46.783 D/CLI/Transition( 2123): displaygroup 0, state ON, pendingdisplaygroup {}
12-03 09:04:46.784 D/DisplayManagerService( 2123): Ignore redundant display event 0/2 to 10349/8695
12-03 09:04:46.784 D/DisplayManagerService( 2123): Ignore redundant display event 0/2 to 10480/16554
12-03 09:04:46.910 E/ActivityThread(22661): Failed to find provider info for com.motorola.securevault.provider
12-03 09:04:46.917 D/ActivityManager( 2123): freezing 22156 er.notepad.notes.notebook.checklist.calendar, reason=moto_freezer, adj=915, adjType=cch-empty
12-03 09:04:46.977 W/AccessibilityWindowsPopulator( 2123): The displayInfo of this displayId (1) called back from the surface fligner is null
12-03 09:04:46.986 E/ActivityThread(22661): Failed to find provider info for com.motorola.motowaves.provider.moto
12-03 09:04:46.990 E/ActivityThread(22661): Failed to find provider info for com.motorola.securevault.provider
12-03 09:04:46.990 E/ActivityThread(22661): Failed to find provider info for com.motorola.securevault.provider
12-03 09:04:46.992 E/ActivityThread(22661): Failed to find provider info for com.motorola.motofpstouch.provider
12-03 09:04:46.996 E/ActivityThread(22661): Failed to find provider info for com.motorola.motoedgeassistant.provider
12-03 09:04:46.998 E/ActivityThread(22661): Failed to find provider info for com.motorola.magictouch.provider
12-03 09:04:47.002 E/ActivityThread(22661): Failed to find provider info for com.motorola.motofpstouch.provider
12-03 09:04:47.003 E/ActivityThread(22661): Failed to find provider info for com.motorola.motowaves.provider.moto
12-03 09:04:47.003 E/ActivityThread(22661): Failed to find provider info for com.motorola.motoedgeassistant.provider
12-03 09:04:47.003 E/ActivityThread(22661): Failed to find provider info for com.motorola.motoedgeassistant.provide
12-03 09:04:47.004 E/ActivityThread(22661): Failed to find provider info for com.motorola.motofpstouch.provider
12-03 09:04:47.005 E/ActivityThread(22661): Failed to find provider info for com.motorola.motoprovider.VideoEffectsProvider
12-03 09:04:47.008 E/ActivityThread(22661): Failed to find provider info for com.motorola.motowaves.provider.moto
12-03 09:04:47.011 E/ActivityThread(22661): Failed to find provider info for com.motorola.magictouch.provider
12-03 09:04:47.012 E/ActivityThread(22661): Failed to find provider info for com.motorola.magictouch.provider
12-03 09:04:47.012 E/ActivityThread(22661): Failed to find provider info for com.motorola.securevault.provider
12-03 09:04:47.013 E/ActivityThread(22661): Failed to find provider info for com.motorola.motoprovider.VideoEffectsProvider
12-03 09:04:47.017 E/ActivityThread(22661): Failed to find provider info for com.motorola.magictouch.provider
12-03 09:04:47.018 E/ActivityThread(22661): Failed to find provider info for com.motorola.motofpstouch.provider
12-03 09:04:47.018 E/ActivityThread(22661): Failed to find provider info for com.motorola.securevault.provider
12-03 09:04:47.018 E/ActivityThread(22661): Failed to find provider info for com.motorola.motowaves.provider.moto
12-03 09:04:47.018 E/ActivityThread(22661): Failed to find provider info for com.motorola.motoedgeassistant.provider
12-03 09:04:47.019 E/ActivityThread(22661): Failed to find provider info for com.motorola.motoprovider.VideoEffectsProvider
12-03 09:04:47.055 D/PowerManagerService( 2123): nativeSetPowerMode ret:true mode:5 enabled:false duration ms: 1
12-03 09:04:47.107 W/AccessibilityWindowsPopulator( 2123): The displayInfo of this displayId (1) called back from the surface fligner is null
12-03 09:04:47.116 V/WindowManager( 2123): Sent Transition (#34517) createdAt=12-03 09:04:46.545 via request=TransitionRequestInfo { type = CLOSE, triggerTask = null, pipTask = null, remoteTransition = null, displayChange = null, flags = 0, debugId = 34517 }
12-03 09:04:47.116 V/WindowManager( 2123):     startWCT=WindowContainerTransaction { changes = {} hops = [] errorCallbackToken=null taskFragmentOrganizer=null }
12-03 09:04:47.116 V/WindowManager( 2123):     info={id=34517 t=CLOSE f=0x0 trk=0 opt={t=FROM_STYLE} r=[0@Point(0, 0)] c=[
12-03 09:04:47.116 V/WindowManager( 2123):         {null m=CLOSE f=FILLS_TASK leash=Surface(name=ActivityRecord{1d33a8b u0 com.xingin.xhs/com.xingin.im.ui.activity.ChatActivity)/@0x1864528 sb=Rect(0, 0 - 1080, 2640) eb=Rect(0, 0 - 1080, 2640) d=0 bc=fffafafa component=com.xingin.xhs/com.xingin.im.ui.activity.ChatActivity},
12-03 09:04:47.116 V/WindowManager( 2123):         {null m=TO_FRONT f=FILLS_TASK leash=Surface(name=ActivityRecord{44ff488 u0 com.xingin.xhs/.index.v2.IndexActivityV2)/@0x1d4a74b sb=Rect(0, 0 - 1080, 2640) eb=Rect(0, 0 - 1080, 2640) d=0 bc=fffafafa component=com.xingin.xhs/.index.v2.IndexActivityV2}
12-03 09:04:47.116 V/WindowManager( 2123):     ]}
12-03 09:04:47.121 V/WindowManagerShell( 2655): onTransitionReady(transaction=9118217925264)
12-03 09:04:47.121 V/WindowManagerShell( 2655): onTransitionReady (#34517) android.os.BinderProxy@c064f3f: {id=34517 t=CLOSE f=0x0 trk=0 opt={t=FROM_STYLE} r=[0@Point(0, 0)] c=[{null m=CLOSE f=FILLS_TASK leash=Surface(name=ActivityRecord{1d33a8b u0 com.xingin.xhs/com.xingin.im.ui.activity.ChatActivity)/@0x74abfd3 sb=Rect(0, 0 - 1080, 2640) eb=Rect(0, 0 - 1080, 2640) d=0 bc=fffafafa component=com.xingin.xhs/com.xingin.im.ui.activity.ChatActivity},{null m=TO_FRONT f=FILLS_TASK leash=Surface(name=ActivityRecord{44ff488 u0 com.xingin.xhs/.index.v2.IndexActivityV2)/@0x1782710 sb=Rect(0, 0 - 1080, 2640) eb=Rect(0, 0 - 1080, 2640) d=0 bc=fffafafa component=com.xingin.xhs/.index.v2.IndexActivityV2}]}
12-03 09:04:47.121 V/WindowManagerShell( 2655): Playing animation for (#34517) android.os.BinderProxy@c064f3f@0
12-03 09:04:47.121 V/WindowManagerShell( 2655):  try handler com.android.wm.shell.taskview.TaskViewTransitions@fd8c5c
12-03 09:04:47.121 V/WindowManagerShell( 2655):  try handler com.android.wm.shell.transition.DefaultMixedHandler@f5edfb8
12-03 09:04:47.122 V/WindowManagerShell( 2655):  try handler com.android.wm.shell.keyguard.KeyguardTransitionHandler@3df8191
12-03 09:04:47.122 V/WindowManagerShell( 2655):  try handler com.android.wm.shell.pip.PipTransition@d8e855e
12-03 09:04:47.122 W/UserManagerService( 2123): Requested status bar icon for non-badged user 0
12-03 09:04:47.122 V/WindowManagerShell( 2655):  try handler com.android.wm.shell.activityembedding.ActivityEmbeddingController@7059d3f
12-03 09:04:47.122 V/WindowManagerShell( 2655):  try handler com.android.wm.shell.recents.RecentsTransitionHandler@107560c
12-03 09:04:47.122 V/ShellRecents( 2655): RecentsTransitionHandler.startAnimation: no controller found
12-03 09:04:47.122 V/WindowManagerShell( 2655):  try handler com.android.wm.shell.splitscreen.StageCoordinator@59f7b55
12-03 09:04:47.122 V/WindowManagerShell( 2655):  try handler com.android.wm.shell.transition.RemoteTransitionHandler@539996a
12-03 09:04:47.122 V/WindowManagerShell( 2655): Transition doesn't have explicit remote, search filters for match for {id=34517 t=CLOSE f=0x0 trk=0 opt={t=FROM_STYLE} r=[0@Point(0, 0)] c=[{null m=CLOSE f=FILLS_TASK leash=Surface(name=ActivityRecord{1d33a8b u0 com.xingin.xhs/com.xingin.im.ui.activity.ChatActivity)/@0x74abfd3 sb=Rect(0, 0 - 1080, 2640) eb=Rect(0, 0 - 1080, 2640) d=0 bc=fffafafa component=com.xingin.xhs/com.xingin.im.ui.activity.ChatActivity},{null m=TO_FRONT f=FILLS_TASK leash=Surface(name=ActivityRecord{44ff488 u0 com.xingin.xhs/.index.v2.IndexActivityV2)/@0x1782710 sb=Rect(0, 0 - 1080, 2640) eb=Rect(0, 0 - 1080, 2640) d=0 bc=fffafafa component=com.xingin.xhs/.index.v2.IndexActivityV2}]}
12-03 09:04:47.122 V/WindowManagerShell( 2655):  Checking filter Pair{{types=[] flags=0x0] notFlags=0x100 checks=[{atype=home independent=true modes=[OPEN,TO_FRONT] flags=NONE mustBeTask=false order=TOP topActivity=ComponentInfo{com.motorola.launcher3/com.android.launcher3.uioverrides.QuickstepLauncher} launchCookie=null},{atype=standard independent=true modes=[CLOSE,TO_BACK] flags=NONE mustBeTask=false order=ANY topActivity=null launchCookie=null}]} RemoteTransition { remoteTransition = android.window.IRemoteTransition$Stub$Proxy@cd2ad81, appThread = android.app.IApplicationThread$Stub$Proxy@9575e26, debugName = QuickstepLaunchHome }}
12-03 09:04:47.122 V/WindowManagerShell( 2655):  Delegate animation for (#34517) to null
12-03 09:04:47.122 V/WindowManagerShell( 2655):  try handler com.android.wm.shell.transition.DefaultTransitionHandler@e2977d1
12-03 09:04:47.122 V/WindowManagerShell( 2655): start default transition animation, info = {id=34517 t=CLOSE f=0x0 trk=0 opt={t=FROM_STYLE} r=[0@Point(0, 0)] c=[{null m=CLOSE f=FILLS_TASK leash=Surface(name=ActivityRecord{1d33a8b u0 com.xingin.xhs/com.xingin.im.ui.activity.ChatActivity)/@0x74abfd3 sb=Rect(0, 0 - 1080, 2640) eb=Rect(0, 0 - 1080, 2640) d=0 bc=fffafafa component=com.xingin.xhs/com.xingin.im.ui.activity.ChatActivity},{null m=TO_FRONT f=FILLS_TASK leash=Surface(name=ActivityRecord{44ff488 u0 com.xingin.xhs/.index.v2.IndexActivityV2)/@0x1782710 sb=Rect(0, 0 - 1080, 2640) eb=Rect(0, 0 - 1080, 2640) d=0 bc=fffafafa component=com.xingin.xhs/.index.v2.IndexActivityV2}]}
12-03 09:04:47.122 V/WindowManagerShell( 2655): loadAnimation: anim=android.view.animation.AnimationSet@dc3bc0e animAttr=0x6 type=CLOSE isEntrance=true
12-03 09:04:47.123 V/WindowManagerShell( 2655): loadAnimation: anim=android.view.animation.AnimationSet@520a43c animAttr=0x7 type=CLOSE isEntrance=false
12-03 09:04:47.125 V/WindowManagerShell( 2655):  animated by com.android.wm.shell.transition.DefaultTransitionHandler@e2977d1
12-03 09:04:47.151 W/PackageConfigPersister( 2123): App-specific configuration not found for packageName: com.xingin.xhs and userId: 0
12-03 09:04:47.152 W/AccessibilityWindowsPopulator( 2123): The displayInfo of this displayId (1) called back from the surface fligner is null
12-03 09:04:47.152 W/MotoBatteryCareService( 2123): uid: 10489 pkgName:com.xingin.xhs come to foreground
12-03 09:04:47.430 V/WindowManagerShell( 2655): Transition animation finished (aborted=false), notifying core (#34517) android.os.BinderProxy@c064f3f@0
12-03 09:04:47.430 V/WindowManager( 2123): Finish Transition (#34517): created at 12-03 09:04:46.545 collect-started=0.019ms request-sent=0.054ms started=2.155ms ready=172.487ms sent=569.886ms finished=885.44ms
12-03 09:04:47.432 V/WindowManagerShell( 2655): Track 0 became idle
12-03 09:04:47.433 V/WindowManagerShell( 2655): All active transition animations finished
12-03 09:04:47.434 W/UserManagerService( 2123): Requested status bar icon for non-badged user 0
12-03 09:04:47.436 W/UserManagerService( 2123): Requested status bar icon for non-badged user 0
12-03 09:04:47.481 D/CoreBackPreview( 2123): Window{fafd2b8 u0 PopupWindow:df9d71a}: Setting back callback null
12-03 09:04:47.482 D/PowerManagerService( 2123): nativeSetPowerMode ret:true mode:5 enabled:false duration ms: 0
12-03 09:04:47.498 W/AccessibilityWindowsPopulator( 2123): The displayInfo of this displayId (1) called back from the surface fligner is null
12-03 09:04:47.515 D/CoreBackPreview( 2123): Window{2d365f u0 com.xingin.xhs/com.xingin.im.ui.activity.ChatActivity}: Setting back callback null
12-03 09:04:47.535 I/ActivityManager( 2123): appDiedLocked: app=ProcessRecord{5276f44 22156:er.notepad.notes.notebook.checklist.calendar/u0a610} thread=android.os.BinderProxy@6deadeb fromBinderDied=true isKilledByAm=false reason=null
12-03 09:04:47.535 I/ActivityManager( 2123): Process er.notepad.notes.notebook.checklist.calendar (pid 22156) has died: cch+15 CEM 
12-03 09:04:47.541 D/RestartModeController( 2123): markWaitRestartAppIsSuicided null processName=er.notepad.notes.notebook.checklist.calendar
12-03 09:04:47.542 D/DisplayManagerService( 2123): Drop pending events for gone uid 10610
12-03 09:04:47.542 D/ActivityTaskManager( 2123): handleAppDied: uid=10610,diedCount=1,lastDiedTime=744617283,forceStopUids=false
12-03 09:04:47.585 W/AccessibilityWindowsPopulator( 2123): The displayInfo of this displayId (1) called back from the surface fligner is null
12-03 09:04:47.977 D/ActivityTaskManager( 2123): getPreferredLaunchDisplay userset_displayid false user set display id 0, current focus display 0
12-03 09:04:47.981 I/SettingsAccessControlPolicy( 2123): isDeviceSettingsChangeDisabled: value -> false
12-03 09:04:47.985 W/OptProp ( 2123): Cannot read opt property android.window.PROPERTY_COMPAT_ALLOW_ORIENTATION_OVERRIDE
12-03 09:04:47.986 W/OptProp ( 2123): Cannot read opt property android.window.PROPERTY_COMPAT_ALLOW_RESIZEABLE_ACTIVITY_OVERRIDES
12-03 09:04:47.986 W/OptProp ( 2123): Cannot read opt property android.window.PROPERTY_COMPAT_ALLOW_MIN_ASPECT_RATIO_OVERRIDE
12-03 09:04:47.986 D/ActivityTaskManager( 2123): getPreferredLaunchDisplay userset_displayid false user set display id 0, current focus display 0
12-03 09:04:47.986 D/ActivityTaskManager( 2123): getPreferredLaunchDisplay userset_displayid false user set display id 0, current focus display 0
12-03 09:04:47.986 D/ActivityTaskManager( 2123): getPreferredLaunchDisplay userset_displayid false user set display id 0, current focus display 0
12-03 09:04:47.986 D/ActivityTaskManager( 2123): getPreferredLaunchDisplay userset_displayid false user set display id 0, current focus display 0
12-03 09:04:47.986 D/ActivityTaskManager( 2123): getPreferredLaunchDisplay userset_displayid false user set display id 0, current focus display 0
12-03 09:04:47.986 D/ActivityTaskManager( 2123): getPreferredLaunchDisplay userset_displayid false user set display id 0, current focus display 0
12-03 09:04:47.989 D/PowerManagerService( 2123): nativeSetPowerMode ret:true mode:5 enabled:true duration ms: 0
12-03 09:04:47.991 I/ActivityTaskManager( 2123): START u0 {dat=xhsdiscover://message/... flg=0x24000000 cmp=com.xingin.xhs/com.xingin.im.ui.activity.ChatActivity (has extras)} with LAUNCH_MULTIPLE from uid 10489 (startActivityAsUser) (BAL_ALLOW_VISIBLE_WINDOW) result code=0
12-03 09:04:47.991 V/WindowManagerShell( 2655): Transition requested (#34518): android.os.BinderProxy@71c828 TransitionRequestInfo { type = OPEN, triggerTask = TaskInfo{userId=0 taskId=89542 displayId=0 isRunning=true baseIntent=Intent { act=android.intent.action.MAIN cat=[android.intent.category.LAUNCHER] flg=0x10200000 cmp=com.xingin.xhs/.index.v2.IndexActivityV2 } baseActivity=ComponentInfo{com.xingin.xhs/com.xingin.xhs.index.v2.IndexActivityV2} topActivity=ComponentInfo{com.xingin.xhs/com.xingin.im.ui.activity.ChatActivity} origActivity=null realActivity=ComponentInfo{com.xingin.xhs/com.xingin.xhs.index.v2.IndexActivityV2} numActivities=2 lastActiveTime=940816341 supportsMultiWindow=true supportsGlobalFreeform=true resizeMode=2 isResizeable=true isAppLocked=false isShowDecorCaptionWindowRequest=false canKillAndRestart=false minWidth=-1 minHeight=-1 defaultMinSize=200 token=WCT{android.window.IWindowContainerToken$Stub$Proxy@25e9941} topActivityType=1 pictureInPictureParams=null shouldDockBigOverlays=false launchIntoPipHostTaskId=-1 lastParentTaskIdBeforePip=-1 displayCutoutSafeInsets=Rect(0, 108 - 0, 0) topActivityInfo=ActivityInfo{e3f3ee6 com.xingin.im.ui.activity.ChatActivity} launchCookies=[] positionInParent=Point(0, 0) parentTaskId=-1 isFocused=true isVisible=true isVisibleRequested=true isSleeping=false locusId=null displayAreaFeatureId=1 isTopActivityTransparent=false appCompatTaskInfo=AppCompatTaskInfo { topActivityInSizeCompat=false topActivityEligibleForLetterboxEducation= falseisLetterboxEducationEnabled= false isLetterboxDoubleTapEnabled= false topActivityEligibleForUserAspectRatioButton= false topActivityBoundsLetterboxed= false isFromLetterboxDoubleTap= false topActivityLetterboxVerticalPosition= -1 topActivityLetterboxHorizontalPosition= -1 topActivityLetterboxWidth=1080 topActivityLetterboxHeight=2640 isUserFullscreenOverrideEnabled=false isSystemFullscreenOverrideEnabled=false cameraCompatTaskInfo=CameraCompatTaskInfo { cameraCompatControlState=hidden freeformCameraCompatMode=inactive}}}, pipTask = null, remoteTransition = null, displayChange = null, flags = 0, debugId = 34518 }
12-03 09:04:47.997 I/ActivityTaskManager( 2123): The Process com.xingin.xhs Already Exists in BG. So sending its PID: 21162
12-03 09:04:47.997 W/MotoBatteryCareService( 2123): uid: 10489 pkgName:com.xingin.xhs come to foreground
12-03 09:04:48.030 W/ActivityManager( 2123): Background start not allowed: service Intent { cmp=com.instagram.android/com.instagram.jobscheduler.bgfetch.scheduler.IgBgFetchTaskLifeService (has extras) } to com.instagram.android/com.instagram.jobscheduler.bgfetch.scheduler.IgBgFetchTaskLifeService from pid=22999 uid=10500 pkg=com.instagram.android startFg?=false
12-03 09:04:48.179 I/ActivityManager( 2123): Flag disabled. Ignoring finishAttachApplication from uid: 10500. pid: 22999
12-03 09:04:48.331 D/CoreBackPreview( 2123): Window{7c345b9 u0 com.xingin.xhs/com.xingin.im.ui.activity.ChatActivity}: Setting back callback OnBackInvokedCallbackInfo{mCallback=android.window.IOnBackInvokedCallback$Stub$Proxy@2c1a9eb, mPriority=0, mIsAnimationCallback=false}
12-03 09:04:48.362 V/WindowManager( 2123): Sent Transition (#34518) createdAt=12-03 09:04:47.986 via request=TransitionRequestInfo { type = OPEN, triggerTask = TaskInfo{userId=0 taskId=89542 displayId=0 isRunning=true baseIntent=Intent { act=android.intent.action.MAIN cat=[android.intent.category.LAUNCHER] flg=0x10200000 cmp=com.xingin.xhs/.index.v2.IndexActivityV2 } baseActivity=ComponentInfo{com.xingin.xhs/com.xingin.xhs.index.v2.IndexActivityV2} topActivity=ComponentInfo{com.xingin.xhs/com.xingin.im.ui.activity.ChatActivity} origActivity=null realActivity=ComponentInfo{com.xingin.xhs/com.xingin.xhs.index.v2.IndexActivityV2} numActivities=2 lastActiveTime=940816341 supportsMultiWindow=true supportsGlobalFreeform=true resizeMode=2 isResizeable=true isAppLocked=false isShowDecorCaptionWindowRequest=false canKillAndRestart=true minWidth=-1 minHeight=-1 defaultMinSize=200 token=WCT{RemoteToken{9b2a257 Task{8ad41a3 #89542 type=standard A=10489:com.xingin.xhs}}} topActivityType=1 pictureInPictureParams=null shouldDockBigOverlays=false launchIntoPipHostTaskId=-1 lastParentTaskIdBeforePip=-1 displayCutoutSafeInsets=Rect(0, 108 - 0, 0) topActivityInfo=ActivityInfo{6c96bbb com.xingin.im.ui.activity.ChatActivity} launchCookies=[] positionInParent=Point(0, 0) parentTaskId=-1 isFocused=true isVisible=true isVisibleRequested=true isSleeping=false locusId=null displayAreaFeatureId=1 isTopActivityTransparent=false appCompatTaskInfo=AppCompatTaskInfo { topActivityInSizeCompat=false topActivityEligibleForLetterboxEducation= falseisLetterboxEducationEnabled= false isLetterboxDoubleTapEnabled= false topActivityEligibleForUserAspectRatioButton= false topActivityBoundsLetterboxed= false isFromLetterboxDoubleTap= false topActivityLetterboxVerticalPosition= -1 topActivityLetterboxHorizontalPosition= -1 topActivityLetterboxWidth=1080 topActivityLetterboxHeight=2640 isUserFullscreenOverrideEnabled=false isSystemFullscreenOverrideEnabled=false cameraCompatTaskInfo=CameraCompatTaskInfo { cameraCompatControlState=hidden freeformCameraCompatMode=inactive}}}, pipTask = null, remoteTransition = null, displayChange = null, flags = 0, debugId = 34518 }
12-03 09:04:48.362 V/WindowManager( 2123):     startWCT=WindowContainerTransaction { changes = {} hops = [] errorCallbackToken=null taskFragmentOrganizer=null }
12-03 09:04:48.362 V/WindowManager( 2123):     info={id=34518 t=OPEN f=0x0 trk=0 opt={t=FROM_STYLE} r=[0@Point(0, 0)] c=[
12-03 09:04:48.362 V/WindowManager( 2123):         {null m=OPEN f=FILLS_TASK leash=Surface(name=ActivityRecord{c7ba281 u0 com.xingin.xhs/com.xingin.im.ui.activity.ChatActivity)/@0x44c0e3e sb=Rect(0, 0 - 0, 0) eb=Rect(0, 0 - 1080, 2640) d=-1->0 r=-1->0:-1 bc=fffafafa component=com.xingin.xhs/com.xingin.im.ui.activity.ChatActivity},
12-03 09:04:48.362 V/WindowManager( 2123):         {null m=TO_BACK f=FILLS_TASK leash=Surface(name=ActivityRecord{44ff488 u0 com.xingin.xhs/.index.v2.IndexActivityV2)/@0x1d4a74b sb=Rect(0, 0 - 1080, 2640) eb=Rect(0, 0 - 1080, 2640) d=0 bc=fffafafa component=com.xingin.xhs/.index.v2.IndexActivityV2}
12-03 09:04:48.362 V/WindowManager( 2123):     ]}
12-03 09:04:48.363 W/UserManagerService( 2123): Requested status bar icon for non-badged user 0
12-03 09:04:48.362 V/WindowManagerShell( 2655): onTransitionReady(transaction=9118217925296)
12-03 09:04:48.363 V/WindowManagerShell( 2655): onTransitionReady (#34518) android.os.BinderProxy@71c828: {id=34518 t=OPEN f=0x0 trk=0 opt={t=FROM_STYLE} r=[0@Point(0, 0)] c=[{null m=OPEN f=FILLS_TASK leash=Surface(name=ActivityRecord{c7ba281 u0 com.xingin.xhs/com.xingin.im.ui.activity.ChatActivity)/@0x1fc0c27 sb=Rect(0, 0 - 0, 0) eb=Rect(0, 0 - 1080, 2640) d=-1->0 r=-1->0:-1 bc=fffafafa component=com.xingin.xhs/com.xingin.im.ui.activity.ChatActivity},{null m=TO_BACK f=FILLS_TASK leash=Surface(name=ActivityRecord{44ff488 u0 com.xingin.xhs/.index.v2.IndexActivityV2)/@0x12f3ed4 sb=Rect(0, 0 - 1080, 2640) eb=Rect(0, 0 - 1080, 2640) d=0 bc=fffafafa component=com.xingin.xhs/.index.v2.IndexActivityV2}]}
12-03 09:04:48.363 V/WindowManagerShell( 2655): Playing animation for (#34518) android.os.BinderProxy@71c828@0
12-03 09:04:48.363 V/WindowManagerShell( 2655):  try handler com.android.wm.shell.taskview.TaskViewTransitions@fd8c5c
12-03 09:04:48.363 V/WindowManagerShell( 2655):  try handler com.android.wm.shell.transition.DefaultMixedHandler@f5edfb8
12-03 09:04:48.363 V/WindowManagerShell( 2655):  try handler com.android.wm.shell.keyguard.KeyguardTransitionHandler@3df8191
12-03 09:04:48.363 V/WindowManagerShell( 2655):  try handler com.android.wm.shell.pip.PipTransition@d8e855e
12-03 09:04:48.363 V/WindowManagerShell( 2655):  try handler com.android.wm.shell.activityembedding.ActivityEmbeddingController@7059d3f
12-03 09:04:48.363 V/WindowManagerShell( 2655):  try handler com.android.wm.shell.recents.RecentsTransitionHandler@107560c
12-03 09:04:48.363 V/ShellRecents( 2655): RecentsTransitionHandler.startAnimation: no controller found
12-03 09:04:48.363 V/WindowManagerShell( 2655):  try handler com.android.wm.shell.splitscreen.StageCoordinator@59f7b55
12-03 09:04:48.363 V/WindowManagerShell( 2655):  try handler com.android.wm.shell.transition.RemoteTransitionHandler@539996a
12-03 09:04:48.364 V/WindowManagerShell( 2655): Transition doesn't have explicit remote, search filters for match for {id=34518 t=OPEN f=0x0 trk=0 opt={t=FROM_STYLE} r=[0@Point(0, 0)] c=[{null m=OPEN f=FILLS_TASK leash=Surface(name=ActivityRecord{c7ba281 u0 com.xingin.xhs/com.xingin.im.ui.activity.ChatActivity)/@0x1fc0c27 sb=Rect(0, 0 - 0, 0) eb=Rect(0, 0 - 1080, 2640) d=-1->0 r=-1->0:-1 bc=fffafafa component=com.xingin.xhs/com.xingin.im.ui.activity.ChatActivity},{null m=TO_BACK f=FILLS_TASK leash=Surface(name=ActivityRecord{44ff488 u0 com.xingin.xhs/.index.v2.IndexActivityV2)/@0x12f3ed4 sb=Rect(0, 0 - 1080, 2640) eb=Rect(0, 0 - 1080, 2640) d=0 bc=fffafafa component=com.xingin.xhs/.index.v2.IndexActivityV2}]}
12-03 09:04:48.364 V/WindowManagerShell( 2655):  Checking filter Pair{{types=[] flags=0x0] notFlags=0x100 checks=[{atype=home independent=true modes=[OPEN,TO_FRONT] flags=NONE mustBeTask=false order=TOP topActivity=ComponentInfo{com.motorola.launcher3/com.android.launcher3.uioverrides.QuickstepLauncher} launchCookie=null},{atype=standard independent=true modes=[CLOSE,TO_BACK] flags=NONE mustBeTask=false order=ANY topActivity=null launchCookie=null}]} RemoteTransition { remoteTransition = android.window.IRemoteTransition$Stub$Proxy@cd2ad81, appThread = android.app.IApplicationThread$Stub$Proxy@9575e26, debugName = QuickstepLaunchHome }}
12-03 09:04:48.364 V/WindowManagerShell( 2655):  Delegate animation for (#34518) to null
12-03 09:04:48.364 V/WindowManagerShell( 2655):  try handler com.android.wm.shell.transition.DefaultTransitionHandler@e2977d1
12-03 09:04:48.364 V/WindowManagerShell( 2655): start default transition animation, info = {id=34518 t=OPEN f=0x0 trk=0 opt={t=FROM_STYLE} r=[0@Point(0, 0)] c=[{null m=OPEN f=FILLS_TASK leash=Surface(name=ActivityRecord{c7ba281 u0 com.xingin.xhs/com.xingin.im.ui.activity.ChatActivity)/@0x1fc0c27 sb=Rect(0, 0 - 0, 0) eb=Rect(0, 0 - 1080, 2640) d=-1->0 r=-1->0:-1 bc=fffafafa component=com.xingin.xhs/com.xingin.im.ui.activity.ChatActivity},{null m=TO_BACK f=FILLS_TASK leash=Surface(name=ActivityRecord{44ff488 u0 com.xingin.xhs/.index.v2.IndexActivityV2)/@0x12f3ed4 sb=Rect(0, 0 - 1080, 2640) eb=Rect(0, 0 - 1080, 2640) d=0 bc=fffafafa component=com.xingin.xhs/.index.v2.IndexActivityV2}]}
12-03 09:04:48.364 V/WindowManagerShell( 2655): loadAnimation: anim=android.view.animation.AnimationSet@6306372 animAttr=0x5 type=OPEN isEntrance=false
12-03 09:04:48.364 V/WindowManagerShell( 2655): loadAnimation: anim=android.view.animation.AnimationSet@d1343c3 animAttr=0x4 type=OPEN isEntrance=true
12-03 09:04:48.365 V/WindowManagerShell( 2655):  animated by com.android.wm.shell.transition.DefaultTransitionHandler@e2977d1
12-03 09:04:48.366 D/PowerManagerService( 2123): nativeSetPowerMode ret:true mode:5 enabled:true duration ms: 0
12-03 09:04:48.483 D/CoreBackPreview( 2123): Window{e831af0 u0 PopupWindow:46b9639}: Setting back callback OnBackInvokedCallbackInfo{mCallback=android.window.IOnBackInvokedCallback$Stub$Proxy@6108629, mPriority=0, mIsAnimationCallback=false}
12-03 09:04:48.600 W/PackageConfigPersister( 2123): App-specific configuration not found for packageName: com.xingin.xhs and userId: 0
12-03 09:04:48.674 V/WindowManagerShell( 2655): Transition animation finished (aborted=false), notifying core (#34518) android.os.BinderProxy@71c828@0
12-03 09:04:48.676 V/WindowManager( 2123): Finish Transition (#34518): created at 12-03 09:04:47.986 collect-started=0.015ms request-sent=4.177ms started=5.745ms ready=13.259ms sent=373.469ms finished=689.514ms
12-03 09:04:48.678 V/WindowManagerShell( 2655): Track 0 became idle
12-03 09:04:48.678 V/WindowManagerShell( 2655): All active transition animations finished
12-03 09:04:48.678 W/UserManagerService( 2123): Requested status bar icon for non-badged user 0
12-03 09:04:48.681 W/UserManagerService( 2123): Requested status bar icon for non-badged user 0
12-03 09:04:48.775 W/AccessibilityWindowsPopulator( 2123): The displayInfo of this displayId (1) called back from the surface fligner is null
12-03 09:04:48.797 D/PowerManagerService( 2123): nativeSetPowerMode ret:true mode:5 enabled:false duration ms: 0
12-03 09:04:48.797 W/MotoBatteryCareService( 2123): uid: 10489 pkgName:com.xingin.xhs come to foreground
12-03 09:04:48.835 D/PowerManagerService( 2123): nativeReleaseSuspendBlocker name:PowerManagerService.WakeLocks duration ms: 1
12-03 09:04:48.998 W/AccessibilityManagerService( 2123):  wait for adding window timeout: 32877
12-03 09:04:49.117 D/ActivityManager( 2123): freezing 21635 com.ironsrc.aura.appmanager.tmo, reason=moto_freezer, adj=700, adjType=recent-provider
12-03 09:04:49.507 D/BatteryService( 2123): uevent={POWER_SUPPLY_VOLTAGE_NOW=3747000, POWER_SUPPLY_VBUS_PRESENT=true, POWER_SUPPLY_TYPE=Battery, POWER_SUPPLY_HEALTH=Good, POWER_SUPPLY_TECHNOLOGY=Li-poly, POWER_SUPPLY_SCOPE=92, POWER_SUPPLY_CHARGE_FULL_DESIGN=4200000, SEQNUM=109942, POWER_SUPPLY_STATUS=Charging, POWER_SUPPLY_CYCLE_COUNT=461, POWER_SUPPLY_CAPACITY=31, DEVPATH=/devices/platform/smart_battery/power_supply/battery, POWER_SUPPLY_ENERGY_EMPTY=0, POWER_SUPPLY_CHARGE_RATE=Normal, POWER_SUPPLY_CAPACITY_LEVEL=Normal, POWER_SUPPLY_CURRENT_NOW=-402000, POWER_SUPPLY_PRESENT=1, POWER_SUPPLY_POWER_WATT=2, POWER_SUPPLY_CHARGE_FULL=3706000, SUBSYSTEM=power_supply, POWER_SUPPLY_VOLTAGE_OCV=3747000, POWER_SUPPLY_TEMP=329, ACTION=change, POWER_SUPPLY_AGE=92, POWER_SUPPLY_CHARGE_REAL_TYPE=1, POWER_SUPPLY_NAME=battery, POWER_SUPPLY_LPD_PRESENT=false, POWER_SUPPLY_CHARGE_COUNTER=1111000, POWER_SUPPLY_POWER_WATT_DESIGN=30}
12-03 09:04:49.524 D/PowerManagerService( 2123): nativeAcquireSuspendBlocker name:PowerManagerService.WakeLocks duration ms: 1
12-03 09:04:49.540 D/PowerManagerService( 2123): nativeReleaseSuspendBlocker name:PowerManagerService.WakeLocks duration ms: 0
12-03 09:04:49.572 D/PowerUI ( 2655): can't show warning due to - plugged: true status unknown: false
12-03 09:04:49.617 D/PowerUI ( 2655): can't show warning due to - plugged: true status unknown: false
12-03 09:04:49.852 D/RichTapVibratorService( 2123): none richtap effect, do nothing!!
12-03 09:04:49.853 D/RichTapVibrationHelper( 2123): Not do stop!!
12-03 09:04:49.856 D/PowerManagerService( 2123): nativeAcquireSuspendBlocker name:PowerManagerService.WakeLocks duration ms: 2
12-03 09:04:49.859 D/RichTapVibratorService( 2123): perform richtap vibrator
12-03 09:04:49.862 D/RichTapVibratorService( 2123): aac richtap perform timeout:20
12-03 09:04:49.902 D/CoreBackPreview( 2123): Window{5e2e098 u0 PopupWindow:b3636bb}: Setting back callback OnBackInvokedCallbackInfo{mCallback=android.window.IOnBackInvokedCallback$Stub$Proxy@b716e44, mPriority=0, mIsAnimationCallback=false}
12-03 09:04:49.917 D/PowerManagerService( 2123): nativeReleaseSuspendBlocker name:PowerManagerService.WakeLocks duration ms: 0
