12-02 11:50:10.738 E/AndroidRuntime(25787): 	at com.android.internal.os.RuntimeInit$MethodAndArgsCaller.run(RuntimeInit.java:580)
12-02 11:50:10.738 E/AndroidRuntime(25787): 	at com.android.internal.os.ZygoteInit.main(ZygoteInit.java:907)
12-02 11:50:10.738 E/AndroidRuntime(25787): Caused by: android.content.res.Resources$NotFoundException: Resource ID #0x7f010001
12-02 11:50:10.738 E/AndroidRuntime(25787): 	at android.content.res.ResourcesImpl.getValue(ResourcesImpl.java:307)
12-02 11:50:10.738 E/AndroidRuntime(25787): 	at android.content.res.Resources.loadXmlResourceParser(Resources.java:2558)
12-02 11:50:10.738 E/AndroidRuntime(25787): 	at android.content.res.Resources.getLayout(Resources.java:1274)
12-02 11:50:10.738 E/AndroidRuntime(25787): 	at android.view.LayoutInflater.inflate(LayoutInflater.java:460)
12-02 11:50:10.738 E/AndroidRuntime(25787): 	at android.view.LayoutInflater.inflate(LayoutInflater.java:413)
12-02 11:50:10.738 E/AndroidRuntime(25787): 	at com.android.internal.policy.PhoneWindow.setContentView(PhoneWindow.java:553)
12-02 11:50:10.738 E/AndroidRuntime(25787): 	at android.app.Activity.setContentView(Activity.java:3948)
12-02 11:50:10.738 E/AndroidRuntime(25787): 	at com.sanctuary.prime.scepter.MainActivity.onCreate(MainActivity.java:9)
12-02 11:50:10.738 E/AndroidRuntime(25787): 	at android.app.Activity.performCreate(Activity.java:9149)
12-02 11:50:10.738 E/AndroidRuntime(25787): 	at android.app.Activity.performCreate(Activity.java:9127)
12-02 11:50:10.738 E/AndroidRuntime(25787): 	at android.app.Instrumentation.callActivityOnCreate(Instrumentation.java:1526)
12-02 11:50:10.738 E/AndroidRuntime(25787): 	at android.app.ActivityThread.performLaunchActivity(ActivityThread.java:4182)
12-02 11:50:10.738 E/AndroidRuntime(25787): 	... 13 more
12-02 11:51:07.987 E/AndroidRuntime(26040): FATAL EXCEPTION: main
12-02 11:51:07.987 E/AndroidRuntime(26040): Process: com.sanctuary.prime.scepter, PID: 26040
12-02 11:51:07.987 E/AndroidRuntime(26040): java.lang.RuntimeException: Unable to start activity ComponentInfo{com.sanctuary.prime.scepter/com.sanctuary.prime.scepter.MainActivity}: android.content.res.Resources$NotFoundException: Resource ID #0x7f010001
12-02 11:51:07.987 E/AndroidRuntime(26040): 	at android.app.ActivityThread.performLaunchActivity(ActivityThread.java:4200)
12-02 11:51:07.987 E/AndroidRuntime(26040): 	at android.app.ActivityThread.handleLaunchActivity(ActivityThread.java:4399)
12-02 11:51:07.987 E/AndroidRuntime(26040): 	at android.app.servertransaction.LaunchActivityItem.execute(LaunchActivityItem.java:112)
12-02 11:51:07.987 E/AndroidRuntime(26040): 	at android.app.servertransaction.TransactionExecutor.executeNonLifecycleItem(TransactionExecutor.java:174)
12-02 11:51:07.987 E/AndroidRuntime(26040): 	at android.app.servertransaction.TransactionExecutor.executeTransactionItems(TransactionExecutor.java:109)
12-02 11:51:07.987 E/AndroidRuntime(26040): 	at android.app.servertransaction.TransactionExecutor.execute(TransactionExecutor.java:81)
12-02 11:51:07.987 E/AndroidRuntime(26040): 	at android.app.ActivityThread$H.handleMessage(ActivityThread.java:2772)
12-02 11:51:07.987 E/AndroidRuntime(26040): 	at android.os.Handler.dispatchMessage(Handler.java:112)
12-02 11:51:07.987 E/AndroidRuntime(26040): 	at android.os.Looper.loopOnce(Looper.java:268)
12-02 11:51:07.987 E/AndroidRuntime(26040): 	at android.os.Looper.loop(Looper.java:384)
12-02 11:51:07.987 E/AndroidRuntime(26040): 	at android.app.ActivityThread.main(ActivityThread.java:8983)
12-02 11:51:07.987 E/AndroidRuntime(26040): 	at java.lang.reflect.Method.invoke(Native Method)
12-02 11:51:07.987 E/AndroidRuntime(26040): 	at com.android.internal.os.RuntimeInit$MethodAndArgsCaller.run(RuntimeInit.java:580)
12-02 11:51:07.987 E/AndroidRuntime(26040): 	at com.android.internal.os.ZygoteInit.main(ZygoteInit.java:907)
12-02 11:51:07.987 E/AndroidRuntime(26040): Caused by: android.content.res.Resources$NotFoundException: Resource ID #0x7f010001
12-02 11:51:07.987 E/AndroidRuntime(26040): 	at android.content.res.ResourcesImpl.getValue(ResourcesImpl.java:307)
12-02 11:51:07.987 E/AndroidRuntime(26040): 	at android.content.res.Resources.loadXmlResourceParser(Resources.java:2558)
12-02 11:51:07.987 E/AndroidRuntime(26040): 	at android.content.res.Resources.getLayout(Resources.java:1274)
12-02 11:51:07.987 E/AndroidRuntime(26040): 	at android.view.LayoutInflater.inflate(LayoutInflater.java:460)
12-02 11:51:07.987 E/AndroidRuntime(26040): 	at android.view.LayoutInflater.inflate(LayoutInflater.java:413)
12-02 11:51:07.987 E/AndroidRuntime(26040): 	at com.android.internal.policy.PhoneWindow.setContentView(PhoneWindow.java:553)
12-02 11:51:07.987 E/AndroidRuntime(26040): 	at android.app.Activity.setContentView(Activity.java:3948)
12-02 11:51:07.987 E/AndroidRuntime(26040): 	at com.sanctuary.prime.scepter.MainActivity.onCreate(MainActivity.java:9)
12-02 11:51:07.987 E/AndroidRuntime(26040): 	at android.app.Activity.performCreate(Activity.java:9149)
12-02 11:51:07.987 E/AndroidRuntime(26040): 	at android.app.Activity.performCreate(Activity.java:9127)
12-02 11:51:07.987 E/AndroidRuntime(26040): 	at android.app.Instrumentation.callActivityOnCreate(Instrumentation.java:1526)
12-02 11:51:07.987 E/AndroidRuntime(26040): 	at android.app.ActivityThread.performLaunchActivity(ActivityThread.java:4182)
12-02 11:51:07.987 E/AndroidRuntime(26040): 	... 13 more
12-02 11:51:44.639 E/AndroidRuntime(26269): FATAL EXCEPTION: main
12-02 11:51:44.639 E/AndroidRuntime(26269): Process: com.sanctuary.prime.scepter, PID: 26269
12-02 11:51:44.639 E/AndroidRuntime(26269): java.lang.RuntimeException: Unable to start activity ComponentInfo{com.sanctuary.prime.scepter/com.sanctuary.prime.scepter.MainActivity}: android.content.res.Resources$NotFoundException: Resource ID #0x7f010001
12-02 11:51:44.639 E/AndroidRuntime(26269): 	at android.app.ActivityThread.performLaunchActivity(ActivityThread.java:4200)
12-02 11:51:44.639 E/AndroidRuntime(26269): 	at android.app.ActivityThread.handleLaunchActivity(ActivityThread.java:4399)
12-02 11:51:44.639 E/AndroidRuntime(26269): 	at android.app.servertransaction.LaunchActivityItem.execute(LaunchActivityItem.java:112)
12-02 11:51:44.639 E/AndroidRuntime(26269): 	at android.app.servertransaction.TransactionExecutor.executeNonLifecycleItem(TransactionExecutor.java:174)
12-02 11:51:44.639 E/AndroidRuntime(26269): 	at android.app.servertransaction.TransactionExecutor.executeTransactionItems(TransactionExecutor.java:109)
12-02 11:51:44.639 E/AndroidRuntime(26269): 	at android.app.servertransaction.TransactionExecutor.execute(TransactionExecutor.java:81)
12-02 11:51:44.639 E/AndroidRuntime(26269): 	at android.app.ActivityThread$H.handleMessage(ActivityThread.java:2772)
12-02 11:51:44.639 E/AndroidRuntime(26269): 	at android.os.Handler.dispatchMessage(Handler.java:112)
12-02 11:51:44.639 E/AndroidRuntime(26269): 	at android.os.Looper.loopOnce(Looper.java:268)
12-02 11:51:44.639 E/AndroidRuntime(26269): 	at android.os.Looper.loop(Looper.java:384)
12-02 11:51:44.639 E/AndroidRuntime(26269): 	at android.app.ActivityThread.main(ActivityThread.java:8983)
12-02 11:51:44.639 E/AndroidRuntime(26269): 	at java.lang.reflect.Method.invoke(Native Method)
12-02 11:51:44.639 E/AndroidRuntime(26269): 	at com.android.internal.os.RuntimeInit$MethodAndArgsCaller.run(RuntimeInit.java:580)
12-02 11:51:44.639 E/AndroidRuntime(26269): 	at com.android.internal.os.ZygoteInit.main(ZygoteInit.java:907)
12-02 11:51:44.639 E/AndroidRuntime(26269): Caused by: android.content.res.Resources$NotFoundException: Resource ID #0x7f010001
12-02 11:51:44.639 E/AndroidRuntime(26269): 	at android.content.res.ResourcesImpl.getValue(ResourcesImpl.java:307)
12-02 11:51:44.639 E/AndroidRuntime(26269): 	at android.content.res.Resources.loadXmlResourceParser(Resources.java:2558)
12-02 11:51:44.639 E/AndroidRuntime(26269): 	at android.content.res.Resources.getLayout(Resources.java:1274)
12-02 11:51:44.639 E/AndroidRuntime(26269): 	at android.view.LayoutInflater.inflate(LayoutInflater.java:460)
12-02 11:51:44.639 E/AndroidRuntime(26269): 	at android.view.LayoutInflater.inflate(LayoutInflater.java:413)
12-02 11:51:44.639 E/AndroidRuntime(26269): 	at com.android.internal.policy.PhoneWindow.setContentView(PhoneWindow.java:553)
12-02 11:51:44.639 E/AndroidRuntime(26269): 	at android.app.Activity.setContentView(Activity.java:3948)
12-02 11:51:44.639 E/AndroidRuntime(26269): 	at com.sanctuary.prime.scepter.MainActivity.onCreate(MainActivity.java:9)
12-02 11:51:44.639 E/AndroidRuntime(26269): 	at android.app.Activity.performCreate(Activity.java:9149)
12-02 11:51:44.639 E/AndroidRuntime(26269): 	at android.app.Activity.performCreate(Activity.java:9127)
12-02 11:51:44.639 E/AndroidRuntime(26269): 	at android.app.Instrumentation.callActivityOnCreate(Instrumentation.java:1526)
12-02 11:51:44.639 E/AndroidRuntime(26269): 	at android.app.ActivityThread.performLaunchActivity(ActivityThread.java:4182)
12-02 11:51:44.639 E/AndroidRuntime(26269): 	... 13 more
--------- beginning of system
12-03 09:04:38.395 D/DisplayManagerService( 2123): Drop pending events for gone uid 99716
12-03 09:04:38.395 D/ActivityTaskManager( 2123): handleAppDied: uid=99716,diedCount=1,lastDiedTime=516748170,forceStopUids=false
12-03 09:04:38.503 D/CoreBackPreview( 2123): Window{a540e66 u0 Splash Screen com.xingin.xhs EXITING}: Setting back callback null
12-03 09:04:38.525 I/DisplayDeviceRepository( 2123): Display device changed render timings: "Built-in Screen", renderFrameRate=60.000004, presentationDeadlineNanos=24600000, appVsyncOffsetNanos=9800001
12-03 09:04:38.528 D/BrightnessThermalClamper( 2123): Thermal status observer already started
12-03 09:04:38.529 D/CLI/Transition( 2123): displaygroup 0, state ON, pendingdisplaygroup {}
12-03 09:04:38.529 D/DisplayManagerService( 2123): Ignore redundant display event 0/2 to 10349/8695
12-03 09:04:38.530 D/DisplayManagerService( 2123): Ignore redundant display event 0/2 to 10480/16554
12-03 09:04:38.531 D/DisplayManagerService( 2123): Ignore redundant display event 0/2 to 10479/32541
12-03 09:04:38.579 W/AccessibilityWindowsPopulator( 2123): The displayInfo of this displayId (1) called back from the surface fligner is null
12-03 09:04:38.583 I/ActivityManager( 2123): Start proc 21760:com.android.vending/u0a307 for service {com.android.vending/com.google.android.finsky.externalreferrer.GetInstallReferrerService}
12-03 09:04:38.627 W/Looper  ( 2123): Slow dispatch took 144ms android.fg h=android.os.Handler c=com.android.server.wm.ActivityMetricsLogger$$ExternalSyntheticLambda0@5291b3e m=0
12-03 09:04:38.638 W/PackageConfigPersister( 2123): App-specific configuration not found for packageName: com.xingin.xhs and userId: 0
12-03 09:04:38.758 D/PowerManagerService( 2123): nativeSetPowerMode ret:true mode:5 enabled:false duration ms: 1
12-03 09:04:38.759 W/MotoBatteryCareService( 2123): uid: 10489 pkgName:com.xingin.xhs come to foreground
12-03 09:04:38.761 W/AccessibilityWindowsPopulator( 2123): The displayInfo of this displayId (1) called back from the surface fligner is null
12-03 09:04:38.962 I/ActivityManager( 2123): Flag disabled. Ignoring finishAttachApplication from uid: 10354. pid: 21635
12-03 09:04:39.309 I/DisplayDeviceRepository( 2123): Display device changed render timings: "Built-in Screen", renderFrameRate=90.0, presentationDeadlineNanos=16700000, appVsyncOffsetNanos=1033333
12-03 09:04:39.310 D/BrightnessThermalClamper( 2123): Thermal status observer already started
12-03 09:04:39.310 D/CLI/Transition( 2123): displaygroup 0, state ON, pendingdisplaygroup {}
12-03 09:04:39.310 D/DisplayManagerService( 2123): Ignore redundant display event 0/2 to 10349/8695
12-03 09:04:39.311 D/DisplayManagerService( 2123): Ignore redundant display event 0/2 to 10480/16554
12-03 09:04:39.312 D/DisplayManagerService( 2123): Ignore redundant display event 0/2 to 10479/32541
12-03 09:04:39.689 I/ActivityManager( 2123): Flag disabled. Ignoring finishAttachApplication from uid: 10307. pid: 21760
12-03 09:04:40.124 W/MotoBatteryCareService( 2123): uid: 10307 pkgName:com.android.vending come to foreground
12-03 09:04:40.159 I/ActivityManager( 2123): Start proc 22063:com.android.vending:background/u0a307 for service {com.android.vending/com.google.frameworks.client.data.android.server.play.BackgroundProcessEndpointService}
12-03 09:04:40.593 W/ActivityManager( 2123): Slow operation: 118ms so far, now at startProcess: done creating new process record
12-03 09:04:40.593 W/ActivityManager( 2123): Slow operation: 119ms so far, now at startProcess: stepping in to startProcess
12-03 09:04:40.610 W/ActivityManager( 2123): Slow operation: 135ms so far, now at startProcess: done starting proc!
12-03 09:04:40.610 D/ShortcutService( 2123): rescanPackageIfNeeded 0@com.xingin.xhs, forceRescan=false , isNewApp=false
12-03 09:04:40.641 I/ActivityManager( 2123): Start proc 22156:er.notepad.notes.notebook.checklist.calendar/u0a610 for service {er.notepad.notes.notebook.checklist.calendar/io.huq.sourcekit.wifi.HIRepeatingNetworkJobService}
12-03 09:04:40.725 D/ShortcutService( 2123): Getting shortcuts for launcher= com.motorola.clockfaceuser=0 pkg=com.xingin.xhs
12-03 09:04:40.729 I/ActivityManager( 2123): appDiedLocked: app=ProcessRecord{b556086 32541:xyz.blueskyweb.app/u0a479} thread=android.os.BinderProxy@64d26d0 fromBinderDied=true isKilledByAm=false reason=null
12-03 09:04:40.729 I/ActivityManager( 2123): Process xyz.blueskyweb.app (pid 32541) has died: cch+5 CAC 
12-03 09:04:40.729 D/RestartModeController( 2123): markWaitRestartAppIsSuicided null processName=xyz.blueskyweb.app
12-03 09:04:40.730 D/CompatChangeReporter( 2123): Compat change id reported: 151861875; UID 10479; state: ENABLED
12-03 09:04:40.730 D/DisplayManagerService( 2123): Drop pending events for gone uid 10479
12-03 09:04:40.732 D/ActivityTaskManager( 2123): handleAppDied: uid=10479,diedCount=1,lastDiedTime=742453015,forceStopUids=false
12-03 09:04:40.732 I/WindowManager( 2123): WIN DEATH: Window{3092dba u0 xyz.blueskyweb.app/xyz.blueskyweb.app.MainActivity}
12-03 09:04:40.733 W/ActivityManager( 2123): setHasOverlayUi called on unknown pid: 32541
12-03 09:04:40.734 W/UsageStatsService( 2123): Unexpected activity event reported! (xyz.blueskyweb.app/xyz.blueskyweb.app.MainActivity event : 23 instanceId : 267818347)
12-03 09:04:40.785 D/ShortcutService( 2123): Saving package item com.xingin.xhs to /data/system_ce/0/shortcut_service/packages/com.xingin.xhs.xml
12-03 09:04:40.801 W/AccessibilityWindowsPopulator( 2123): The displayInfo of this displayId (1) called back from the surface fligner is null
12-03 09:04:40.832 I/DisplayDeviceRepository( 2123): Display device changed render timings: "Built-in Screen", renderFrameRate=60.000004, presentationDeadlineNanos=24600000, appVsyncOffsetNanos=9800001
12-03 09:04:40.833 D/BrightnessThermalClamper( 2123): Thermal status observer already started
12-03 09:04:40.834 D/DisplayManagerService( 2123): Ignore redundant display event 0/2 to 10349/8695
12-03 09:04:40.835 D/DisplayManagerService( 2123): Ignore redundant display event 0/2 to 10480/16554
12-03 09:04:40.852 D/CLI/Transition( 2123): displaygroup 0, state ON, pendingdisplaygroup {}
12-03 09:04:40.896 D/ShortcutService( 2123): Getting shortcuts for launcher= com.motorola.launcher.secondarydisplayuser=0 pkg=com.xingin.xhs
12-03 09:04:40.898 D/ShortcutService( 2123): Getting shortcuts for launcher= com.motorola.launcher3user=0 pkg=com.xingin.xhs
12-03 09:04:40.900 D/ShortcutService( 2123): Getting shortcuts for launcher= com.motorola.clockfaceuser=0 pkg=com.xingin.xhs
12-03 09:04:40.903 D/ShortcutService( 2123): Getting shortcuts for launcher= com.motorola.uxcoreuser=0 pkg=com.xingin.xhs
12-03 09:04:40.906 D/ShortcutService( 2123): Getting shortcuts for launcher= com.motorola.clockfaceuser=0 pkg=com.xingin.xhs
12-03 09:04:40.908 D/ShortcutService( 2123): Getting shortcuts for launcher= com.android.systemuiuser=0 pkg=com.xingin.xhs
12-03 09:04:40.908 D/ShortcutService( 2123): Getting shortcuts for launcher= com.google.android.asuser=0 pkg=com.xingin.xhs
12-03 09:04:40.912 D/ShortcutService( 2123): Getting shortcuts for launcher= com.motorola.launcher.secondarydisplayuser=0 pkg=com.xingin.xhs
12-03 09:04:40.915 D/ShortcutService( 2123): Getting shortcuts for launcher= com.motorola.launcher.secondarydisplayuser=0 pkg=com.xingin.xhs
12-03 09:04:40.921 D/ShortcutService( 2123): Getting shortcuts for launcher= com.motorola.launcher.secondarydisplayuser=0 pkg=com.xingin.xhs
12-03 09:04:40.975 I/ActivityManager( 2123): Flag disabled. Ignoring finishAttachApplication from uid: 10307. pid: 22063
12-03 09:04:41.120 I/DisplayDeviceRepository( 2123): Display device changed render timings: "Built-in Screen", renderFrameRate=90.0, presentationDeadlineNanos=16700000, appVsyncOffsetNanos=1033333
12-03 09:04:41.121 D/BrightnessThermalClamper( 2123): Thermal status observer already started
12-03 09:04:41.122 D/CLI/Transition( 2123): displaygroup 0, state ON, pendingdisplaygroup {}
12-03 09:04:41.123 D/DisplayManagerService( 2123): Ignore redundant display event 0/2 to 10349/8695
12-03 09:04:41.123 D/DisplayManagerService( 2123): Ignore redundant display event 0/2 to 10480/16554
12-03 09:04:41.352 D/ActivityTaskManager( 2123): getPreferredLaunchDisplay userset_displayid false user set display id 0, current focus display 0
12-03 09:04:41.359 I/SettingsAccessControlPolicy( 2123): isDeviceSettingsChangeDisabled: value -> false
12-03 09:04:41.362 D/CompatChangeReporter( 2123): Compat change id reported: 151861875; UID 10489; state: ENABLED
12-03 09:04:41.362 W/OptProp ( 2123): Cannot read opt property android.window.PROPERTY_COMPAT_ALLOW_ORIENTATION_OVERRIDE
12-03 09:04:41.363 W/OptProp ( 2123): Cannot read opt property android.window.PROPERTY_COMPAT_ALLOW_RESIZEABLE_ACTIVITY_OVERRIDES
12-03 09:04:41.363 W/OptProp ( 2123): Cannot read opt property android.window.PROPERTY_COMPAT_ALLOW_MIN_ASPECT_RATIO_OVERRIDE
12-03 09:04:41.364 D/ActivityTaskManager( 2123): getPreferredLaunchDisplay userset_displayid false user set display id 0, current focus display 0
12-03 09:04:41.364 D/ActivityTaskManager( 2123): getPreferredLaunchDisplay userset_displayid false user set display id 0, current focus display 0
12-03 09:04:41.364 D/ActivityTaskManager( 2123): getPreferredLaunchDisplay userset_displayid false user set display id 0, current focus display 0
12-03 09:04:41.364 D/ActivityTaskManager( 2123): getPreferredLaunchDisplay userset_displayid false user set display id 0, current focus display 0
12-03 09:04:41.364 D/ActivityTaskManager( 2123): getPreferredLaunchDisplay userset_displayid false user set display id 0, current focus display 0
12-03 09:04:41.364 D/ActivityTaskManager( 2123): getPreferredLaunchDisplay userset_displayid false user set display id 0, current focus display 0
12-03 09:04:41.369 D/PowerManagerService( 2123): nativeSetPowerMode ret:true mode:5 enabled:true duration ms: 0
12-03 09:04:41.371 I/ActivityTaskManager( 2123): START u0 {dat=xhsdiscover://message/... flg=0x24000000 cmp=com.xingin.xhs/com.xingin.im.ui.activity.ChatActivity (has extras)} with LAUNCH_MULTIPLE from uid 10489 (startActivityAsUser) (BAL_ALLOW_VISIBLE_WINDOW) result code=0
12-03 09:04:41.372 V/WindowManagerShell( 2655): Transition requested (#34516): android.os.BinderProxy@522cccf TransitionRequestInfo { type = OPEN, triggerTask = TaskInfo{userId=0 taskId=89542 displayId=0 isRunning=true baseIntent=Intent { act=android.intent.action.MAIN cat=[android.intent.category.LAUNCHER] flg=0x10200000 cmp=com.xingin.xhs/.index.v2.IndexActivityV2 } baseActivity=ComponentInfo{com.xingin.xhs/com.xingin.xhs.index.v2.IndexActivityV2} topActivity=ComponentInfo{com.xingin.xhs/com.xingin.im.ui.activity.ChatActivity} origActivity=null realActivity=ComponentInfo{com.xingin.xhs/com.xingin.xhs.index.v2.IndexActivityV2} numActivities=2 lastActiveTime=940809722 supportsMultiWindow=true supportsGlobalFreeform=true resizeMode=2 isResizeable=true isAppLocked=false isShowDecorCaptionWindowRequest=false canKillAndRestart=false minWidth=-1 minHeight=-1 defaultMinSize=200 token=WCT{android.window.IWindowContainerToken$Stub$Proxy@152765c} topActivityType=1 pictureInPictureParams=null shouldDockBigOverlays=false launchIntoPipHostTaskId=-1 lastParentTaskIdBeforePip=-1 displayCutoutSafeInsets=Rect(0, 108 - 0, 0) topActivityInfo=ActivityInfo{7549d65 com.xingin.im.ui.activity.ChatActivity} launchCookies=[] positionInParent=Point(0, 0) parentTaskId=-1 isFocused=true isVisible=true isVisibleRequested=true isSleeping=false locusId=null displayAreaFeatureId=1 isTopActivityTransparent=false appCompatTaskInfo=AppCompatTaskInfo { topActivityInSizeCompat=false topActivityEligibleForLetterboxEducation= falseisLetterboxEducationEnabled= false isLetterboxDoubleTapEnabled= false topActivityEligibleForUserAspectRatioButton= false topActivityBoundsLetterboxed= false isFromLetterboxDoubleTap= false topActivityLetterboxVerticalPosition= -1 topActivityLetterboxHorizontalPosition= -1 topActivityLetterboxWidth=1080 topActivityLetterboxHeight=2640 isUserFullscreenOverrideEnabled=false isSystemFullscreenOverrideEnabled=false cameraCompatTaskInfo=CameraCompatTaskInfo { cameraCompatControlState=hidden freeformCameraCompatMode=inactive}}}, pipTask = null, remoteTransition = null, displayChange = null, flags = 0, debugId = 34516 }
12-03 09:04:41.425 W/AccessibilityWindowsPopulator( 2123): The displayInfo of this displayId (1) called back from the surface fligner is null
12-03 09:04:41.501 I/DisplayDeviceRepository( 2123): Display device changed render timings: "Built-in Screen", renderFrameRate=120.00001, presentationDeadlineNanos=13300000, appVsyncOffsetNanos=1099999
12-03 09:04:41.502 D/BrightnessThermalClamper( 2123): Thermal status observer already started
12-03 09:04:41.503 D/CLI/Transition( 2123): displaygroup 0, state ON, pendingdisplaygroup {}
12-03 09:04:41.503 D/DisplayManagerService( 2123): Ignore redundant display event 0/2 to 10349/8695
12-03 09:04:41.503 D/DisplayManagerService( 2123): Ignore redundant display event 0/2 to 10480/16554
12-03 09:04:41.504 D/DisplayManagerService( 2123): Ignore redundant display event 0/2 to 10307/21760
12-03 09:04:41.563 I/ActivityTaskManager( 2123): The Process com.xingin.xhs Already Exists in BG. So sending its PID: 21162
12-03 09:04:41.566 W/MotoBatteryCareService( 2123): uid: 10489 pkgName:com.xingin.xhs come to foreground
12-03 09:04:41.652 I/DisplayDeviceRepository( 2123): Display device changed render timings: "Built-in Screen", renderFrameRate=90.0, presentationDeadlineNanos=16700000, appVsyncOffsetNanos=1033333
12-03 09:04:41.654 D/BrightnessThermalClamper( 2123): Thermal status observer already started
12-03 09:04:41.654 D/CLI/Transition( 2123): displaygroup 0, state ON, pendingdisplaygroup {}
12-03 09:04:41.654 D/DisplayManagerService( 2123): Ignore redundant display event 0/2 to 10349/8695
12-03 09:04:41.655 D/DisplayManagerService( 2123): Ignore redundant display event 0/2 to 10480/16554
12-03 09:04:41.655 D/DisplayManagerService( 2123): Ignore redundant display event 0/2 to 10307/21760
12-03 09:04:41.666 D/time_zone_detector( 2123): Location algorithm event received. currentUserConfig=ConfigurationInternal{mUserId=0, mUserConfigAllowed=true, mTelephonyDetectionSupported=true, mGeoDetectionSupported=true, mTelephonyFallbackSupported=true, mGeoDetectionRunInBackgroundEnabled=false, mEnhancedMetricsCollectionEnabled=false, mAutoDetectionEnabledSetting=true, mLocationEnabledSetting=true, mGeoDetectionEnabledSetting=true} event=LocationAlgorithmEvent{mAlgorithmStatus=LocationTimeZoneAlgorithmStatus{mAlgorithmStatus=RUNNING, mPrimaryProviderStatus=IS_UNCERTAIN, mPrimaryProviderReportedStatus=null, mSecondaryProviderStatus=NOT_PRESENT, mSecondaryProviderReportedStatus=null}, mSuggestion=GeolocationTimeZoneSuggestion{mEffectiveFromElapsedMillis=940810002, mZoneIds=null}, mDebugInfo=[Uncertainty received from primary: primary=BinderLocationTimeZoneProvider{mProviderName=primary, mCurrentState=ProviderState{stateEnum=Started uncertain (3), event=TimeZoneProviderEvent{mType=3, mCreationElapsedMillis=PT261H20M10.002S, mSuggestion=null, mFailureCause=null, mTimeZoneProviderStatus=null}, currentUserConfiguration=ConfigurationInternal{mUserId=0, mUserConfigAllowed=true, mTelephonyDetectionSupported=true, mGeoDetectionSupported=true, mTelephonyFallbackSupported=true, mGeoDetectionRunInBackgroundEnabled=false, mEnhancedMetricsCollectionEnabled=false, mAutoDetectionEnabledSetting=true, mLocationEnabledSetting=true, mGeoDetectionEnabledSetting=true}, mStateEntryTimeMillis=940810005, mDebugInfo=handleTimeZoneProviderEvent}, mProxy=com.android.server.timezonedetector.location.RealLocationTimeZoneProviderProxy@e3862ef}, secondary=DisabledLocationTimeZoneProvider{mProviderName=secondary, mCurrentState=ProviderState{stateEnum=Perm failure (5), event=null, currentUserConfiguration=null, mStateEntryTimeMillis=53925, mDebugInfo=Failed to initialize: onInitialize() returned false}}, uncertaintyStarted=PT261H20M10.002S]}
12-03 09:04:41.683 D/time_zone_detector( 2123): isGeoDetectionCertain=false, mLatestLocationAlgorithmEvent=LocationAlgorithmEvent{mAlgorithmStatus=LocationTimeZoneAlgorithmStatus{mAlgorithmStatus=RUNNING, mPrimaryProviderStatus=IS_UNCERTAIN, mPrimaryProviderReportedStatus=null, mSecondaryProviderStatus=NOT_PRESENT, mSecondaryProviderReportedStatus=null}, mSuggestion=GeolocationTimeZoneSuggestion{mEffectiveFromElapsedMillis=940810002, mZoneIds=null}, mDebugInfo=[Uncertainty received from primary: primary=BinderLocationTimeZoneProvider{mProviderName=primary, mCurrentState=ProviderState{stateEnum=Started uncertain (3), event=TimeZoneProviderEvent{mType=3, mCreationElapsedMillis=PT261H20M10.002S, mSuggestion=null, mFailureCause=null, mTimeZoneProviderStatus=null}, currentUserConfiguration=ConfigurationInternal{mUserId=0, mUserConfigAllowed=true, mTelephonyDetectionSupported=true, mGeoDetectionSupported=true, mTelephonyFallbackSupported=true, mGeoDetectionRunInBackgroundEnabled=false, mEnhancedMetricsCollectionEnabled=false, mAutoDetectionEnabledSetting=true, mLocationEnabledSetting=true, mGeoDetectionEnabledSetting=true}, mStateEntryTimeMillis=940810005, mDebugInfo=handleTimeZoneProviderEvent}, mProxy=com.android.server.timezonedetector.location.RealLocationTimeZoneProviderProxy@e3862ef}, secondary=DisabledLocationTimeZoneProvider{mProviderName=secondary, mCurrentState=ProviderState{stateEnum=Perm failure (5), event=null, currentUserConfiguration=null, mStateEntryTimeMillis=53925, mDebugInfo=Failed to initialize: onInitialize() returned false}}, uncertaintyStarted=PT261H20M10.002S]}, mTelephonyTimeZoneFallbackEnabled=false
12-03 09:04:41.706 D/CompatChangeReporter( 2123): Compat change id reported: 151861875; UID 10203; state: ENABLED
12-03 09:04:41.732 I/ActivityManager( 2123): Start proc 22379:com.motorola.dolby.dolbyui/u0a203 for broadcast {com.motorola.dolby.dolbyui/com.motorola.dolby.dolbyui.gamemode.GameModeBroadcastReceiver}
12-03 09:04:41.911 I/ActivityManager( 2123): Flag disabled. Ignoring finishAttachApplication from uid: 10610. pid: 22156
12-03 09:04:41.947 D/addPss  ( 2123): tracker=ProcessState{29c2098 com.xingin.xhs/10489 pkg=com.xingin.xhs}
12-03 09:04:42.040 D/CompatChangeReporter( 2123): Compat change id reported: 151861875; UID 10419; state: ENABLED
12-03 09:04:42.072 I/ActivityManager( 2123): Start proc 22452:com.motorola.personalize/u0a419 for service {com.motorola.personalize/com.motorola.personalize.plugin.LockScreenPluginService}
12-03 09:04:42.330 W/JobScheduler( 2123): Job didn't exist in JobStore: 34e8c49 {androidx.work.systemjobscheduler} #u0a610/17577 @androidx.work.systemjobscheduler@er.notepad.notes.notebook.checklist.calendar/androidx.work.impl.background.systemjob.SystemJobService
12-03 09:04:42.520 W/ContextImpl( 2123): Calling a method in the system process without a qualified user: android.app.ContextImpl.sendBroadcast:1273 com.android.server.location.provider.LocationProviderManager$LocationRegistration$1.test:1078 com.android.server.location.provider.LocationProviderManager$LocationRegistration$1.test:1022 android.location.LocationResult.filter:253 com.android.server.location.provider.LocationProviderManager$LocationRegistration.acceptLocationChange:1021 
12-03 09:04:42.523 W/ContextImpl( 2123): Calling a method in the system process without a qualified user: android.app.ContextImpl.sendBroadcast:1273 com.android.server.location.provider.LocationProviderManager$LocationRegistration$1.test:1078 com.android.server.location.provider.LocationProviderManager$LocationRegistration$1.test:1022 android.location.LocationResult.filter:253 com.android.server.location.provider.LocationProviderManager$LocationRegistration.acceptLocationChange:1021 
12-03 09:04:42.524 W/ContextImpl( 2123): Calling a method in the system process without a qualified user: android.app.ContextImpl.sendBroadcast:1273 com.android.server.location.provider.LocationProviderManager$LocationRegistration$1.test:1078 com.android.server.location.provider.LocationProviderManager$LocationRegistration$1.test:1022 android.location.LocationResult.filter:253 com.android.server.location.provider.LocationProviderManager$LocationRegistration.acceptLocationChange:1021 
12-03 09:04:42.527 W/ContextImpl( 2123): Calling a method in the system process without a qualified user: android.app.ContextImpl.sendBroadcast:1273 com.android.server.location.provider.LocationProviderManager$LocationRegistration$1.test:1078 com.android.server.location.provider.LocationProviderManager$LocationRegistration$1.test:1022 android.location.LocationResult.filter:253 com.android.server.location.provider.LocationProviderManager$LocationRegistration.acceptLocationChange:1021 
12-03 09:04:42.532 I/ActivityManager( 2123): Flag disabled. Ignoring finishAttachApplication from uid: 10203. pid: 22379
12-03 09:04:42.532 W/ContextImpl( 2123): Calling a method in the system process without a qualified user: android.app.ContextImpl.sendBroadcast:1273 com.android.server.location.provider.LocationProviderManager$LocationRegistration$1.test:1078 com.android.server.location.provider.LocationProviderManager$LocationRegistration$1.test:1022 android.location.LocationResult.filter:253 com.android.server.location.provider.LocationProviderManager$LocationRegistration.acceptLocationChange:1021 
12-03 09:04:42.795 I/ActivityManager( 2123): Flag disabled. Ignoring finishAttachApplication from uid: 10419. pid: 22452
12-03 09:04:42.920 D/CoreBackPreview( 2123): Window{2d365f u0 com.xingin.xhs/com.xingin.im.ui.activity.ChatActivity}: Setting back callback OnBackInvokedCallbackInfo{mCallback=android.window.IOnBackInvokedCallback$Stub$Proxy@a36754f, mPriority=0, mIsAnimationCallback=false}
12-03 09:04:42.957 V/WindowManagerShell( 2655): onTransitionReady(transaction=9118217925220)
12-03 09:04:42.958 V/WindowManagerShell( 2655): onTransitionReady (#34516) android.os.BinderProxy@522cccf: {id=34516 t=OPEN f=0x0 trk=0 opt={t=FROM_STYLE} r=[0@Point(0, 0)] c=[{null m=OPEN f=FILLS_TASK leash=Surface(name=ActivityRecord{1d33a8b u0 com.xingin.xhs/com.xingin.im.ui.activity.ChatActivity)/@0x841b433 sb=Rect(0, 0 - 0, 0) eb=Rect(0, 0 - 1080, 2640) d=-1->0 r=-1->0:-1 bc=fffafafa component=com.xingin.xhs/com.xingin.im.ui.activity.ChatActivity},{null m=TO_BACK f=FILLS_TASK leash=Surface(name=ActivityRecord{44ff488 u0 com.xingin.xhs/.index.v2.IndexActivityV2)/@0xb5373f0 sb=Rect(0, 0 - 1080, 2640) eb=Rect(0, 0 - 1080, 2640) d=0 bc=fffafafa component=com.xingin.xhs/.index.v2.IndexActivityV2}]}
12-03 09:04:42.958 V/WindowManagerShell( 2655): Playing animation for (#34516) android.os.BinderProxy@522cccf@0
12-03 09:04:42.958 V/WindowManagerShell( 2655):  try handler com.android.wm.shell.taskview.TaskViewTransitions@fd8c5c
12-03 09:04:42.958 V/WindowManagerShell( 2655):  try handler com.android.wm.shell.transition.DefaultMixedHandler@f5edfb8
12-03 09:04:42.958 V/WindowManagerShell( 2655):  try handler com.android.wm.shell.keyguard.KeyguardTransitionHandler@3df8191
12-03 09:04:42.958 V/WindowManagerShell( 2655):  try handler com.android.wm.shell.pip.PipTransition@d8e855e
12-03 09:04:42.958 V/WindowManagerShell( 2655):  try handler com.android.wm.shell.activityembedding.ActivityEmbeddingController@7059d3f
12-03 09:04:42.958 V/WindowManagerShell( 2655):  try handler com.android.wm.shell.recents.RecentsTransitionHandler@107560c
12-03 09:04:42.958 V/ShellRecents( 2655): RecentsTransitionHandler.startAnimation: no controller found
12-03 09:04:42.958 V/WindowManagerShell( 2655):  try handler com.android.wm.shell.splitscreen.StageCoordinator@59f7b55
12-03 09:04:42.958 V/WindowManagerShell( 2655):  try handler com.android.wm.shell.transition.RemoteTransitionHandler@539996a
12-03 09:04:42.958 V/WindowManagerShell( 2655): Transition doesn't have explicit remote, search filters for match for {id=34516 t=OPEN f=0x0 trk=0 opt={t=FROM_STYLE} r=[0@Point(0, 0)] c=[{null m=OPEN f=FILLS_TASK leash=Surface(name=ActivityRecord{1d33a8b u0 com.xingin.xhs/com.xingin.im.ui.activity.ChatActivity)/@0x841b433 sb=Rect(0, 0 - 0, 0) eb=Rect(0, 0 - 1080, 2640) d=-1->0 r=-1->0:-1 bc=fffafafa component=com.xingin.xhs/com.xingin.im.ui.activity.ChatActivity},{null m=TO_BACK f=FILLS_TASK leash=Surface(name=ActivityRecord{44ff488 u0 com.xingin.xhs/.index.v2.IndexActivityV2)/@0xb5373f0 sb=Rect(0, 0 - 1080, 2640) eb=Rect(0, 0 - 1080, 2640) d=0 bc=fffafafa component=com.xingin.xhs/.index.v2.IndexActivityV2}]}
12-03 09:04:42.958 V/WindowManagerShell( 2655):  Checking filter Pair{{types=[] flags=0x0] notFlags=0x100 checks=[{atype=home independent=true modes=[OPEN,TO_FRONT] flags=NONE mustBeTask=false order=TOP topActivity=ComponentInfo{com.motorola.launcher3/com.android.launcher3.uioverrides.QuickstepLauncher} launchCookie=null},{atype=standard independent=true modes=[CLOSE,TO_BACK] flags=NONE mustBeTask=false order=ANY topActivity=null launchCookie=null}]} RemoteTransition { remoteTransition = android.window.IRemoteTransition$Stub$Proxy@cd2ad81, appThread = android.app.IApplicationThread$Stub$Proxy@9575e26, debugName = QuickstepLaunchHome }}
12-03 09:04:42.958 V/WindowManagerShell( 2655):  Delegate animation for (#34516) to null
12-03 09:04:42.958 V/WindowManagerShell( 2655):  try handler com.android.wm.shell.transition.DefaultTransitionHandler@e2977d1
12-03 09:04:42.958 V/WindowManagerShell( 2655): start default transition animation, info = {id=34516 t=OPEN f=0x0 trk=0 opt={t=FROM_STYLE} r=[0@Point(0, 0)] c=[{null m=OPEN f=FILLS_TASK leash=Surface(name=ActivityRecord{1d33a8b u0 com.xingin.xhs/com.xingin.im.ui.activity.ChatActivity)/@0x841b433 sb=Rect(0, 0 - 0, 0) eb=Rect(0, 0 - 1080, 2640) d=-1->0 r=-1->0:-1 bc=fffafafa component=com.xingin.xhs/com.xingin.im.ui.activity.ChatActivity},{null m=TO_BACK f=FILLS_TASK leash=Surface(name=ActivityRecord{44ff488 u0 com.xingin.xhs/.index.v2.IndexActivityV2)/@0xb5373f0 sb=Rect(0, 0 - 1080, 2640) eb=Rect(0, 0 - 1080, 2640) d=0 bc=fffafafa component=com.xingin.xhs/.index.v2.IndexActivityV2}]}
12-03 09:04:42.959 V/WindowManager( 2123): Sent Transition (#34516) createdAt=12-03 09:04:41.364 via request=TransitionRequestInfo { type = OPEN, triggerTask = TaskInfo{userId=0 taskId=89542 displayId=0 isRunning=true baseIntent=Intent { act=android.intent.action.MAIN cat=[android.intent.category.LAUNCHER] flg=0x10200000 cmp=com.xingin.xhs/.index.v2.IndexActivityV2 } baseActivity=ComponentInfo{com.xingin.xhs/com.xingin.xhs.index.v2.IndexActivityV2} topActivity=ComponentInfo{com.xingin.xhs/com.xingin.im.ui.activity.ChatActivity} origActivity=null realActivity=ComponentInfo{com.xingin.xhs/com.xingin.xhs.index.v2.IndexActivityV2} numActivities=2 lastActiveTime=940809722 supportsMultiWindow=true supportsGlobalFreeform=true resizeMode=2 isResizeable=true isAppLocked=false isShowDecorCaptionWindowRequest=false canKillAndRestart=true minWidth=-1 minHeight=-1 defaultMinSize=200 token=WCT{RemoteToken{9b2a257 Task{8ad41a3 #89542 type=standard A=10489:com.xingin.xhs}}} topActivityType=1 pictureInPictureParams=null shouldDockBigOverlays=false launchIntoPipHostTaskId=-1 lastParentTaskIdBeforePip=-1 displayCutoutSafeInsets=Rect(0, 108 - 0, 0) topActivityInfo=ActivityInfo{b8e8bd4 com.xingin.im.ui.activity.ChatActivity} launchCookies=[] positionInParent=Point(0, 0) parentTaskId=-1 isFocused=true isVisible=true isVisibleRequested=true isSleeping=false locusId=null displayAreaFeatureId=1 isTopActivityTransparent=false appCompatTaskInfo=AppCompatTaskInfo { topActivityInSizeCompat=false topActivityEligibleForLetterboxEducation= falseisLetterboxEducationEnabled= false isLetterboxDoubleTapEnabled= false topActivityEligibleForUserAspectRatioButton= false topActivityBoundsLetterboxed= false isFromLetterboxDoubleTap= false topActivityLetterboxVerticalPosition= -1 topActivityLetterboxHorizontalPosition= -1 topActivityLetterboxWidth=1080 topActivityLetterboxHeight=2640 isUserFullscreenOverrideEnabled=false isSystemFullscreenOverrideEnabled=false cameraCompatTaskInfo=CameraCompatTaskInfo { cameraCompatControlState=hidden freeformCameraCompatMode=inactive}}}, pipTask = null, remoteTransition = null, displayChange = null, flags = 0, debugId = 34516 }
12-03 09:04:42.959 V/WindowManager( 2123):     startWCT=WindowContainerTransaction { changes = {} hops = [] errorCallbackToken=null taskFragmentOrganizer=null }
12-03 09:04:42.959 V/WindowManager( 2123):     info={id=34516 t=OPEN f=0x0 trk=0 opt={t=FROM_STYLE} r=[0@Point(0, 0)] c=[
12-03 09:04:42.959 V/WindowManager( 2123):         {null m=OPEN f=FILLS_TASK leash=Surface(name=ActivityRecord{1d33a8b u0 com.xingin.xhs/com.xingin.im.ui.activity.ChatActivity)/@0x1864528 sb=Rect(0, 0 - 0, 0) eb=Rect(0, 0 - 1080, 2640) d=-1->0 r=-1->0:-1 bc=fffafafa component=com.xingin.xhs/com.xingin.im.ui.activity.ChatActivity},
12-03 09:04:42.959 V/WindowManager( 2123):         {null m=TO_BACK f=FILLS_TASK leash=Surface(name=ActivityRecord{44ff488 u0 com.xingin.xhs/.index.v2.IndexActivityV2)/@0x1d4a74b sb=Rect(0, 0 - 1080, 2640) eb=Rect(0, 0 - 1080, 2640) d=0 bc=fffafafa component=com.xingin.xhs/.index.v2.IndexActivityV2}
12-03 09:04:42.959 V/WindowManager( 2123):     ]}
12-03 09:04:42.960 V/WindowManagerShell( 2655): loadAnimation: anim=android.view.animation.AnimationSet@513df1c animAttr=0x5 type=OPEN isEntrance=false
12-03 09:04:42.961 V/WindowManagerShell( 2655): loadAnimation: anim=android.view.animation.AnimationSet@4f170fa animAttr=0x4 type=OPEN isEntrance=true
12-03 09:04:42.962 V/WindowManagerShell( 2655):  animated by com.android.wm.shell.transition.DefaultTransitionHandler@e2977d1
12-03 09:04:42.963 W/UserManagerService( 2123): Requested status bar icon for non-badged user 0
12-03 09:04:43.019 D/PowerManagerService( 2123): nativeSetPowerMode ret:true mode:5 enabled:true duration ms: 0
12-03 09:04:43.030 D/CoreBackPreview( 2123): Window{fafd2b8 u0 PopupWindow:df9d71a}: Setting back callback OnBackInvokedCallbackInfo{mCallback=android.window.IOnBackInvokedCallback$Stub$Proxy@2df9982, mPriority=0, mIsAnimationCallback=false}
12-03 09:04:43.048 D/PowerManagerService( 2123): nativeSetPowerMode ret:true mode:5 enabled:false duration ms: 0
12-03 09:04:43.049 W/MotoBatteryCareService( 2123): uid: 10489 pkgName:com.xingin.xhs come to foreground
12-03 09:04:43.062 D/CompatChangeReporter( 2123): Compat change id reported: 311402873; UID 10203; state: ENABLED
12-03 09:04:43.063 D/CompatChangeReporter( 2123): Compat change id reported: 323349338; UID 10203; state: ENABLED
12-03 09:04:43.073 W/PackageConfigPersister( 2123): App-specific configuration not found for packageName: com.xingin.xhs and userId: 0
12-03 09:04:43.158 D/addPss  ( 2123): tracker=ProcessState{e96f16f com.whatsapp/10480 pkg=com.whatsapp}
12-03 09:04:43.169 E/ActivityThread(21162): Failed to find provider info for com.vivo.push.sdk.service.SystemPushConfig
12-03 09:04:43.169 E/ActivityThread(21162): Failed to find provider info for com.vivo.push.sdk.service.SystemPushConfig
12-03 09:04:43.271 V/WindowManagerShell( 2655): Transition animation finished (aborted=false), notifying core (#34516) android.os.BinderProxy@522cccf@0
12-03 09:04:43.273 V/WindowManager( 2123): Finish Transition (#34516): created at 12-03 09:04:41.364 collect-started=0.05ms request-sent=6.778ms started=9.051ms ready=203.61ms sent=1591.482ms finished=1908.581ms
12-03 09:04:43.274 V/WindowManagerShell( 2655): Track 0 became idle
12-03 09:04:43.274 V/WindowManagerShell( 2655): All active transition animations finished
12-03 09:04:43.320 W/UserManagerService( 2123): Requested status bar icon for non-badged user 0
12-03 09:04:43.322 W/UserManagerService( 2123): Requested status bar icon for non-badged user 0
12-03 09:04:43.337 W/AccessibilityWindowsPopulator( 2123): The displayInfo of this displayId (1) called back from the surface fligner is null
12-03 09:04:43.399 D/CompatChangeReporter( 2123): Compat change id reported: 151861875; UID 10269; state: ENABLED
12-03 09:04:43.424 I/ActivityManager( 2123): Start proc 22661:com.motorola.moto/u0a269 for content provider {com.motorola.moto/com.motorola.data.engineprovider.EngineContentProvider}
12-03 09:04:43.537 W/AccessibilityManagerService( 2123):  wait for adding window timeout: 32875
12-03 09:04:43.681 W/ContextImpl( 2123): Calling a method in the system process without a qualified user: android.app.ContextImpl.sendBroadcast:1273 com.android.server.location.provider.LocationProviderManager$LocationRegistration$1.test:1078 com.android.server.location.provider.LocationProviderManager$LocationRegistration$1.test:1022 android.location.LocationResult.filter:253 com.android.server.location.provider.LocationProviderManager$LocationRegistration.acceptLocationChange:1021 
12-03 09:04:43.683 W/ContextImpl( 2123): Calling a method in the system process without a qualified user: android.app.ContextImpl.sendBroadcast:1273 com.android.server.location.provider.LocationProviderManager$LocationRegistration$1.test:1078 com.android.server.location.provider.LocationProviderManager$LocationRegistration$1.test:1022 android.location.LocationResult.filter:253 com.android.server.location.provider.LocationProviderManager$LocationRegistration.acceptLocationChange:1021 
12-03 09:04:43.686 W/ContextImpl( 2123): Calling a method in the system process without a qualified user: android.app.ContextImpl.sendBroadcast:1273 com.android.server.location.provider.LocationProviderManager$LocationRegistration$1.test:1078 com.android.server.location.provider.LocationProviderManager$LocationRegistration$1.test:1022 android.location.LocationResult.filter:253 com.android.server.location.provider.LocationProviderManager$LocationRegistration.acceptLocationChange:1021 
12-03 09:04:43.690 W/ContextImpl( 2123): Calling a method in the system process without a qualified user: android.app.ContextImpl.sendBroadcast:1273 com.android.server.location.provider.LocationProviderManager$LocationRegistration$1.test:1078 com.android.server.location.provider.LocationProviderManager$LocationRegistration$1.test:1022 android.location.LocationResult.filter:253 com.android.server.location.provider.LocationProviderManager$LocationRegistration.acceptLocationChange:1021 
12-03 09:04:43.749 W/AccessibilityWindowsPopulator( 2123): The displayInfo of this displayId (1) called back from the surface fligner is null
12-03 09:04:43.886 I/AppsFilter( 2123): interaction: PackageSetting{a713889 com.oem.euiccpartnerapp/10332} -> PackageSetting{aa201a8 com.motorola.dolby.dolbyui/10203} BLOCKED
12-03 09:04:43.909 D/ShortcutService( 2123): received package broadcast intent: Intent { act=android.intent.action.PACKAGE_CHANGED dat=package: flg=0x45000010 (has extras) }
12-03 09:04:43.911 D/ShortcutService( 2123): changing package: com.motorola.dolby.dolbyui userId0
12-03 09:04:43.919 D/ShortcutService( 2123): handlePackageChanged: com.motorola.dolby.dolbyui user=0
12-03 09:04:43.919 D/ShortcutService( 2123): rescanPackageIfNeeded 0@com.motorola.dolby.dolbyui, forceRescan=true , isNewApp=true
12-03 09:04:43.920 D/ShortcutService( 2123): Package com.motorola.dolby.dolbyui has 0 manifest shortcut(s), and 0 share target(s)
12-03 09:04:43.934 D/CompatChangeReporter( 2123): Compat change id reported: 151861875; UID 10249; state: ENABLED
12-03 09:04:43.952 I/ActivityManager( 2123): Start proc 22704:com.google.android.euicc/u0a249 for service {com.google.android.euicc/com.android.euicc.service.EuiccServiceImpl}
12-03 09:04:44.009 W/AppOpService( 2123): Ignored setUidMode call for runtime permission app op: uid = 10270, code = READ_CELL_BROADCASTS, mode = allow, callingUid = 1001, oldMode = allow
12-03 09:04:44.069 W/AppOpService( 2123): Ignored setUidMode call for runtime permission app op: uid = 1001, code = READ_SMS, mode = allow, callingUid = 1001, oldMode = allow
12-03 09:04:44.070 W/AppOpService( 2123): Ignored setUidMode call for runtime permission app op: uid = 1001, code = RECEIVE_SMS, mode = allow, callingUid = 1001, oldMode = allow
12-03 09:04:44.070 W/AppOpService( 2123): Ignored setUidMode call for runtime permission app op: uid = 1001, code = RECEIVE_WAP_PUSH, mode = allow, callingUid = 1001, oldMode = allow
12-03 09:04:44.074 W/AppOpService( 2123): Ignored setUidMode call for runtime permission app op: uid = 1001, code = SEND_SMS, mode = allow, callingUid = 1001, oldMode = allow
12-03 09:04:44.075 W/AppOpService( 2123): Ignored setUidMode call for runtime permission app op: uid = 1001, code = READ_CELL_BROADCASTS, mode = allow, callingUid = 1001, oldMode = allow
12-03 09:04:44.078 W/AppOpService( 2123): Ignored setUidMode call for runtime permission app op: uid = 10220, code = FINE_LOCATION, mode = allow, callingUid = 1000, oldMode = allow
12-03 09:04:44.131 W/AppOpService( 2123): Ignored setUidMode call for runtime permission app op: uid = 10220, code = FINE_LOCATION, mode = allow, callingUid = 1000, oldMode = allow
12-03 09:04:44.203 W/ContextImpl( 2123): Calling a method in the system process without a qualified user: android.app.ContextImpl.sendBroadcast:1273 com.android.server.location.gnss.GnssStatusProvider.onReportStatus:176 com.android.server.location.gnss.hal.GnssNative.lambda$reportStatus$6:1113 com.android.server.location.gnss.hal.GnssNative.$r8$lambda$qNLm-8ijwEsUIu6uCf-cSxNrbGI:0 com.android.server.location.gnss.hal.GnssNative$$ExternalSyntheticLambda0.runOrThrow:0 
12-03 09:04:44.234 D/CompatChangeReporter( 2123): Compat change id reported: 151861875; UID 10412; state: ENABLED
12-03 09:04:44.253 I/ActivityManager( 2123): Start proc 22748:com.motorola.securityhub/u0a412 for content provider {com.motorola.securityhub/com.motorola.securityhub.provider.SecurityHubProvider}
12-03 09:04:44.448 D/BatteryService( 2123): uevent={POWER_SUPPLY_VOLTAGE_NOW=3719000, POWER_SUPPLY_VBUS_PRESENT=true, POWER_SUPPLY_TYPE=Battery, POWER_SUPPLY_HEALTH=Good, POWER_SUPPLY_TECHNOLOGY=Li-poly, POWER_SUPPLY_SCOPE=92, POWER_SUPPLY_CHARGE_FULL_DESIGN=4200000, SEQNUM=109941, POWER_SUPPLY_STATUS=Charging, POWER_SUPPLY_CYCLE_COUNT=461, POWER_SUPPLY_CAPACITY=31, DEVPATH=/devices/platform/smart_battery/power_supply/battery, POWER_SUPPLY_ENERGY_EMPTY=0, POWER_SUPPLY_CHARGE_RATE=Normal, POWER_SUPPLY_CAPACITY_LEVEL=Normal, POWER_SUPPLY_CURRENT_NOW=-1038000, POWER_SUPPLY_PRESENT=1, POWER_SUPPLY_POWER_WATT=2, POWER_SUPPLY_CHARGE_FULL=3706000, SUBSYSTEM=power_supply, POWER_SUPPLY_VOLTAGE_OCV=3719000, POWER_SUPPLY_TEMP=329, ACTION=change, POWER_SUPPLY_AGE=92, POWER_SUPPLY_CHARGE_REAL_TYPE=1, POWER_SUPPLY_NAME=battery, POWER_SUPPLY_LPD_PRESENT=false, POWER_SUPPLY_CHARGE_COUNTER=1111000, POWER_SUPPLY_POWER_WATT_DESIGN=30}
12-03 09:04:44.488 I/ActivityManager( 2123): Flag disabled. Ignoring finishAttachApplication from uid: 10249. pid: 22704
12-03 09:04:44.515 D/CompatChangeReporter( 2123): Compat change id reported: 297989574; UID 10249; state: ENABLED
12-03 09:04:44.517 D/PowerUI ( 2655): can't show warning due to - plugged: true status unknown: false
12-03 09:04:44.790 W/AccessibilitySecurityPolicy( 2123): Skipping accessibility service com.tmobile.tuesdays/io.cobrowse.CobrowseAccessibilityService: it does not require the permission android.permission.BIND_ACCESSIBILITY_SERVICE
12-03 09:04:44.796 W/MagnificationConnectionManager( 2123): requestConnection duplicated request: connect=false, mConnectionState=DISCONNECTED
12-03 09:04:44.837 D/ShortcutService( 2123): Getting shortcuts for launcher= com.motorola.uxcoreuser=0 pkg=com.motorola.dolby.dolbyui
12-03 09:04:44.908 I/ActivityManager( 2123): Flag disabled. Ignoring finishAttachApplication from uid: 10412. pid: 22748
12-03 09:04:44.935 E/ActivityThread(22661): Failed to find provider info for com.motorola.securevault.provider
12-03 09:04:45.005 V/UiModeManager( 2123): updateLocked: null action, mDockState=0, category=null
12-03 09:04:45.005 D/UiModeManager( 2123): updateConfigurationLocked: mDockState=0; mCarMode=false; mNightMode=2; mNightModeCustomType=-1; uiMode=33
12-03 09:04:45.237 E/ActivityThread(22661): Failed to find provider info for com.motorola.magictouch.provider
12-03 09:04:45.248 E/ActivityThread(22661): Failed to find provider info for com.motorola.securevault.provider
12-03 09:04:45.249 E/ActivityThread(22661): Failed to find provider info for com.motorola.motofpstouch.provider
12-03 09:04:45.250 E/ActivityThread(22661): Failed to find provider info for com.motorola.motowaves.provider.moto
12-03 09:04:45.253 E/ActivityThread(22661): Failed to find provider info for com.motorola.motoedgeassistant.provide
12-03 09:04:45.281 E/ActivityThread(22661): Failed to find provider info for com.motorola.securevault.provider
12-03 09:04:45.288 E/ActivityThread(22661): Failed to find provider info for com.motorola.securevault.provider
12-03 09:04:45.289 E/ActivityThread(22661): Failed to find provider info for com.motorola.motofpstouch.provider
12-03 09:04:45.290 E/ActivityThread(22661): Failed to find provider info for com.motorola.motoedgeassistant.provider
