12-03 09:05:09.628 D/BatteryService( 2123): uevent={POWER_SUPPLY_VOLTAGE_NOW=3796000, POWER_SUPPLY_VBUS_PRESENT=true, POWER_SUPPLY_TYPE=Battery, POWER_SUPPLY_HEALTH=Good, POWER_SUPPLY_TECHNOLOGY=Li-poly, POWER_SUPPLY_SCOPE=92, POWER_SUPPLY_CHARGE_FULL_DESIGN=4200000, SEQNUM=109958, POWER_SUPPLY_STATUS=Charging, POWER_SUPPLY_CYCLE_COUNT=461, POWER_SUPPLY_CAPACITY=31, DEVPATH=/devices/platform/smart_battery/power_supply/battery, POWER_SUPPLY_ENERGY_EMPTY=0, POWER_SUPPLY_CHARGE_RATE=Normal, POWER_SUPPLY_CAPACITY_LEVEL=Normal, POWER_SUPPLY_CURRENT_NOW=300000, POWER_SUPPLY_PRESENT=1, POWER_SUPPLY_POWER_WATT=2, POWER_SUPPLY_CHARGE_FULL=3706000, SUBSYSTEM=power_supply, POWER_SUPPLY_VOLTAGE_OCV=3796000, POWER_SUPPLY_TEMP=329, ACTION=change, POWER_SUPPLY_AGE=92, POWER_SUPPLY_CHARGE_REAL_TYPE=1, POWER_SUPPLY_NAME=battery, POWER_SUPPLY_LPD_PRESENT=false, POWER_SUPPLY_CHARGE_COUNTER=1111000, POWER_SUPPLY_POWER_WATT_DESIGN=30}
12-03 09:05:09.689 D/PowerUI ( 2655): can't show warning due to - plugged: true status unknown: false
12-03 09:05:09.860 D/PowerManagerService( 2123): nativeAcquireSuspendBlocker name:PowerManagerService.WakeLocks duration ms: 1
12-03 09:05:10.062 D/PowerManagerService( 2123): nativeReleaseSuspendBlocker name:PowerManagerService.WakeLocks duration ms: 1
12-03 09:05:10.185 V/UiModeManager( 2123): updateLocked: null action, mDockState=0, category=null
12-03 09:05:10.185 D/UiModeManager( 2123): updateConfigurationLocked: mDockState=0; mCarMode=false; mNightMode=2; mNightModeCustomType=-1; uiMode=33
12-03 09:05:10.689 D/ActivityManager( 2123): freezing 24211 com.sec.android.easyMover, reason=moto_freezer, adj=915, adjType=cch-empty
12-03 09:05:10.697 D/ActivityManager( 2123): freezing 24224 er.notepad.notes.notebook.checklist.calendar, reason=moto_freezer, adj=915, adjType=cch-empty
12-03 09:05:10.768 D/PowerManagerService( 2123): nativeAcquireSuspendBlocker name:PowerManagerService.WakeLocks duration ms: 1
12-03 09:05:10.973 D/PowerManagerService( 2123): nativeReleaseSuspendBlocker name:PowerManagerService.WakeLocks duration ms: 0
12-03 09:05:11.424 D/PowerManagerService( 2123): nativeAcquireSuspendBlocker name:PowerManagerService.WakeLocks duration ms: 1
12-03 09:05:11.629 D/PowerManagerService( 2123): nativeReleaseSuspendBlocker name:PowerManagerService.WakeLocks duration ms: 0
12-03 09:05:14.809 D/PowerManagerService( 2123): nativeAcquireSuspendBlocker name:PowerManagerService.WakeLocks duration ms: 1
12-03 09:05:14.849 D/PowerManagerService( 2123): nativeReleaseSuspendBlocker name:PowerManagerService.WakeLocks duration ms: 0
12-03 09:05:15.934 D/BatteryService( 2123): uevent={POWER_SUPPLY_VOLTAGE_NOW=3801000, POWER_SUPPLY_VBUS_PRESENT=true, POWER_SUPPLY_TYPE=Battery, POWER_SUPPLY_HEALTH=Good, POWER_SUPPLY_TECHNOLOGY=Li-poly, POWER_SUPPLY_SCOPE=92, POWER_SUPPLY_CHARGE_FULL_DESIGN=4200000, SEQNUM=109959, POWER_SUPPLY_STATUS=Charging, POWER_SUPPLY_CYCLE_COUNT=461, POWER_SUPPLY_CAPACITY=31, DEVPATH=/devices/platform/smart_battery/power_supply/battery, POWER_SUPPLY_ENERGY_EMPTY=0, POWER_SUPPLY_CHARGE_RATE=Normal, POWER_SUPPLY_CAPACITY_LEVEL=Normal, POWER_SUPPLY_CURRENT_NOW=389000, POWER_SUPPLY_PRESENT=1, POWER_SUPPLY_POWER_WATT=2, POWER_SUPPLY_CHARGE_FULL=3706000, SUBSYSTEM=power_supply, POWER_SUPPLY_VOLTAGE_OCV=3801000, POWER_SUPPLY_TEMP=329, ACTION=change, POWER_SUPPLY_AGE=92, POWER_SUPPLY_CHARGE_REAL_TYPE=1, POWER_SUPPLY_NAME=battery, POWER_SUPPLY_LPD_PRESENT=false, POWER_SUPPLY_CHARGE_COUNTER=1111000, POWER_SUPPLY_POWER_WATT_DESIGN=30}
12-03 09:05:16.013 D/PowerUI ( 2655): can't show warning due to - plugged: true status unknown: false
12-03 09:05:16.508 V/UiModeManager( 2123): updateLocked: null action, mDockState=0, category=null
12-03 09:05:16.508 D/UiModeManager( 2123): updateConfigurationLocked: mDockState=0; mCarMode=false; mNightMode=2; mNightModeCustomType=-1; uiMode=33
12-03 09:05:17.694 D/ActivityManager( 2123): freezing 24189 android.process.media, reason=moto_freezer, adj=915, adjType=cch-empty
12-03 09:05:17.739 D/PowerManagerService( 2123): nativeAcquireSuspendBlocker name:PowerManagerService.WakeLocks duration ms: 1
12-03 09:05:17.770 D/PowerManagerService( 2123): nativeReleaseSuspendBlocker name:PowerManagerService.WakeLocks duration ms: 0
12-03 09:05:23.607 D/PowerManagerService( 2123): nativeAcquireSuspendBlocker name:PowerManagerService.WakeLocks duration ms: 2
12-03 09:05:23.649 W/ContextImpl( 2123): Calling a method in the system process without a qualified user: android.app.ContextImpl.sendBroadcastMultiplePermissions:1308 android.content.Context.sendBroadcastMultiplePermissions:2522 com.android.server.TelephonyRegistry.broadcastServiceStateChanged:3764 com.android.server.TelephonyRegistry.notifyServiceStateForPhoneId:1765 com.android.internal.telephony.ITelephonyRegistry$Stub.onTransact:562 
12-03 09:05:23.650 W/ContextImpl( 2123): Calling a method in the system process without a qualified user: android.app.ContextImpl.sendBroadcastMultiplePermissions:1341 com.android.server.TelephonyRegistry.broadcastServiceStateChanged:3769 com.android.server.TelephonyRegistry.notifyServiceStateForPhoneId:1765 com.android.internal.telephony.ITelephonyRegistry$Stub.onTransact:562 android.os.Binder.execTransactInternal:1520 
12-03 09:05:23.652 W/ContextImpl( 2123): Calling a method in the system process without a qualified user: android.app.ContextImpl.sendBroadcastMultiplePermissions:1341 com.android.server.TelephonyRegistry.broadcastServiceStateChanged:3778 com.android.server.TelephonyRegistry.notifyServiceStateForPhoneId:1765 com.android.internal.telephony.ITelephonyRegistry$Stub.onTransact:562 android.os.Binder.execTransactInternal:1520 
12-03 09:05:23.653 W/ContextImpl( 2123): Calling a method in the system process without a qualified user: android.app.ContextImpl.sendBroadcastMultiplePermissions:1341 com.android.server.TelephonyRegistry.broadcastServiceStateChanged:3784 com.android.server.TelephonyRegistry.notifyServiceStateForPhoneId:1765 com.android.internal.telephony.ITelephonyRegistry$Stub.onTransact:562 android.os.Binder.execTransactInternal:1520 
12-03 09:05:23.680 I/ActivityManager( 2123): Start proc 24621:com.google.android.cellbroadcastreceiver/u0a436 for broadcast {com.google.android.cellbroadcastreceiver/com.android.cellbroadcastreceiver.CellBroadcastReceiver}
12-03 09:05:23.811 D/PowerManagerService( 2123): nativeReleaseSuspendBlocker name:PowerManagerService.WakeLocks duration ms: 1
12-03 09:05:24.078 D/PowerManagerService( 2123): nativeAcquireSuspendBlocker name:PowerManagerService.WakeLocks duration ms: 1
12-03 09:05:24.084 I/ActivityManager( 2123): Flag disabled. Ignoring finishAttachApplication from uid: 10436. pid: 24621
12-03 09:05:24.095 D/PowerManagerService( 2123): nativeReleaseSuspendBlocker name:PowerManagerService.WakeLocks duration ms: 0
12-03 09:05:24.096 D/PowerManagerService( 2123): nativeAcquireSuspendBlocker name:PowerManagerService.WakeLocks duration ms: 0
12-03 09:05:24.106 D/PowerManagerService( 2123): nativeReleaseSuspendBlocker name:PowerManagerService.WakeLocks duration ms: 1
12-03 09:05:24.108 D/PowerManagerService( 2123): nativeAcquireSuspendBlocker name:PowerManagerService.WakeLocks duration ms: 0
12-03 09:05:24.125 D/PowerManagerService( 2123): nativeReleaseSuspendBlocker name:PowerManagerService.WakeLocks duration ms: 1
12-03 09:05:24.128 D/PowerManagerService( 2123): nativeAcquireSuspendBlocker name:PowerManagerService.WakeLocks duration ms: 1
12-03 09:05:24.143 D/PowerManagerService( 2123): nativeReleaseSuspendBlocker name:PowerManagerService.WakeLocks duration ms: 0
12-03 09:05:25.239 D/ActivityManager( 2123): unfreezing ProcessRecord{6ed0c5b 24189:android.process.media/u0a171}, reason = unfreezeTemporarily, adj = 915, adjType = cch-empty, adjSource = null
12-03 09:05:25.241 D/ActivityManager( 2123): sync unfroze 24189 android.process.media for 3
12-03 09:05:25.245 D/ActivityManager( 2123): unfreezing ProcessRecord{bac3827 24211:com.sec.android.easyMover/u0a618}, reason = unfreezeTemporarily, adj = 915, adjType = cch-empty, adjSource = null
12-03 09:05:25.247 D/ActivityManager( 2123): sync unfroze 24211 com.sec.android.easyMover for 3
12-03 09:05:25.252 D/ActivityManager( 2123): unfreezing ProcessRecord{79bc104 24224:er.notepad.notes.notebook.checklist.calendar/u0a610}, reason = unfreezeTemporarily, adj = 915, adjType = cch-empty, adjSource = null
12-03 09:05:25.254 D/ActivityManager( 2123): sync unfroze 24224 er.notepad.notes.notebook.checklist.calendar for 3
12-03 09:05:25.314 I/UsbDeviceManager( 2123): getUsbSpeedCb speed:2 ,transactionId:4597
12-03 09:05:25.670 I/UsbDeviceManager( 2123): getUsbSpeedCb speed:2 ,transactionId:4601
12-03 09:05:25.802 D/PowerManagerService( 2123): nativeAcquireSuspendBlocker name:PowerManagerService.WakeLocks duration ms: 1
12-03 09:05:25.826 W/ContextImpl( 2123): Calling a method in the system process without a qualified user: android.app.ContextImpl.sendBroadcastMultiplePermissions:1308 android.content.Context.sendBroadcastMultiplePermissions:2522 com.android.server.TelephonyRegistry.broadcastServiceStateChanged:3764 com.android.server.TelephonyRegistry.notifyServiceStateForPhoneId:1765 com.android.internal.telephony.ITelephonyRegistry$Stub.onTransact:562 
12-03 09:05:25.829 W/ContextImpl( 2123): Calling a method in the system process without a qualified user: android.app.ContextImpl.sendBroadcastMultiplePermissions:1341 com.android.server.TelephonyRegistry.broadcastServiceStateChanged:3769 com.android.server.TelephonyRegistry.notifyServiceStateForPhoneId:1765 com.android.internal.telephony.ITelephonyRegistry$Stub.onTransact:562 android.os.Binder.execTransactInternal:1520 
12-03 09:05:25.830 W/ContextImpl( 2123): Calling a method in the system process without a qualified user: android.app.ContextImpl.sendBroadcastMultiplePermissions:1341 com.android.server.TelephonyRegistry.broadcastServiceStateChanged:3778 com.android.server.TelephonyRegistry.notifyServiceStateForPhoneId:1765 com.android.internal.telephony.ITelephonyRegistry$Stub.onTransact:562 android.os.Binder.execTransactInternal:1520 
12-03 09:05:25.831 W/ContextImpl( 2123): Calling a method in the system process without a qualified user: android.app.ContextImpl.sendBroadcastMultiplePermissions:1341 com.android.server.TelephonyRegistry.broadcastServiceStateChanged:3784 com.android.server.TelephonyRegistry.notifyServiceStateForPhoneId:1765 com.android.internal.telephony.ITelephonyRegistry$Stub.onTransact:562 android.os.Binder.execTransactInternal:1520 
12-03 09:05:26.006 D/BatteryService( 2123): uevent={POWER_SUPPLY_VOLTAGE_NOW=3797000, POWER_SUPPLY_VBUS_PRESENT=true, POWER_SUPPLY_TYPE=Battery, POWER_SUPPLY_HEALTH=Good, POWER_SUPPLY_TECHNOLOGY=Li-poly, POWER_SUPPLY_SCOPE=92, POWER_SUPPLY_CHARGE_FULL_DESIGN=4200000, SEQNUM=109976, POWER_SUPPLY_STATUS=Charging, POWER_SUPPLY_CYCLE_COUNT=461, POWER_SUPPLY_CAPACITY=31, DEVPATH=/devices/platform/smart_battery/power_supply/battery, POWER_SUPPLY_ENERGY_EMPTY=0, POWER_SUPPLY_CHARGE_RATE=Normal, POWER_SUPPLY_CAPACITY_LEVEL=Normal, POWER_SUPPLY_CURRENT_NOW=62000, POWER_SUPPLY_PRESENT=1, POWER_SUPPLY_POWER_WATT=2, POWER_SUPPLY_CHARGE_FULL=3706000, SUBSYSTEM=power_supply, POWER_SUPPLY_VOLTAGE_OCV=3797000, POWER_SUPPLY_TEMP=329, ACTION=change, POWER_SUPPLY_AGE=92, POWER_SUPPLY_CHARGE_REAL_TYPE=1, POWER_SUPPLY_NAME=battery, POWER_SUPPLY_LPD_PRESENT=false, POWER_SUPPLY_CHARGE_COUNTER=1111000, POWER_SUPPLY_POWER_WATT_DESIGN=30}
12-03 09:05:26.076 D/PowerUI ( 2655): can't show warning due to - plugged: true status unknown: false
12-03 09:05:26.113 D/PowerManagerService( 2123): nativeReleaseSuspendBlocker name:PowerManagerService.WakeLocks duration ms: 1
12-03 09:05:26.127 D/PowerUI ( 2655): can't show warning due to - plugged: true status unknown: false
12-03 09:05:26.628 V/UiModeManager( 2123): updateLocked: null action, mDockState=0, category=null
12-03 09:05:26.628 D/UiModeManager( 2123): updateConfigurationLocked: mDockState=0; mCarMode=false; mNightMode=2; mNightModeCustomType=-1; uiMode=33
12-03 09:05:28.378 D/PowerManagerService( 2123): nativeAcquireSuspendBlocker name:PowerManagerService.WakeLocks duration ms: 1
12-03 09:05:28.401 D/PowerManagerService( 2123): nativeReleaseSuspendBlocker name:PowerManagerService.WakeLocks duration ms: 0
12-03 09:05:28.403 D/PowerManagerService( 2123): nativeAcquireSuspendBlocker name:PowerManagerService.WakeLocks duration ms: 1
12-03 09:05:28.416 D/PowerManagerService( 2123): nativeReleaseSuspendBlocker name:PowerManagerService.WakeLocks duration ms: 0
12-03 09:05:28.420 D/PowerManagerService( 2123): nativeAcquireSuspendBlocker name:PowerManagerService.WakeLocks duration ms: 1
12-03 09:05:28.437 D/PowerManagerService( 2123): nativeReleaseSuspendBlocker name:PowerManagerService.WakeLocks duration ms: 0
12-03 09:05:28.440 D/PowerManagerService( 2123): nativeAcquireSuspendBlocker name:PowerManagerService.WakeLocks duration ms: 1
12-03 09:05:28.453 D/PowerManagerService( 2123): nativeReleaseSuspendBlocker name:PowerManagerService.WakeLocks duration ms: 0
12-03 09:05:28.568 D/PowerManagerService( 2123): nativeAcquireSuspendBlocker name:PowerManagerService.WakeLocks duration ms: 2
12-03 09:05:28.578 D/PowerManagerService( 2123): nativeReleaseSuspendBlocker name:PowerManagerService.WakeLocks duration ms: 1
12-03 09:05:28.583 D/PowerManagerService( 2123): nativeAcquireSuspendBlocker name:PowerManagerService.WakeLocks duration ms: 1
12-03 09:05:28.597 D/ActivityManager( 2123): unfreezing ProcessRecord{ca995cd 21162:com.xingin.xhs/u0a489}, reason = unfreezeTemporarily, adj = 700, adjType = previous, adjSource = null
12-03 09:05:28.600 D/ActivityManager( 2123): sync unfroze 21162 com.xingin.xhs for 27
12-03 09:05:28.621 W/JobServiceContext( 2123): Sending onNetworkChanged for a job that isn't started. JobStatus{ddb1420 #u0a489/1778066145 com.xingin.xhs/com.google.android.datatransport.runtime.scheduling.jobscheduling.JobInfoSchedulerService u=0 s=10489 TIME=-17s332ms:none NET READY}
12-03 09:05:28.621 W/JobServiceContext( 2123): Sending onNetworkChanged for a job that isn't started. JobStatus{71d2619 #u0a489/-242012595 com.xingin.xhs/com.google.android.datatransport.runtime.scheduling.jobscheduling.JobInfoSchedulerService u=0 s=10489 TIME=-17s327ms:none NET READY}
12-03 09:05:28.629 D/CompatChangeReporter( 2123): Compat change id reported: 311208629; UID 1000; state: ENABLED
12-03 09:05:28.705 D/CompatChangeReporter( 2123): Compat change id reported: 151861875; UID 10489; state: ENABLED
12-03 09:05:28.706 D/CompatChangeReporter( 2123): Compat change id reported: 319471980; UID 10489; state: ENABLED
12-03 09:05:28.720 I/ActivityManager( 2123): Start proc 24803:com.xingin.xhs:longlinkNew/u0a489 for service {com.xingin.xhs/com.xingin.longlink.service.LongLinkService}
12-03 09:05:28.780 D/ActivityManager( 2123): freezing 24211 com.sec.android.easyMover, reason=moto_freezer, adj=920, adjType=cch-empty
12-03 09:05:28.781 D/ActivityManager( 2123): freezing 24224 er.notepad.notes.notebook.checklist.calendar, reason=moto_freezer, adj=915, adjType=cch-empty
12-03 09:05:29.198 I/ActivityManager( 2123): Flag disabled. Ignoring finishAttachApplication from uid: 10489. pid: 24803
12-03 09:05:29.200 W/Looper  (24803): Loop again would have the queued messages be executed before this one completed.
12-03 09:05:29.290 D/CompatChangeReporter( 2123): Compat change id reported: 319212206; UID 10489; state: ENABLED
12-03 09:05:29.382 D/PowerManagerService( 2123): nativeReleaseSuspendBlocker name:PowerManagerService.WakeLocks duration ms: 0
12-03 09:05:29.384 D/CompatChangeReporter( 2123): Compat change id reported: 311208629; UID 10489; state: ENABLED
12-03 09:05:29.405 D/PowerManagerService( 2123): nativeAcquireSuspendBlocker name:PowerManagerService.WakeLocks duration ms: 1
12-03 09:05:29.630 W/ContextImpl( 2123): Calling a method in the system process without a qualified user: android.app.ContextImpl.sendBroadcastMultiplePermissions:1308 android.content.Context.sendBroadcastMultiplePermissions:2522 com.android.server.TelephonyRegistry.broadcastServiceStateChanged:3764 com.android.server.TelephonyRegistry.notifyServiceStateForPhoneId:1765 com.android.internal.telephony.ITelephonyRegistry$Stub.onTransact:562 
12-03 09:05:29.631 W/ContextImpl( 2123): Calling a method in the system process without a qualified user: android.app.ContextImpl.sendBroadcastMultiplePermissions:1341 com.android.server.TelephonyRegistry.broadcastServiceStateChanged:3769 com.android.server.TelephonyRegistry.notifyServiceStateForPhoneId:1765 com.android.internal.telephony.ITelephonyRegistry$Stub.onTransact:562 android.os.Binder.execTransactInternal:1520 
12-03 09:05:29.632 W/ContextImpl( 2123): Calling a method in the system process without a qualified user: android.app.ContextImpl.sendBroadcastMultiplePermissions:1341 com.android.server.TelephonyRegistry.broadcastServiceStateChanged:3778 com.android.server.TelephonyRegistry.notifyServiceStateForPhoneId:1765 com.android.internal.telephony.ITelephonyRegistry$Stub.onTransact:562 android.os.Binder.execTransactInternal:1520 
12-03 09:05:29.633 W/ContextImpl( 2123): Calling a method in the system process without a qualified user: android.app.ContextImpl.sendBroadcastMultiplePermissions:1341 com.android.server.TelephonyRegistry.broadcastServiceStateChanged:3784 com.android.server.TelephonyRegistry.notifyServiceStateForPhoneId:1765 com.android.internal.telephony.ITelephonyRegistry$Stub.onTransact:562 android.os.Binder.execTransactInternal:1520 
12-03 09:05:31.118 D/PowerManagerService( 2123): nativeReleaseSuspendBlocker name:PowerManagerService.WakeLocks duration ms: 1
12-03 09:05:31.806 D/PowerManagerService( 2123): nativeAcquireSuspendBlocker name:PowerManagerService.WakeLocks duration ms: 2
12-03 09:05:31.817 D/PowerManagerService( 2123): nativeReleaseSuspendBlocker name:PowerManagerService.WakeLocks duration ms: 1
12-03 09:05:31.827 D/addPss  ( 2123): tracker=ProcessState{aa8ba8c com.android.DeviceAsWebcam/1000 pkg=com.android.DeviceAsWebcam}
12-03 09:05:32.496 D/ActivityManager( 2123): freezing 24803 com.xingin.xhs:longlinkNew, reason=moto_freezer, adj=700, adjType=service
12-03 09:05:32.499 D/ActivityManager( 2123): freezing 21162 com.xingin.xhs, reason=moto_freezer, adj=700, adjType=previous
12-03 09:05:33.740 D/ActivityManager( 2123): unfreezing ProcessRecord{f178622 24803:com.xingin.xhs:longlinkNew/u0a489}, reason = unfreezeTemporarily, adj = 700, adjType = service, adjSource = ProcessRecord{ca995cd 21162:com.xingin.xhs/u0a489}
12-03 09:05:33.742 D/PowerManagerService( 2123): nativeAcquireSuspendBlocker name:PowerManagerService.WakeLocks duration ms: 2
12-03 09:05:33.744 D/ActivityManager( 2123): sync unfroze 24803 com.xingin.xhs:longlinkNew for 3
12-03 09:05:33.744 D/ActivityManager( 2123): unfreezing ProcessRecord{ca995cd 21162:com.xingin.xhs/u0a489}, reason = unfreezeTemporarily, adj = 700, adjType = previous, adjSource = null
12-03 09:05:33.753 D/ActivityManager( 2123): sync unfroze 21162 com.xingin.xhs for 3
12-03 09:05:34.000 D/BatteryService( 2123): uevent={POWER_SUPPLY_VOLTAGE_NOW=3806000, POWER_SUPPLY_VBUS_PRESENT=true, POWER_SUPPLY_TYPE=Battery, POWER_SUPPLY_HEALTH=Good, POWER_SUPPLY_TECHNOLOGY=Li-poly, POWER_SUPPLY_SCOPE=92, POWER_SUPPLY_CHARGE_FULL_DESIGN=4200000, SEQNUM=109977, POWER_SUPPLY_STATUS=Charging, POWER_SUPPLY_CYCLE_COUNT=461, POWER_SUPPLY_CAPACITY=31, DEVPATH=/devices/platform/smart_battery/power_supply/battery, POWER_SUPPLY_ENERGY_EMPTY=0, POWER_SUPPLY_CHARGE_RATE=Normal, POWER_SUPPLY_CAPACITY_LEVEL=Normal, POWER_SUPPLY_CURRENT_NOW=324000, POWER_SUPPLY_PRESENT=1, POWER_SUPPLY_POWER_WATT=2, POWER_SUPPLY_CHARGE_FULL=3706000, SUBSYSTEM=power_supply, POWER_SUPPLY_VOLTAGE_OCV=3806000, POWER_SUPPLY_TEMP=329, ACTION=change, POWER_SUPPLY_AGE=92, POWER_SUPPLY_CHARGE_REAL_TYPE=1, POWER_SUPPLY_NAME=battery, POWER_SUPPLY_LPD_PRESENT=false, POWER_SUPPLY_CHARGE_COUNTER=1111000, POWER_SUPPLY_POWER_WATT_DESIGN=30}
12-03 09:05:34.080 D/PowerUI ( 2655): can't show warning due to - plugged: true status unknown: false
12-03 09:05:34.149 D/PowerUI ( 2655): can't show warning due to - plugged: true status unknown: false
12-03 09:05:34.654 V/UiModeManager( 2123): updateLocked: null action, mDockState=0, category=null
12-03 09:05:34.655 D/UiModeManager( 2123): updateConfigurationLocked: mDockState=0; mCarMode=false; mNightMode=2; mNightModeCustomType=-1; uiMode=33
12-03 09:05:34.764 D/PowerManagerService( 2123): nativeReleaseSuspendBlocker name:PowerManagerService.WakeLocks duration ms: 1
12-03 09:05:35.783 D/ActivityManager( 2123): freezing 24189 android.process.media, reason=moto_freezer, adj=920, adjType=cch-empty
12-03 09:05:36.865 D/ActivityManager( 2123): freezing 24803 com.xingin.xhs:longlinkNew, reason=moto_freezer, adj=700, adjType=service
12-03 09:05:36.867 D/ActivityManager( 2123): freezing 21162 com.xingin.xhs, reason=moto_freezer, adj=700, adjType=previous
12-03 09:05:38.766 D/ActivityManager( 2123): unfreezing ProcessRecord{f178622 24803:com.xingin.xhs:longlinkNew/u0a489}, reason = unfreezeTemporarily, adj = 700, adjType = service, adjSource = ProcessRecord{ca995cd 21162:com.xingin.xhs/u0a489}
12-03 09:05:38.768 D/PowerManagerService( 2123): nativeAcquireSuspendBlocker name:PowerManagerService.WakeLocks duration ms: 3
12-03 09:05:38.772 D/ActivityManager( 2123): sync unfroze 24803 com.xingin.xhs:longlinkNew for 3
12-03 09:05:38.775 D/ActivityManager( 2123): unfreezing ProcessRecord{ca995cd 21162:com.xingin.xhs/u0a489}, reason = moto_freezer, adj = 700, adjType = previous, adjSource = null
12-03 09:05:38.780 D/ActivityManager( 2123): sync unfroze 21162 com.xingin.xhs for 1
12-03 09:05:38.988 D/PowerManagerService( 2123): nativeReleaseSuspendBlocker name:PowerManagerService.WakeLocks duration ms: 1
12-03 09:05:41.605 D/PowerManagerService( 2123): nativeAcquireSuspendBlocker name:PowerManagerService.WakeLocks duration ms: 2
12-03 09:05:41.810 D/PowerManagerService( 2123): nativeReleaseSuspendBlocker name:PowerManagerService.WakeLocks duration ms: 0
12-03 09:05:41.891 D/ActivityManager( 2123): freezing 24803 com.xingin.xhs:longlinkNew, reason=moto_freezer, adj=700, adjType=service
12-03 09:05:41.892 D/ActivityManager( 2123): freezing 21162 com.xingin.xhs, reason=moto_freezer, adj=700, adjType=previous
12-03 09:05:44.139 D/BatteryService( 2123): uevent={POWER_SUPPLY_VOLTAGE_NOW=3810000, POWER_SUPPLY_VBUS_PRESENT=true, POWER_SUPPLY_TYPE=Battery, POWER_SUPPLY_HEALTH=Good, POWER_SUPPLY_TECHNOLOGY=Li-poly, POWER_SUPPLY_SCOPE=92, POWER_SUPPLY_CHARGE_FULL_DESIGN=4200000, SEQNUM=109978, POWER_SUPPLY_STATUS=Charging, POWER_SUPPLY_CYCLE_COUNT=461, POWER_SUPPLY_CAPACITY=31, DEVPATH=/devices/platform/smart_battery/power_supply/battery, POWER_SUPPLY_ENERGY_EMPTY=0, POWER_SUPPLY_CHARGE_RATE=Normal, POWER_SUPPLY_CAPACITY_LEVEL=Normal, POWER_SUPPLY_CURRENT_NOW=400000, POWER_SUPPLY_PRESENT=1, POWER_SUPPLY_POWER_WATT=2, POWER_SUPPLY_CHARGE_FULL=3706000, SUBSYSTEM=power_supply, POWER_SUPPLY_VOLTAGE_OCV=3810000, POWER_SUPPLY_TEMP=329, ACTION=change, POWER_SUPPLY_AGE=92, POWER_SUPPLY_CHARGE_REAL_TYPE=1, POWER_SUPPLY_NAME=battery, POWER_SUPPLY_LPD_PRESENT=false, POWER_SUPPLY_CHARGE_COUNTER=1111000, POWER_SUPPLY_POWER_WATT_DESIGN=30}
12-03 09:05:44.691 D/CompatChangeReporter( 2123): Compat change id reported: 311208629; UID 10249; state: ENABLED
12-03 09:05:48.363 D/PowerManagerService( 2123): nativeAcquireSuspendBlocker name:PowerManagerService.WakeLocks duration ms: 1
12-03 09:05:48.568 D/PowerManagerService( 2123): nativeReleaseSuspendBlocker name:PowerManagerService.WakeLocks duration ms: 1
12-03 09:05:49.831 D/PowerManagerService( 2123): nativeAcquireSuspendBlocker name:PowerManagerService.WakeLocks duration ms: 1
12-03 09:05:49.841 D/PowerManagerService( 2123): nativeReleaseSuspendBlocker name:PowerManagerService.WakeLocks duration ms: 0
12-03 09:05:54.161 D/BatteryService( 2123): uevent={POWER_SUPPLY_VOLTAGE_NOW=3814000, POWER_SUPPLY_VBUS_PRESENT=true, POWER_SUPPLY_TYPE=Battery, POWER_SUPPLY_HEALTH=Good, POWER_SUPPLY_TECHNOLOGY=Li-poly, POWER_SUPPLY_SCOPE=92, POWER_SUPPLY_CHARGE_FULL_DESIGN=4200000, SEQNUM=109979, POWER_SUPPLY_STATUS=Charging, POWER_SUPPLY_CYCLE_COUNT=461, POWER_SUPPLY_CAPACITY=31, DEVPATH=/devices/platform/smart_battery/power_supply/battery, POWER_SUPPLY_ENERGY_EMPTY=0, POWER_SUPPLY_CHARGE_RATE=Normal, POWER_SUPPLY_CAPACITY_LEVEL=Normal, POWER_SUPPLY_CURRENT_NOW=429000, POWER_SUPPLY_PRESENT=1, POWER_SUPPLY_POWER_WATT=2, POWER_SUPPLY_CHARGE_FULL=3706000, SUBSYSTEM=power_supply, POWER_SUPPLY_VOLTAGE_OCV=3814000, POWER_SUPPLY_TEMP=329, ACTION=change, POWER_SUPPLY_AGE=92, POWER_SUPPLY_CHARGE_REAL_TYPE=1, POWER_SUPPLY_NAME=battery, POWER_SUPPLY_LPD_PRESENT=false, POWER_SUPPLY_CHARGE_COUNTER=1111000, POWER_SUPPLY_POWER_WATT_DESIGN=30}
12-03 09:05:54.237 D/PowerUI ( 2655): can't show warning due to - plugged: true status unknown: false
12-03 09:05:54.732 V/UiModeManager( 2123): updateLocked: null action, mDockState=0, category=null
12-03 09:05:54.733 D/UiModeManager( 2123): updateConfigurationLocked: mDockState=0; mCarMode=false; mNightMode=2; mNightModeCustomType=-1; uiMode=33
12-03 09:05:54.866 D/ActivityManager( 2123): freezing 22704 com.google.android.euicc, reason=moto_freezer, adj=915, adjType=cch-empty
12-03 09:05:57.118 D/ActivityManager( 2123): unfreezing ProcessRecord{6ed0c5b 24189:android.process.media/u0a171}, reason = unfreezeTemporarily, adj = 920, adjType = cch-empty, adjSource = null
12-03 09:05:57.120 D/ActivityManager( 2123): sync unfroze 24189 android.process.media for 3
12-03 09:05:57.122 D/ActivityManager( 2123): unfreezing ProcessRecord{bac3827 24211:com.sec.android.easyMover/u0a618}, reason = unfreezeTemporarily, adj = 920, adjType = cch-empty, adjSource = null
12-03 09:05:57.123 D/ActivityManager( 2123): sync unfroze 24211 com.sec.android.easyMover for 3
12-03 09:05:57.135 D/ActivityManager( 2123): unfreezing ProcessRecord{79bc104 24224:er.notepad.notes.notebook.checklist.calendar/u0a610}, reason = unfreezeTemporarily, adj = 915, adjType = cch-empty, adjSource = null
12-03 09:05:57.136 D/ActivityManager( 2123): sync unfroze 24224 er.notepad.notes.notebook.checklist.calendar for 3
12-03 09:05:57.144 D/addPss  ( 2123): tracker=ProcessState{ced6155 er.notepad.notes.notebook.checklist.calendar/10610 pkg=er.notepad.notes.notebook.checklist.calendar}
12-03 09:05:57.416 D/PowerManagerService( 2123): nativeAcquireSuspendBlocker name:PowerManagerService.WakeLocks duration ms: 0
12-03 09:05:57.428 D/PowerManagerService( 2123): nativeReleaseSuspendBlocker name:PowerManagerService.WakeLocks duration ms: 0
12-03 09:05:57.431 D/PowerManagerService( 2123): nativeAcquireSuspendBlocker name:PowerManagerService.WakeLocks duration ms: 0
12-03 09:05:57.432 D/RichTapVibratorService( 2123): none richtap effect, do nothing!!
12-03 09:05:57.433 D/RichTapVibrationHelper( 2123): Not do stop!!
12-03 09:05:57.435 D/RichTapVibratorService( 2123): perform richtap vibrator
12-03 09:05:57.437 D/RichTapVibratorService( 2123): aac richtap perform timeout:20
12-03 09:05:57.483 I/DisplayDeviceRepository( 2123): Display device changed render timings: "Built-in Screen", renderFrameRate=120.00001, presentationDeadlineNanos=13300000, appVsyncOffsetNanos=1099999
12-03 09:05:57.485 D/BrightnessThermalClamper( 2123): Thermal status observer already started
12-03 09:05:57.486 D/CLI/Transition( 2123): displaygroup 0, state ON, pendingdisplaygroup {}
12-03 09:05:57.486 D/DisplayManagerService( 2123): Ignore redundant display event 0/2 to 10349/8695
12-03 09:05:57.486 D/DisplayManagerService( 2123): Ignore redundant display event 0/2 to 10480/16554
12-03 09:05:57.487 D/DisplayManagerService( 2123): Ignore redundant display event 0/2 to 10479/23732
12-03 09:05:57.495 D/PowerManagerService( 2123): nativeReleaseSuspendBlocker name:PowerManagerService.WakeLocks duration ms: 1
12-03 09:05:57.496 I/DreamManagerService( 2123): awaken by com.android.systemui callingUid=10429 callingPid=2655
12-03 09:05:57.496 V/PowerManager( 2123): userActivity when=744696387 event=0 flags=0 displayId=0 by (android) callers=android.os.PowerManager.userActivity:1487 com.android.server.dreams.DreamManagerService.requestAwakenInternal:496 com.android.server.dreams.DreamManagerService.-$$Nest$mrequestAwakenInternal:0 
12-03 09:05:57.519 W/ActivityTaskManager( 2123): getTaskSnapshot: taskId=89534 not found
12-03 09:05:57.521 W/ActivityTaskManager( 2123): takeTaskSnapshot: taskId=89534 not found or not visible
12-03 09:05:57.547 D/WindowManagerShell( 2655): onKeepClearAreasChanged: restricted={Rect(50, 2132 - 1030, 2440)}, unrestricted={}
12-03 09:05:57.553 D/addPss  ( 2123): tracker=ProcessState{40ee922 com.motorola.personalize/10419 pkg=com.motorola.personalize}
12-03 09:05:57.593 W/AccessibilityWindowsPopulator( 2123): The displayInfo of this displayId (1) called back from the surface fligner is null
12-03 09:05:57.647 D/WindowManagerShell( 2655): onKeepClearAreasChanged: restricted={Rect(196, 1802 - 884, 2018)}, unrestricted={}
12-03 09:05:57.649 D/WindowManagerShell( 2655): onKeepClearAreasChanged: restricted={Rect(198, 1794 - 882, 2009)}, unrestricted={}
12-03 09:05:57.749 D/WindowManagerShell( 2655): onKeepClearAreasChanged: restricted={Rect(193, 1782 - 887, 2000)}, unrestricted={}
12-03 09:05:57.750 D/WindowManagerShell( 2655): onKeepClearAreasChanged: restricted={Rect(192, 1783 - 888, 2001)}, unrestricted={}
12-03 09:05:57.815 D/CLI/Rotation( 2123): Set volume keyswap sysprop for rotation 2 lidState OPEN
12-03 09:05:57.851 D/WindowManagerShell( 2655): onKeepClearAreasChanged: restricted={}, unrestricted={}
12-03 09:05:57.995 D/CLI/Rotation( 2123): Set volume keyswap sysprop for rotation 2 lidState OPEN
12-03 09:05:58.371 I/UsbDeviceManager( 2123): getUsbSpeedCb speed:2 ,transactionId:4606
12-03 09:05:58.682 D/RichTapVibratorService( 2123): none richtap effect, do nothing!!
12-03 09:05:58.682 D/RichTapVibrationHelper( 2123): Not do stop!!
12-03 09:05:58.684 D/PowerManagerService( 2123): nativeAcquireSuspendBlocker name:PowerManagerService.WakeLocks duration ms: 1
12-03 09:05:58.685 D/RichTapVibratorService( 2123): perform richtap vibrator
12-03 09:05:58.687 D/RichTapVibratorService( 2123): aac richtap perform timeout:52
12-03 09:05:58.775 D/PowerManagerService( 2123): nativeReleaseSuspendBlocker name:PowerManagerService.WakeLocks duration ms: 0
12-03 09:05:59.180 D/CompatChangeReporter( 2123): Compat change id reported: 151861875; UID 10479; state: ENABLED
12-03 09:05:59.181 I/ActivityManager( 2123): Killing 23732:xyz.blueskyweb.app/u0a479 (adj 925, setSvc -10000): remove task
12-03 09:05:59.205 D/PowerManagerService( 2123): nativeSetPowerMode ret:true mode:5 enabled:true duration ms: 0
12-03 09:05:59.205 W/ActivityTaskManager( 2123): callingPackage for (uid=-1, pid=-1) has no WPC
12-03 09:05:59.208 D/PowerManagerService( 2123): nativeAcquireSuspendBlocker name:PowerManagerService.WakeLocks duration ms: 0
12-03 09:05:59.215 D/WindowManagerShell( 2655): onActivityRestartAttempt: ComponentInfo{com.xingin.xhs/com.xingin.im.ui.activity.ChatActivity}
12-03 09:05:59.217 V/WindowManagerShell( 2655): Transition requested (#34522): android.os.BinderProxy@b317ecc TransitionRequestInfo { type = TO_FRONT, triggerTask = TaskInfo{userId=0 taskId=89542 displayId=0 isRunning=true baseIntent=Intent { act=android.intent.action.MAIN cat=[android.intent.category.LAUNCHER] flg=0x10200000 cmp=com.xingin.xhs/.index.v2.IndexActivityV2 } baseActivity=ComponentInfo{com.xingin.xhs/com.xingin.xhs.index.v2.IndexActivityV2} topActivity=ComponentInfo{com.xingin.xhs/com.xingin.im.ui.activity.ChatActivity} origActivity=null realActivity=ComponentInfo{com.xingin.xhs/com.xingin.xhs.index.v2.IndexActivityV2} numActivities=2 lastActiveTime=940819755 supportsMultiWindow=true supportsGlobalFreeform=true resizeMode=2 isResizeable=true isAppLocked=false isShowDecorCaptionWindowRequest=false canKillAndRestart=false minWidth=-1 minHeight=-1 defaultMinSize=200 token=WCT{android.window.IWindowContainerToken$Stub$Proxy@67d5515} topActivityType=1 pictureInPictureParams=null shouldDockBigOverlays=false launchIntoPipHostTaskId=-1 lastParentTaskIdBeforePip=-1 displayCutoutSafeInsets=Rect(0, 108 - 0, 0) topActivityInfo=ActivityInfo{687d02a com.xingin.im.ui.activity.ChatActivity} launchCookies=[] positionInParent=Point(0, 0) parentTaskId=-1 isFocused=false isVisible=false isVisibleRequested=false isSleeping=false locusId=null displayAreaFeatureId=1 isTopActivityTransparent=false appCompatTaskInfo=AppCompatTaskInfo { topActivityInSizeCompat=false topActivityEligibleForLetterboxEducation= falseisLetterboxEducationEnabled= false isLetterboxDoubleTapEnabled= false topActivityEligibleForUserAspectRatioButton= false topActivityBoundsLetterboxed= false isFromLetterboxDoubleTap= false topActivityLetterboxVerticalPosition= -1 topActivityLetterboxHorizontalPosition= -1 topActivityLetterboxWidth=1080 topActivityLetterboxHeight=2640 isUserFullscreenOverrideEnabled=false isSystemFullscreenOverrideEnabled=false cameraCompatTaskInfo=CameraCompatTaskInfo { cameraCompatControlState=hidden freeformCameraCompatMode=inactive}}}, pipTask = null, remoteTransition = RemoteTransition { remoteTransition = android.window.IRemoteTransition$Stub$Proxy@3bc9e1b, appThread = android.app.IApplicationThread$Stub$Proxy@35dbbb8, debugName = QuickstepLaunch }, displayChange = null, flags = 0, debugId = 34522 }
12-03 09:05:59.217 V/WindowManagerShell( 2655): RemoteTransition directly requested for (#34522) android.os.BinderProxy@b317ecc: RemoteTransition { remoteTransition = android.window.IRemoteTransition$Stub$Proxy@3bc9e1b, appThread = android.app.IApplicationThread$Stub$Proxy@35dbbb8, debugName = QuickstepLaunch }
12-03 09:05:59.221 D/ActivityManager( 2123): quick sync unfreeze 21162 for 1
12-03 09:05:59.241 D/ActivityManager( 2123): unfreezing ProcessRecord{ca995cd 21162:com.xingin.xhs/u0a489}, reason = moto_freezer, adj = 700, adjType = previous, adjSource = null
12-03 09:05:59.242 D/ActivityTaskManager( 2123): sendShowDecorCaptionWindow Task is not organized Task{e0d42bb #86437 type=undefined I=com.motorola.launcher3/com.android.launcher3.CustomizationPanelLauncher}
12-03 09:05:59.254 D/WindowManagerShell( 2655): setLauncherKeepClearAreaHeight: visible=false, height=212
12-03 09:05:59.262 D/ActivityManager( 2123): sync unfroze 21162 com.xingin.xhs for 1
12-03 09:05:59.266 D/ActivityManager( 2123): unfreezing ProcessRecord{f178622 24803:com.xingin.xhs:longlinkNew/u0a489}, reason = moto_freezer, adj = 100, adjType = service, adjSource = ProcessRecord{ca995cd 21162:com.xingin.xhs/u0a489}
12-03 09:05:59.267 D/ActivityManager( 2123): sync unfroze 24803 com.xingin.xhs:longlinkNew for 1
12-03 09:05:59.272 V/WindowManagerShell( 2655): onTransitionReady(transaction=9118217925615)
12-03 09:05:59.272 V/WindowManagerShell( 2655): onTransitionReady (#34522) android.os.BinderProxy@b317ecc: {id=34522 t=TO_FRONT f=0x0 trk=0 r=[0@Point(0, 0)] c=[{WCT{android.window.IWindowContainerToken$Stub$Proxy@89049d0} m=TO_FRONT f=MOVE_TO_TOP pTaskId=-1 leash=Surface(name=Task=89542)/@0xe8411cd sb=Rect(0, 0 - 1080, 2640) eb=Rect(0, 0 - 1080, 2640) d=0 taskParent=-1},{WCT{android.window.IWindowContainerToken$Stub$Proxy@2ccfdc9} m=TO_BACK f=SHOW_WALLPAPER pTaskId=-1 leash=Surface(name=Task=1)/@0xd363a82 sb=Rect(0, 0 - 1080, 2640) eb=Rect(0, 0 - 1080, 2640) d=0 taskParent=-1}]}
12-03 09:05:59.273 V/WindowManagerShell( 2655): Playing animation for (#34522) android.os.BinderProxy@b317ecc@0
12-03 09:05:59.273 V/WindowManagerShell( 2655):  try firstHandler com.android.wm.shell.transition.DefaultMixedHandler@f5edfb8
12-03 09:05:59.273 V/WindowManagerShell( 2655): Mixed transition for opening an intent with a remote transition and PIP #34522
12-03 09:05:59.273 V/WindowManagerShell( 2655):  Delegate animation for (#34522) to RemoteTransition { remoteTransition = android.window.IRemoteTransition$Stub$Proxy@3bc9e1b, appThread = android.app.IApplicationThread$Stub$Proxy@35dbbb8, debugName = QuickstepLaunch }
12-03 09:05:59.274 V/WindowManagerShell( 2655):  animated by firstHandler
12-03 09:05:59.277 V/WindowManager( 2123): Sent Transition (#34522) createdAt=12-03 09:05:59.206 via request=TransitionRequestInfo { type = TO_FRONT, triggerTask = TaskInfo{userId=0 taskId=89542 displayId=0 isRunning=true baseIntent=Intent { act=android.intent.action.MAIN cat=[android.intent.category.LAUNCHER] flg=0x10200000 cmp=com.xingin.xhs/.index.v2.IndexActivityV2 } baseActivity=ComponentInfo{com.xingin.xhs/com.xingin.xhs.index.v2.IndexActivityV2} topActivity=ComponentInfo{com.xingin.xhs/com.xingin.im.ui.activity.ChatActivity} origActivity=null realActivity=ComponentInfo{com.xingin.xhs/com.xingin.xhs.index.v2.IndexActivityV2} numActivities=2 lastActiveTime=940819755 supportsMultiWindow=true supportsGlobalFreeform=true resizeMode=2 isResizeable=true isAppLocked=false isShowDecorCaptionWindowRequest=false canKillAndRestart=true minWidth=-1 minHeight=-1 defaultMinSize=200 token=WCT{RemoteToken{9b2a257 Task{8ad41a3 #89542 type=standard A=10489:com.xingin.xhs}}} topActivityType=1 pictureInPictureParams=null shouldDockBigOverlays=false launchIntoPipHostTaskId=-1 lastParentTaskIdBeforePip=-1 displayCutoutSafeInsets=Rect(0, 108 - 0, 0) topActivityInfo=ActivityInfo{6c96bbb com.xingin.im.ui.activity.ChatActivity} launchCookies=[] positionInParent=Point(0, 0) parentTaskId=-1 isFocused=false isVisible=false isVisibleRequested=false isSleeping=false locusId=null displayAreaFeatureId=1 isTopActivityTransparent=false appCompatTaskInfo=AppCompatTaskInfo { topActivityInSizeCompat=false topActivityEligibleForLetterboxEducation= falseisLetterboxEducationEnabled= false isLetterboxDoubleTapEnabled= false topActivityEligibleForUserAspectRatioButton= false topActivityBoundsLetterboxed= false isFromLetterboxDoubleTap= false topActivityLetterboxVerticalPosition= -1 topActivityLetterboxHorizontalPosition= -1 topActivityLetterboxWidth=1080 topActivityLetterboxHeight=2640 isUserFullscreenOverrideEnabled=false isSystemFullscreenOverrideEnabled=false cameraCompatTaskInfo=CameraCompatTaskInfo { cameraCompatControlState=hidden freeformCameraCompatMode=inactive}}}, pipTask = null, remoteTransition = RemoteTransition { remoteTransition = android.window.IRemoteTransition$Stub$Proxy@dc501b9, appThread = android.app.IApplicationThread$Stub$Proxy@17e49fe, debugName = QuickstepLaunch }, displayChange = null, flags = 0, debugId = 34522 }
12-03 09:05:59.278 V/WindowManager( 2123):     startWCT=WindowContainerTransaction { changes = {} hops = [] errorCallbackToken=null taskFragmentOrganizer=null }
12-03 09:05:59.278 V/WindowManager( 2123):     info={id=34522 t=TO_FRONT f=0x0 trk=0 r=[0@Point(0, 0)] c=[
12-03 09:05:59.278 V/WindowManager( 2123):         {WCT{RemoteToken{9b2a257 Task{8ad41a3 #89542 type=standard A=10489:com.xingin.xhs}}} m=TO_FRONT f=MOVE_TO_TOP pTaskId=-1 leash=Surface(name=Task=89542)/@0x913480 sb=Rect(0, 0 - 1080, 2640) eb=Rect(0, 0 - 1080, 2640) d=0 taskParent=-1},
12-03 09:05:59.278 V/WindowManager( 2123):         {WCT{RemoteToken{6e97f34 Task{302f1cc #1 type=undefined}}} m=TO_BACK f=SHOW_WALLPAPER pTaskId=-1 leash=Surface(name=Task=1)/@0xe6067f1 sb=Rect(0, 0 - 1080, 2640) eb=Rect(0, 0 - 1080, 2640) d=0 taskParent=-1}
12-03 09:05:59.278 V/WindowManager( 2123):     ]}
12-03 09:05:59.280 I/DisplayDeviceRepository( 2123): Display device changed render timings: "Built-in Screen", renderFrameRate=90.0, presentationDeadlineNanos=16700000, appVsyncOffsetNanos=1033333
12-03 09:05:59.282 D/BrightnessThermalClamper( 2123): Thermal status observer already started
12-03 09:05:59.283 D/CLI/Transition( 2123): displaygroup 0, state ON, pendingdisplaygroup {}
12-03 09:05:59.283 D/DisplayManagerService( 2123): Ignore redundant display event 0/2 to 10349/8695
12-03 09:05:59.283 D/DisplayManagerService( 2123): Ignore redundant display event 0/2 to 10480/16554
12-03 09:05:59.284 D/DisplayManagerService( 2123): Ignore redundant display event 0/2 to 10479/23732
12-03 09:05:59.292 W/UserManagerService( 2123): Requested status bar icon for non-badged user 0
12-03 09:05:59.313 D/addPss  ( 2123): tracker=ProcessState{88d760c com.google.android.cellbroadcastreceiver/10436 pkg=com.google.android.cellbroadcastreceiver}
12-03 09:05:59.316 D/addPss  ( 2123): tracker=ProcessState{7cf0c2c com.motorola.moto/10269 pkg=com.motorola.moto}
12-03 09:05:59.361 D/ActivityManager( 2123): unfreezing ProcessRecord{75f62cf 23752:com.motorola.dolby.dolbyui/u0a203}, reason = unfreezeTemporarily, adj = 945, adjType = cch-empty, adjSource = null
12-03 09:05:59.364 D/ActivityManager( 2123): sync unfroze 23752 com.motorola.dolby.dolbyui for 3
12-03 09:05:59.387 D/CompatChangeReporter( 2123): Compat change id reported: 151861875; UID 10489; state: ENABLED
12-03 09:05:59.395 I/ActivityManager( 2123): appDiedLocked: app=ProcessRecord{d14879e 23732:xyz.blueskyweb.app/u0a479} thread=android.os.BinderProxy@d70cd2f fromBinderDied=true isKilledByAm=true reason=null
12-03 09:05:59.396 D/RestartModeController( 2123): markWaitRestartAppIsSuicided null processName=xyz.blueskyweb.app
12-03 09:05:59.397 D/DisplayManagerService( 2123): Drop pending events for gone uid 10479
12-03 09:05:59.397 I/WindowManager( 2123): WIN DEATH: Window{a7db60a u0 xyz.blueskyweb.app/xyz.blueskyweb.app.MainActivity}
12-03 09:05:59.409 D/ActivityTaskManager( 2123): handleAppDied: uid=10479,diedCount=1,lastDiedTime=744619623,forceStopUids=false
12-03 09:05:59.410 W/ActivityManager( 2123): setHasOverlayUi called on unknown pid: 23732
12-03 09:05:59.413 D/addPss  ( 2123): tracker=ProcessState{2274c2a com.motorola.securityhub/10412 pkg=com.motorola.securityhub}
12-03 09:05:59.434 D/addPss  ( 2123): tracker=ProcessState{24333f0 com.ironsrc.aura.appmanager.tmo/10354 pkg=com.ironsrc.aura.appmanager.tmo}
12-03 09:05:59.435 W/MotoBatteryCareService( 2123): uid: 10489 pkgName:com.xingin.xhs come to foreground
12-03 09:05:59.441 W/ActivityManager( 2123): Slow operation: 53ms so far, now at startProcess: returned from zygote!
12-03 09:05:59.444 W/ActivityManager( 2123): Slow operation: 56ms so far, now at startProcess: done updating battery stats
12-03 09:05:59.444 W/ActivityManager( 2123): Slow operation: 56ms so far, now at startProcess: building log message
12-03 09:05:59.444 I/ActivityManager( 2123): Start proc 25276:com.xingin.xhs:simplePush/u0a489 for service {com.xingin.xhs/com.xingin.xhs.push.simple.component.service.SimplePushService}
12-03 09:05:59.444 W/ActivityManager( 2123): Slow operation: 56ms so far, now at startProcess: starting to update pids map
12-03 09:05:59.458 W/UsageStatsService( 2123): Unexpected activity event reported! (xyz.blueskyweb.app/xyz.blueskyweb.app.MainActivity event : 23 instanceId : 267818347)
12-03 09:05:59.460 W/ActivityManager( 2123): Slow operation: 72ms so far, now at startProcess: done updating pids map
12-03 09:05:59.496 D/RichTapVibratorService( 2123): none richtap effect, do nothing!!
12-03 09:05:59.497 D/RichTapVibrationHelper( 2123): Not do stop!!
12-03 09:05:59.498 D/RichTapVibratorService( 2123): perform richtap vibrator
12-03 09:05:59.502 D/RichTapVibratorService( 2123): aac richtap perform timeout:20
12-03 09:05:59.508 V/WindowManagerShell( 2655): Transition animation finished (aborted=false), notifying core (#34522) android.os.BinderProxy@b317ecc@0
12-03 09:05:59.511 V/WindowManagerShell( 2655): Track 0 became idle
12-03 09:05:59.511 V/WindowManagerShell( 2655): All active transition animations finished
12-03 09:05:59.521 W/UserManagerService( 2123): Requested status bar icon for non-badged user 0
12-03 09:05:59.522 V/WindowManager( 2123): Finish Transition (#34522): created at 12-03 09:05:59.206 collect-started=0.033ms request-sent=3.159ms started=46.323ms ready=46.297ms sent=64.718ms finished=303.259ms
12-03 09:05:59.523 W/UserManagerService( 2123): Requested status bar icon for non-badged user 0
12-03 09:05:59.580 I/DreamManagerService( 2123): awaken by com.android.systemui callingUid=10429 callingPid=2655
12-03 09:05:59.580 V/PowerManager( 2123): userActivity when=744698472 event=0 flags=0 displayId=0 by (android) callers=android.os.PowerManager.userActivity:1487 com.android.server.dreams.DreamManagerService.requestAwakenInternal:496 com.android.server.dreams.DreamManagerService.-$$Nest$mrequestAwakenInternal:0 
12-03 09:05:59.596 I/WindowManager( 2123): awakenDreams callers=com.android.server.policy.PhoneWindowManager.startDockOrHome:9162 com.android.server.policy.PhoneWindowManager.startDockOrHome:9196 com.android.server.policy.PhoneWindowManager.launchHomeFromHotKey:6039 com.android.server.policy.PhoneWindowManager.launchHomeFromHotKey:5991 com.android.server.policy.PhoneWindowManager.handleShortPressOnHome:2625 
12-03 09:05:59.596 I/DreamManagerService( 2123): awaken by com.android.providers.settings callingUid=1000 callingPid=2123
12-03 09:05:59.596 V/PowerManager( 2123): userActivity when=744698487 event=0 flags=0 displayId=0 by (android) callers=android.os.PowerManager.userActivity:1487 com.android.server.dreams.DreamManagerService.requestAwakenInternal:496 com.android.server.dreams.DreamManagerService.-$$Nest$mrequestAwakenInternal:0 
12-03 09:05:59.599 W/ActivityTaskManager( 2123): callingPackage for (uid=-1, pid=0) has no WPC
12-03 09:05:59.600 D/ActivityTaskManager( 2123): getPreferredLaunchDisplay userset_displayid true user set display id 0, current focus display 0
12-03 09:05:59.600 W/ActivityStartInterceptor( 2123): Starting home with component specified, uid=0
12-03 09:05:59.601 I/SettingsAccessControlPolicy( 2123): isDeviceSettingsChangeDisabled: value -> false
12-03 09:05:59.602 W/OptProp ( 2123): Cannot read opt property android.window.PROPERTY_COMPAT_ALLOW_ORIENTATION_OVERRIDE
12-03 09:05:59.603 W/OptProp ( 2123): Cannot read opt property android.window.PROPERTY_COMPAT_ALLOW_RESIZEABLE_ACTIVITY_OVERRIDES
12-03 09:05:59.603 W/OptProp ( 2123): Cannot read opt property android.window.PROPERTY_COMPAT_ALLOW_MIN_ASPECT_RATIO_OVERRIDE
12-03 09:05:59.604 D/ActivityTaskManager( 2123): getPreferredLaunchDisplay userset_displayid true user set display id 0, current focus display 0
12-03 09:05:59.604 D/ActivityTaskManager( 2123): getPreferredLaunchDisplay userset_displayid true user set display id 0, current focus display 0
12-03 09:05:59.604 D/ActivityTaskManager( 2123): getPreferredLaunchDisplay userset_displayid true user set display id 0, current focus display 0
12-03 09:05:59.604 D/ActivityTaskManager( 2123): getPreferredLaunchDisplay userset_displayid true user set display id 0, current focus display 0
12-03 09:05:59.604 D/ActivityTaskManager( 2123): getPreferredLaunchDisplay userset_displayid true user set display id 0, current focus display 0
12-03 09:05:59.604 D/ActivityTaskManager( 2123): getPreferredLaunchDisplay userset_displayid true user set display id 0, current focus display 0
12-03 09:05:59.611 V/WindowManagerShell( 2655): Transition requested (#34523): android.os.BinderProxy@98a083d TransitionRequestInfo { type = OPEN, triggerTask = TaskInfo{userId=0 taskId=86437 displayId=0 isRunning=true baseIntent=Intent { act=android.intent.action.MAIN cat=[android.intent.category.HOME] flg=0x10000100 cmp=com.motorola.launcher3/com.android.launcher3.CustomizationPanelLauncher } baseActivity=ComponentInfo{com.motorola.launcher3/com.android.launcher3.uioverrides.QuickstepLauncher} topActivity=ComponentInfo{com.motorola.launcher3/com.android.launcher3.uioverrides.QuickstepLauncher} origActivity=ComponentInfo{com.motorola.launcher3/com.android.launcher3.CustomizationPanelLauncher} realActivity=ComponentInfo{com.motorola.launcher3/com.android.launcher3.uioverrides.QuickstepLauncher} numActivities=1 lastActiveTime=940887960 supportsMultiWindow=true supportsGlobalFreeform=true resizeMode=2 isResizeable=true isAppLocked=false isShowDecorCaptionWindowRequest=false canKillAndRestart=false minWidth=-1 minHeight=-1 defaultMinSize=200 token=WCT{android.window.IWindowContainerToken$Stub$Proxy@a764832} topActivityType=2 pictureInPictureParams=null shouldDockBigOverlays=false launchIntoPipHostTaskId=-1 lastParentTaskIdBeforePip=-1 displayCutoutSafeInsets=null topActivityInfo=ActivityInfo{7082983 com.android.launcher3.CustomizationPanelLauncher} launchCookies=[] positionInParent=Point(0, 0) parentTaskId=-1 isFocused=true isVisible=false isVisibleRequested=true isSleeping=false locusId=LocusId[17_chars] displayAreaFeatureId=1 isTopActivityTransparent=false appCompatTaskInfo=AppCompatTaskInfo { topActivityInSizeCompat=false topActivityEligibleForLetterboxEducation= falseisLetterboxEducationEnabled= false isLetterboxDoubleTapEnabled= false topActivityEligibleForUserAspectRatioButton= false topActivityBoundsLetterboxed= false isFromLetterboxDoubleTap= false topActivityLetterboxVerticalPosition= -1 topActivityLetterboxHorizontalPosition= -1 topActivityLetterboxWidth=1080 topActivityLetterboxHeight=2640 isUserFullscreenOverrideEnabled=false isSystemFullscreenOverrideEnabled=false cameraCompatTaskInfo=CameraCompatTaskInfo { cameraCompatControlState=hidden freeformCameraCompatMode=inactive}}}, pipTask = null, remoteTransition = null, displayChange = null, flags = 0, debugId = 34523 }
12-03 09:05:59.612 I/ActivityTaskManager( 2123): START u0 {act=android.intent.action.MAIN cat=[android.intent.category.HOME] flg=0x10000100 cmp=com.motorola.launcher3/com.android.launcher3.CustomizationPanelLauncher (has extras)} with LAUNCH_SINGLE_TASK from uid 0 (startHomeActivity: startDockOrHome:0:0:0) (BAL_ALLOW_ALLOWLISTED_UID) result code=2
12-03 09:05:59.613 D/WindowManagerShell( 2655): onKeepClearAreasChanged: restricted={Rect(43, 2048 - 1037, 2360)}, unrestricted={}
12-03 09:05:59.614 W/MotoBatteryCareService( 2123): uid: 10398 pkgName:com.motorola.launcher3 come to foreground
12-03 09:05:59.633 V/WindowManagerShell( 2655): onTransitionReady(transaction=9118217925639)
